============================= test session starts =============================
platform win32 -- Python 3.11.0rc2, pytest-9.0.3, pluggy-1.6.0
benchmark: 5.2.3 (defaults: timer=time.perf_counter disable_gc=False min_rounds=5 min_time=0.000005 max_time=1.0 calibration_precision=10 warmup=False warmup_iterations=100000)
rootdir: C:\Users\Lenovo\Desktop\鐏靛鍒堕€狅紙涓婄嚎鐗堬級
configfile: pytest.ini
plugins: anyio-4.13.0, Faker-40.15.0, langsmith-0.8.4, asyncio-1.3.0, benchmark-5.2.3, cov-4.1.0, html-4.2.0, metadata-3.1.1, mock-3.15.1, respx-0.23.1, typeguard-4.5.2
asyncio: mode=Mode.STRICT, debug=False, asyncio_default_fixture_loop_scope=None, asyncio_default_test_loop_scope=function
collected 2949 items

tests\api\test_agent_gateway.py EEEEEEEEEEEEEEEEE                        [  0%]
tests\api\test_auth_endpoints.py ..................F                     [  1%]
tests\api\test_auth_register.py ...............                          [  1%]
tests\api\test_jobs.py EEEEEEEEEEEEE                                     [  2%]
tests\api\test_lnn.py EEEEEEEEEEEEEEEEEEE                                [  2%]
tests\api\test_main_routes.py EEEEEEEEEEEEEEEEEE                         [  3%]
tests\api\test_ollama.py EE                                              [  3%]
tests\api\test_rag.py EEEEEE                                             [  3%]
tests\api\test_user_sovereignty.py EEEEEEEEEEEEEEE                       [  4%]
tests\api\test_wear_prediction.py EEEEEEEEEEE                            [  4%]
tests\ijepa_3d\test_3d_reconstruction_accuracy.py EEEEEE...              [  4%]
tests\ijepa_3d\test_feature_point_detection.py EEEEEE...                 [  5%]
tests\ijepa_3d\test_few_shot_learning.py .EEEEEE..                       [  5%]
tests\ijepa_3d\test_occlusion_robustness.py FFEEE..                      [  5%]
tests\integration\test_e2e_latency.py .s.....ss..                        [  6%]
tests\integration\test_fault_recovery.py ........sss                     [  6%]
tests\integration\test_machining_workflow.py .....F.......               [  6%]
tests\integration\test_resource_usage.py ........                        [  7%]
tests\integration\test_scenario1_3view_to_nc.py s.ss..ss.s....ss......   [  7%]
tests\integration\test_scenario2_realtime_monitoring.py ......s.s....... [  8%]
...                                                                      [  8%]
tests\integration\test_scenario3_process_consultation.py ss.........s..s [  9%]
..                                                                       [  9%]
tests\integration\test_success_rate.py ...........                       [  9%]
tests\integration\test_unified_embedding.py ........                     [  9%]
tests\lnn\test_lnn_benchmark.py FFF                                      [  9%]
tests\lnn\test_lnn_convergence.py FFF                                    [ 10%]
tests\lnn\test_lnn_cross_validation.py FFF                               [ 10%]
tests\lnn\test_prediction_distribution.py FFF                            [ 10%]
tests\lnn\test_residual_analysis.py FFF                                  [ 10%]
tests\process_understanding\test_knowledge_retrieval.py ..............   [ 10%]
tests\process_understanding\test_llm_consistency.py ........             [ 11%]
tests\process_understanding\test_llm_response_time.py ..........         [ 11%]
tests\process_understanding\test_solution_quality.py ............        [ 11%]
tests\process_understanding\test_task_classification.py ..........       [ 12%]
tests\regression\test_gcode_baseline.py ...FF.......FFFF                 [ 12%]
tests\rules\test_rule_audit_logging.py .........                         [ 12%]
tests\rules\test_rule_boundary_conditions.py ......................      [ 13%]
tests\rules\test_rule_conflict_detection.py .....                        [ 13%]
tests\rules\test_rule_coverage.py ..........                             [ 14%]
tests\rules\test_rule_response_time.py ....                              [ 14%]
tests\rules\test_safety_expression_evaluator.py ........................ [ 15%]
........................................................................ [ 17%]
............................                                             [ 18%]
tests\test_agent_persistence.py ........................................ [ 19%]
........                                                                 [ 20%]
tests\test_alignment_loss.py FFFFFFFFFFFFFFFFF.....F...F..               [ 21%]
tests\test_async_task_system.py .........FFFFF.....F...F....             [ 22%]
tests\test_atomic_checkout.py .......................................... [ 23%]
.........                                                                [ 23%]
tests\test_attention_visualization.py FFFFFFFFFFFFFEEEEEEEEE             [ 24%]
tests\test_benchmarks.py ...................................             [ 25%]
tests\test_conflict_detector.py ........................                 [ 26%]
tests\test_core_utils.py ..................................              [ 27%]
tests\test_cors_config.py .......................................        [ 29%]
tests\test_counterfactual_reasoning.py EEEEEEE.                          [ 29%]
tests\test_data_edge_cases.py ....................................       [ 30%]
tests\test_data_pipeline_integrity.py ....................FF.            [ 31%]
tests\test_data_split.py ...............                                 [ 31%]
tests\test_database.py .........F....................................... [ 33%]
.                                                                        [ 33%]
tests\test_dataset_cache.py ................................             [ 34%]
tests\test_dxf_module.py ..............................                  [ 35%]
tests\test_error_handling_e2e.py ............                            [ 36%]
tests\test_error_taxonomy.py ........................................... [ 37%]
..................F...F......F.                                          [ 38%]
tests\test_exception_handlers.py ............................            [ 39%]
tests\test_exceptions.py .........................................       [ 40%]
tests\test_experience_store.py ......................................... [ 42%]
...                                                                      [ 42%]
tests\test_functional_scenarios.py ...........                           [ 42%]
tests\test_fusion_ablation.py EEEEEEEE                                   [ 43%]
tests\test_fusion_quality.py EEEEEEE                                     [ 43%]
tests\test_goal_alignment_system.py .................................... [ 44%]
.....                                                                    [ 44%]
tests\test_goal_chain_functionality.py ..........................        [ 45%]
tests\test_gpu_budget_system.py ..............................           [ 46%]
tests\test_heartbeat_system.py FFFFFFFF                                  [ 46%]
tests\test_input_validator.py .......................................... [ 48%]
....................................................................     [ 50%]
tests\test_json_repository.py ...F...................................    [ 51%]
tests\test_log_sanitizer.py ..............F......F...............F.      [ 53%]
tests\test_logging_config.py ..F...FFFFFFFFF....                         [ 53%]
tests\test_model_benchmark.py FFFFF..                                    [ 54%]
tests\test_model_cache.py EEEEEEEEEEEEEEEEEEEEEEEEEEEEE                  [ 55%]
tests\test_models_validation.py ........................................ [ 56%]
...........................                                              [ 57%]
tests\test_multi_step_planning.py EEEEEEEEEEE                            [ 57%]
tests\test_perf_benchmark.py ................F....................FFF    [ 59%]
tests\test_permission_enforced.py ...................................... [ 60%]
................                                                         [ 60%]
tests\test_permissions.py ..........F...F........................F.      [ 62%]
tests\test_pipeline_performance.py ....F......F.                         [ 62%]
tests\test_planning_efficiency.py EEEEEE                                 [ 62%]
tests\test_planning_robustness.py .EEEEEEE                               [ 63%]
tests\test_postprocessor.py .F..F.F.......FF..F..F....F.........FFF..... [ 64%]
..F.F.......FFF...F....F..F....FF.F...........FFFF.F                     [ 66%]
tests\test_process_planning.py ......................................    [ 67%]
tests\test_project_management.py ..................................      [ 68%]
tests\test_rbac_permissions.py ...............................FFFF..FF.. [ 70%]
..                                                                       [ 70%]
tests\test_request_id.py ................                                [ 70%]
tests\test_response.py ......F............................               [ 72%]
tests\test_rule_api.py ......................                            [ 72%]
tests\test_rule_editor.py ......................................         [ 74%]
tests\test_simulation.py ........................F.F.........F......     [ 75%]
tests\test_skill_injection.py .......................................... [ 77%]
.....................                                                    [ 77%]
tests\test_skill_injection_functional.py ............................... [ 78%]
.......                                                                  [ 79%]
tests\test_sse_training.py .....................                         [ 79%]
tests\test_step_import.py ...........................................F.. [ 81%]
.........                                                                [ 81%]
tests\test_step_import_e2e.py FFEF                                       [ 81%]
tests\test_voxel_simulation.py ......................................... [ 83%]
..........                                                               [ 83%]
tests\test_workflow_and_config.py ...................................... [ 84%]
............................                                             [ 85%]
tests\test_world_model_single_step.py ..EEEEEE..                         [ 86%]
tests\unit\test_audit_log.py .................                           [ 86%]
tests\unit\test_cross_layer_retrieval.py ............                    [ 87%]
tests\unit\test_embedding_consistency.py ................                [ 87%]
tests\unit\test_geometry_operations.py .........................         [ 88%]
tests\unit\test_interface_contract.py .................................. [ 89%]
.................                                                        [ 90%]
tests\unit\test_middleware_benchmark.py ......                           [ 90%]
tests\unit\test_models.py .................                              [ 90%]
tests\unit\test_postprocessor.py ......FFFF.....FF.FFFFF.....FF.FFF.FF.. [ 92%]
..FFF                                                                    [ 92%]
tests\unit\test_response.py .........                                    [ 92%]
tests\unit\test_ring_buffer.py ..................                        [ 93%]
tests\unit\test_security_headers_middleware.py .......                   [ 93%]
tests\unit\test_unified_auth_access_log.py ..........                    [ 93%]
tests\unit\test_unified_auth_helpers.py ...F............................ [ 95%]
.........................................                                [ 96%]
tests\unit\test_unified_auth_middleware.py ............................. [ 97%]
...                                                                      [ 97%]
tests\validation\test_validation.py .................................... [ 98%]
......................................                                   [100%]

=================================== ERRORS ====================================
________ ERROR at setup of TestAgentHealth.test_health_returns_healthy ________
file C:\Users\Lenovo\Desktop\鐏靛鍒堕€狅紙涓婄嚎鐗堬級\python\tests\api\test_agent_gateway.py, line 9
      def test_health_returns_healthy(self, client):
E       fixture 'client' not found
>       available fixtures: _class_scoped_runner, _env_setup, _function_scoped_runner, _module_scoped_runner, _package_scoped_runner, _session_faker, _session_scoped_runner, anomaly_sensor_stream, anyio_backend, anyio_backend_name, anyio_backend_options, benchmark, benchmark_gcode_tolerance, benchmark_weave, capfd, capfdbinary, caplog, capsys, capsysbinary, capteesys, class_mocker, cov, doctest_namespace, event_loop_policy, extra, extras, faker, free_tcp_port, free_tcp_port_factory, free_udp_port, free_udp_port_factory, high_precision_timer, include_metadata_in_junit_xml, it8_tolerance_data, machining_params_steel, machining_params_tc4, material_aluminum_6061, material_steel_45, material_tc4, metadata, mocker, module_mocker, monkeypatch, nc_validation_rules, no_cover, normal_sensor_stream, package_mocker, performance_timer, production_batch_100, pytestconfig, record_property, record_testsuite_property, record_xml_attribute, recwarn, respx_mock, risk_assessment_template, sample_circle, sample_gcode_fanuc, sample_gcode_heidenhain, sample_gcode_siemens, sample_polygon_square, sample_polygon_triangle, sample_process_card, session_mocker, standard_3view_images, subtests, temp_dir, test_report_collector, tmp_path, tmp_path_factory, tmpdir, tmpdir_factory, unused_tcp_port, unused_tcp_port_factory, unused_udp_port, unused_udp_port_factory
>       use 'pytest --fixtures [testpath]' for help on them.

C:\Users\Lenovo\Desktop\鐏靛鍒堕€狅紙涓婄嚎鐗堬級\python\tests\api\test_agent_gateway.py:9
_ ERROR at setup of TestAgentHealth.test_health_models_registered_is_non_negative _
file C:\Users\Lenovo\Desktop\鐏靛鍒堕€狅紙涓婄嚎鐗堬級\python\tests\api\test_agent_gateway.py, line 17
      def test_health_models_registered_is_non_negative(self, client):
E       fixture 'client' not found
>       available fixtures: _class_scoped_runner, _env_setup, _function_scoped_runner, _module_scoped_runner, _package_scoped_runner, _session_faker, _session_scoped_runner, anomaly_sensor_stream, anyio_backend, anyio_backend_name, anyio_backend_options, benchmark, benchmark_gcode_tolerance, benchmark_weave, capfd, capfdbinary, caplog, capsys, capsysbinary, capteesys, class_mocker, cov, doctest_namespace, event_loop_policy, extra, extras, faker, free_tcp_port, free_tcp_port_factory, free_udp_port, free_udp_port_factory, high_precision_timer, include_metadata_in_junit_xml, it8_tolerance_data, machining_params_steel, machining_params_tc4, material_aluminum_6061, material_steel_45, material_tc4, metadata, mocker, module_mocker, monkeypatch, nc_validation_rules, no_cover, normal_sensor_stream, package_mocker, performance_timer, production_batch_100, pytestconfig, record_property, record_testsuite_property, record_xml_attribute, recwarn, respx_mock, risk_assessment_template, sample_circle, sample_gcode_fanuc, sample_gcode_heidenhain, sample_gcode_siemens, sample_polygon_square, sample_polygon_triangle, sample_process_card, session_mocker, standard_3view_images, subtests, temp_dir, test_report_collector, tmp_path, tmp_path_factory, tmpdir, tmpdir_factory, unused_tcp_port, unused_tcp_port_factory, unused_udp_port, unused_udp_port_factory
>       use 'pytest --fixtures [testpath]' for help on them.

C:\Users\Lenovo\Desktop\鐏靛鍒堕€狅紙涓婄嚎鐗堬級\python\tests\api\test_agent_gateway.py:17
_____ ERROR at setup of TestAgentModels.test_list_models_returns_success ______
file C:\Users\Lenovo\Desktop\鐏靛鍒堕€狅紙涓婄嚎鐗堬級\python\tests\api\test_agent_gateway.py, line 26
      def test_list_models_returns_success(self, client):
E       fixture 'client' not found
>       available fixtures: _class_scoped_runner, _env_setup, _function_scoped_runner, _module_scoped_runner, _package_scoped_runner, _session_faker, _session_scoped_runner, anomaly_sensor_stream, anyio_backend, anyio_backend_name, anyio_backend_options, benchmark, benchmark_gcode_tolerance, benchmark_weave, capfd, capfdbinary, caplog, capsys, capsysbinary, capteesys, class_mocker, cov, doctest_namespace, event_loop_policy, extra, extras, faker, free_tcp_port, free_tcp_port_factory, free_udp_port, free_udp_port_factory, high_precision_timer, include_metadata_in_junit_xml, it8_tolerance_data, machining_params_steel, machining_params_tc4, material_aluminum_6061, material_steel_45, material_tc4, metadata, mocker, module_mocker, monkeypatch, nc_validation_rules, no_cover, normal_sensor_stream, package_mocker, performance_timer, production_batch_100, pytestconfig, record_property, record_testsuite_property, record_xml_attribute, recwarn, respx_mock, risk_assessment_template, sample_circle, sample_gcode_fanuc, sample_gcode_heidenhain, sample_gcode_siemens, sample_polygon_square, sample_polygon_triangle, sample_process_card, session_mocker, standard_3view_images, subtests, temp_dir, test_report_collector, tmp_path, tmp_path_factory, tmpdir, tmpdir_factory, unused_tcp_port, unused_tcp_port_factory, unused_udp_port, unused_udp_port_factory
>       use 'pytest --fixtures [testpath]' for help on them.

C:\Users\Lenovo\Desktop\鐏靛鍒堕€狅紙涓婄嚎鐗堬級\python\tests\api\test_agent_gateway.py:26
______ ERROR at setup of TestAgentModels.test_list_models_total_matches _______
file C:\Users\Lenovo\Desktop\鐏靛鍒堕€狅紙涓婄嚎鐗堬級\python\tests\api\test_agent_gateway.py, line 35
      def test_list_models_total_matches(self, client):
E       fixture 'client' not found
>       available fixtures: _class_scoped_runner, _env_setup, _function_scoped_runner, _module_scoped_runner, _package_scoped_runner, _session_faker, _session_scoped_runner, anomaly_sensor_stream, anyio_backend, anyio_backend_name, anyio_backend_options, benchmark, benchmark_gcode_tolerance, benchmark_weave, capfd, capfdbinary, caplog, capsys, capsysbinary, capteesys, class_mocker, cov, doctest_namespace, event_loop_policy, extra, extras, faker, free_tcp_port, free_tcp_port_factory, free_udp_port, free_udp_port_factory, high_precision_timer, include_metadata_in_junit_xml, it8_tolerance_data, machining_params_steel, machining_params_tc4, material_aluminum_6061, material_steel_45, material_tc4, metadata, mocker, module_mocker, monkeypatch, nc_validation_rules, no_cover, normal_sensor_stream, package_mocker, performance_timer, production_batch_100, pytestconfig, record_property, record_testsuite_property, record_xml_attribute, recwarn, respx_mock, risk_assessment_template, sample_circle, sample_gcode_fanuc, sample_gcode_heidenhain, sample_gcode_siemens, sample_polygon_square, sample_polygon_triangle, sample_process_card, session_mocker, standard_3view_images, subtests, temp_dir, test_report_collector, tmp_path, tmp_path_factory, tmpdir, tmpdir_factory, unused_tcp_port, unused_tcp_port_factory, unused_udp_port, unused_udp_port_factory
>       use 'pytest --fixtures [testpath]' for help on them.

C:\Users\Lenovo\Desktop\鐏靛鍒堕€狅紙涓婄嚎鐗堬級\python\tests\api\test_agent_gateway.py:35
_ ERROR at setup of TestAgentModelInfo.test_nonexistent_model_returns_not_found _
file C:\Users\Lenovo\Desktop\鐏靛鍒堕€狅紙涓婄嚎鐗堬級\python\tests\api\test_agent_gateway.py, line 44
      def test_nonexistent_model_returns_not_found(self, client):
E       fixture 'client' not found
>       available fixtures: _class_scoped_runner, _env_setup, _function_scoped_runner, _module_scoped_runner, _package_scoped_runner, _session_faker, _session_scoped_runner, anomaly_sensor_stream, anyio_backend, anyio_backend_name, anyio_backend_options, benchmark, benchmark_gcode_tolerance, benchmark_weave, capfd, capfdbinary, caplog, capsys, capsysbinary, capteesys, class_mocker, cov, doctest_namespace, event_loop_policy, extra, extras, faker, free_tcp_port, free_tcp_port_factory, free_udp_port, free_udp_port_factory, high_precision_timer, include_metadata_in_junit_xml, it8_tolerance_data, machining_params_steel, machining_params_tc4, material_aluminum_6061, material_steel_45, material_tc4, metadata, mocker, module_mocker, monkeypatch, nc_validation_rules, no_cover, normal_sensor_stream, package_mocker, performance_timer, production_batch_100, pytestconfig, record_property, record_testsuite_property, record_xml_attribute, recwarn, respx_mock, risk_assessment_template, sample_circle, sample_gcode_fanuc, sample_gcode_heidenhain, sample_gcode_siemens, sample_polygon_square, sample_polygon_triangle, sample_process_card, session_mocker, standard_3view_images, subtests, temp_dir, test_report_collector, tmp_path, tmp_path_factory, tmpdir, tmpdir_factory, unused_tcp_port, unused_tcp_port_factory, unused_udp_port, unused_udp_port_factory
>       use 'pytest --fixtures [testpath]' for help on them.

C:\Users\Lenovo\Desktop\鐏靛鍒堕€狅紙涓婄嚎鐗堬級\python\tests\api\test_agent_gateway.py:44
_ ERROR at setup of TestAgentPredict.test_predict_nonexistent_model_returns_not_found _
file C:\Users\Lenovo\Desktop\鐏靛鍒堕€狅紙涓婄嚎鐗堬級\python\tests\api\test_agent_gateway.py, line 54
      def test_predict_nonexistent_model_returns_not_found(self, client):
E       fixture 'client' not found
>       available fixtures: _class_scoped_runner, _env_setup, _function_scoped_runner, _module_scoped_runner, _package_scoped_runner, _session_faker, _session_scoped_runner, anomaly_sensor_stream, anyio_backend, anyio_backend_name, anyio_backend_options, benchmark, benchmark_gcode_tolerance, benchmark_weave, capfd, capfdbinary, caplog, capsys, capsysbinary, capteesys, class_mocker, cov, doctest_namespace, event_loop_policy, extra, extras, faker, free_tcp_port, free_tcp_port_factory, free_udp_port, free_udp_port_factory, high_precision_timer, include_metadata_in_junit_xml, it8_tolerance_data, machining_params_steel, machining_params_tc4, material_aluminum_6061, material_steel_45, material_tc4, metadata, mocker, module_mocker, monkeypatch, nc_validation_rules, no_cover, normal_sensor_stream, package_mocker, performance_timer, production_batch_100, pytestconfig, record_property, record_testsuite_property, record_xml_attribute, recwarn, respx_mock, risk_assessment_template, sample_circle, sample_gcode_fanuc, sample_gcode_heidenhain, sample_gcode_siemens, sample_polygon_square, sample_polygon_triangle, sample_process_card, session_mocker, standard_3view_images, subtests, temp_dir, test_report_collector, tmp_path, tmp_path_factory, tmpdir, tmpdir_factory, unused_tcp_port, unused_tcp_port_factory, unused_udp_port, unused_udp_port_factory
>       use 'pytest --fixtures [testpath]' for help on them.

C:\Users\Lenovo\Desktop\鐏靛鍒堕€狅紙涓婄嚎鐗堬級\python\tests\api\test_agent_gateway.py:54
__ ERROR at setup of TestAgentPredict.test_predict_empty_input_returns_error __
file C:\Users\Lenovo\Desktop\鐏靛鍒堕€狅紙涓婄嚎鐗堬級\python\tests\api\test_agent_gateway.py, line 64
      def test_predict_empty_input_returns_error(self, client):
E       fixture 'client' not found
>       available fixtures: _class_scoped_runner, _env_setup, _function_scoped_runner, _module_scoped_runner, _package_scoped_runner, _session_faker, _session_scoped_runner, anomaly_sensor_stream, anyio_backend, anyio_backend_name, anyio_backend_options, benchmark, benchmark_gcode_tolerance, benchmark_weave, capfd, capfdbinary, caplog, capsys, capsysbinary, capteesys, class_mocker, cov, doctest_namespace, event_loop_policy, extra, extras, faker, free_tcp_port, free_tcp_port_factory, free_udp_port, free_udp_port_factory, high_precision_timer, include_metadata_in_junit_xml, it8_tolerance_data, machining_params_steel, machining_params_tc4, material_aluminum_6061, material_steel_45, material_tc4, metadata, mocker, module_mocker, monkeypatch, nc_validation_rules, no_cover, normal_sensor_stream, package_mocker, performance_timer, production_batch_100, pytestconfig, record_property, record_testsuite_property, record_xml_attribute, recwarn, respx_mock, risk_assessment_template, sample_circle, sample_gcode_fanuc, sample_gcode_heidenhain, sample_gcode_siemens, sample_polygon_square, sample_polygon_triangle, sample_process_card, session_mocker, standard_3view_images, subtests, temp_dir, test_report_collector, tmp_path, tmp_path_factory, tmpdir, tmpdir_factory, unused_tcp_port, unused_tcp_port_factory, unused_udp_port, unused_udp_port_factory
>       use 'pytest --fixtures [testpath]' for help on them.

C:\Users\Lenovo\Desktop\鐏靛鍒堕€狅紙涓婄嚎鐗堬級\python\tests\api\test_agent_gateway.py:64
_ ERROR at setup of TestAgentPredict.test_predict_non_numeric_input_returns_error _
file C:\Users\Lenovo\Desktop\鐏靛鍒堕€狅紙涓婄嚎鐗堬級\python\tests\api\test_agent_gateway.py, line 74
      def test_predict_non_numeric_input_returns_error(self, client):
E       fixture 'client' not found
>       available fixtures: _class_scoped_runner, _env_setup, _function_scoped_runner, _module_scoped_runner, _package_scoped_runner, _session_faker, _session_scoped_runner, anomaly_sensor_stream, anyio_backend, anyio_backend_name, anyio_backend_options, benchmark, benchmark_gcode_tolerance, benchmark_weave, capfd, capfdbinary, caplog, capsys, capsysbinary, capteesys, class_mocker, cov, doctest_namespace, event_loop_policy, extra, extras, faker, free_tcp_port, free_tcp_port_factory, free_udp_port, free_udp_port_factory, high_precision_timer, include_metadata_in_junit_xml, it8_tolerance_data, machining_params_steel, machining_params_tc4, material_aluminum_6061, material_steel_45, material_tc4, metadata, mocker, module_mocker, monkeypatch, nc_validation_rules, no_cover, normal_sensor_stream, package_mocker, performance_timer, production_batch_100, pytestconfig, record_property, record_testsuite_property, record_xml_attribute, recwarn, respx_mock, risk_assessment_template, sample_circle, sample_gcode_fanuc, sample_gcode_heidenhain, sample_gcode_siemens, sample_polygon_square, sample_polygon_triangle, sample_process_card, session_mocker, standard_3view_images, subtests, temp_dir, test_report_collector, tmp_path, tmp_path_factory, tmpdir, tmpdir_factory, unused_tcp_port, unused_tcp_port_factory, unused_udp_port, unused_udp_port_factory
>       use 'pytest --fixtures [testpath]' for help on them.

C:\Users\Lenovo\Desktop\鐏靛鍒堕€狅紙涓婄嚎鐗堬級\python\tests\api\test_agent_gateway.py:74
__ ERROR at setup of TestAgentPredict.test_predict_missing_field_returns_422 __
file C:\Users\Lenovo\Desktop\鐏靛鍒堕€狅紙涓婄嚎鐗堬級\python\tests\api\test_agent_gateway.py, line 85
      def test_predict_missing_field_returns_422(self, client):
E       fixture 'client' not found
>       available fixtures: _class_scoped_runner, _env_setup, _function_scoped_runner, _module_scoped_runner, _package_scoped_runner, _session_faker, _session_scoped_runner, anomaly_sensor_stream, anyio_backend, anyio_backend_name, anyio_backend_options, benchmark, benchmark_gcode_tolerance, benchmark_weave, capfd, capfdbinary, caplog, capsys, capsysbinary, capteesys, class_mocker, cov, doctest_namespace, event_loop_policy, extra, extras, faker, free_tcp_port, free_tcp_port_factory, free_udp_port, free_udp_port_factory, high_precision_timer, include_metadata_in_junit_xml, it8_tolerance_data, machining_params_steel, machining_params_tc4, material_aluminum_6061, material_steel_45, material_tc4, metadata, mocker, module_mocker, monkeypatch, nc_validation_rules, no_cover, normal_sensor_stream, package_mocker, performance_timer, production_batch_100, pytestconfig, record_property, record_testsuite_property, record_xml_attribute, recwarn, respx_mock, risk_assessment_template, sample_circle, sample_gcode_fanuc, sample_gcode_heidenhain, sample_gcode_siemens, sample_polygon_square, sample_polygon_triangle, sample_process_card, session_mocker, standard_3view_images, subtests, temp_dir, test_report_collector, tmp_path, tmp_path_factory, tmpdir, tmpdir_factory, unused_tcp_port, unused_tcp_port_factory, unused_udp_port, unused_udp_port_factory
>       use 'pytest --fixtures [testpath]' for help on them.

C:\Users\Lenovo\Desktop\鐏靛鍒堕€狅紙涓婄嚎鐗堬級\python\tests\api\test_agent_gateway.py:85
_ ERROR at setup of TestAgentTrain.test_train_missing_model_name_returns_422 __
file C:\Users\Lenovo\Desktop\鐏靛鍒堕€狅紙涓婄嚎鐗堬級\python\tests\api\test_agent_gateway.py, line 93
      def test_train_missing_model_name_returns_422(self, client):
E       fixture 'client' not found
>       available fixtures: _class_scoped_runner, _env_setup, _function_scoped_runner, _module_scoped_runner, _package_scoped_runner, _session_faker, _session_scoped_runner, anomaly_sensor_stream, anyio_backend, anyio_backend_name, anyio_backend_options, benchmark, benchmark_gcode_tolerance, benchmark_weave, capfd, capfdbinary, caplog, capsys, capsysbinary, capteesys, class_mocker, cov, doctest_namespace, event_loop_policy, extra, extras, faker, free_tcp_port, free_tcp_port_factory, free_udp_port, free_udp_port_factory, high_precision_timer, include_metadata_in_junit_xml, it8_tolerance_data, machining_params_steel, machining_params_tc4, material_aluminum_6061, material_steel_45, material_tc4, metadata, mocker, module_mocker, monkeypatch, nc_validation_rules, no_cover, normal_sensor_stream, package_mocker, performance_timer, production_batch_100, pytestconfig, record_property, record_testsuite_property, record_xml_attribute, recwarn, respx_mock, risk_assessment_template, sample_circle, sample_gcode_fanuc, sample_gcode_heidenhain, sample_gcode_siemens, sample_polygon_square, sample_polygon_triangle, sample_process_card, session_mocker, standard_3view_images, subtests, temp_dir, test_report_collector, tmp_path, tmp_path_factory, tmpdir, tmpdir_factory, unused_tcp_port, unused_tcp_port_factory, unused_udp_port, unused_udp_port_factory
>       use 'pytest --fixtures [testpath]' for help on them.

C:\Users\Lenovo\Desktop\鐏靛鍒堕€狅紙涓婄嚎鐗堬級\python\tests\api\test_agent_gateway.py:93
_ ERROR at setup of TestAgentGetTrain.test_get_nonexistent_job_returns_not_found _
file C:\Users\Lenovo\Desktop\鐏靛鍒堕€狅紙涓婄嚎鐗堬級\python\tests\api\test_agent_gateway.py, line 101
      def test_get_nonexistent_job_returns_not_found(self, client):
E       fixture 'client' not found
>       available fixtures: _class_scoped_runner, _env_setup, _function_scoped_runner, _module_scoped_runner, _package_scoped_runner, _session_faker, _session_scoped_runner, anomaly_sensor_stream, anyio_backend, anyio_backend_name, anyio_backend_options, benchmark, benchmark_gcode_tolerance, benchmark_weave, capfd, capfdbinary, caplog, capsys, capsysbinary, capteesys, class_mocker, cov, doctest_namespace, event_loop_policy, extra, extras, faker, free_tcp_port, free_tcp_port_factory, free_udp_port, free_udp_port_factory, high_precision_timer, include_metadata_in_junit_xml, it8_tolerance_data, machining_params_steel, machining_params_tc4, material_aluminum_6061, material_steel_45, material_tc4, metadata, mocker, module_mocker, monkeypatch, nc_validation_rules, no_cover, normal_sensor_stream, package_mocker, performance_timer, production_batch_100, pytestconfig, record_property, record_testsuite_property, record_xml_attribute, recwarn, respx_mock, risk_assessment_template, sample_circle, sample_gcode_fanuc, sample_gcode_heidenhain, sample_gcode_siemens, sample_polygon_square, sample_polygon_triangle, sample_process_card, session_mocker, standard_3view_images, subtests, temp_dir, test_report_collector, tmp_path, tmp_path_factory, tmpdir, tmpdir_factory, unused_tcp_port, unused_tcp_port_factory, unused_udp_port, unused_udp_port_factory
>       use 'pytest --fixtures [testpath]' for help on them.

C:\Users\Lenovo\Desktop\鐏靛鍒堕€狅紙涓婄嚎鐗堬級\python\tests\api\test_agent_gateway.py:101
_ ERROR at setup of TestAgentExecute.test_execute_missing_params_returns_422 __
file C:\Users\Lenovo\Desktop\鐏靛鍒堕€狅紙涓婄嚎鐗堬級\python\tests\api\test_agent_gateway.py, line 111
      def test_execute_missing_params_returns_422(self, client):
E       fixture 'client' not found
>       available fixtures: _class_scoped_runner, _env_setup, _function_scoped_runner, _module_scoped_runner, _package_scoped_runner, _session_faker, _session_scoped_runner, anomaly_sensor_stream, anyio_backend, anyio_backend_name, anyio_backend_options, benchmark, benchmark_gcode_tolerance, benchmark_weave, capfd, capfdbinary, caplog, capsys, capsysbinary, capteesys, class_mocker, cov, doctest_namespace, event_loop_policy, extra, extras, faker, free_tcp_port, free_tcp_port_factory, free_udp_port, free_udp_port_factory, high_precision_timer, include_metadata_in_junit_xml, it8_tolerance_data, machining_params_steel, machining_params_tc4, material_aluminum_6061, material_steel_45, material_tc4, metadata, mocker, module_mocker, monkeypatch, nc_validation_rules, no_cover, normal_sensor_stream, package_mocker, performance_timer, production_batch_100, pytestconfig, record_property, record_testsuite_property, record_xml_attribute, recwarn, respx_mock, risk_assessment_template, sample_circle, sample_gcode_fanuc, sample_gcode_heidenhain, sample_gcode_siemens, sample_polygon_square, sample_polygon_triangle, sample_process_card, session_mocker, standard_3view_images, subtests, temp_dir, test_report_collector, tmp_path, tmp_path_factory, tmpdir, tmpdir_factory, unused_tcp_port, unused_tcp_port_factory, unused_udp_port, unused_udp_port_factory
>       use 'pytest --fixtures [testpath]' for help on them.

C:\Users\Lenovo\Desktop\鐏靛鍒堕€狅紙涓婄嚎鐗堬級\python\tests\api\test_agent_gateway.py:111
_______ ERROR at setup of TestAgentAudit.test_audit_log_returns_success _______
file C:\Users\Lenovo\Desktop\鐏靛鍒堕€狅紙涓婄嚎鐗堬級\python\tests\api\test_agent_gateway.py, line 119
      def test_audit_log_returns_success(self, client):
E       fixture 'client' not found
>       available fixtures: _class_scoped_runner, _env_setup, _function_scoped_runner, _module_scoped_runner, _package_scoped_runner, _session_faker, _session_scoped_runner, anomaly_sensor_stream, anyio_backend, anyio_backend_name, anyio_backend_options, benchmark, benchmark_gcode_tolerance, benchmark_weave, capfd, capfdbinary, caplog, capsys, capsysbinary, capteesys, class_mocker, cov, doctest_namespace, event_loop_policy, extra, extras, faker, free_tcp_port, free_tcp_port_factory, free_udp_port, free_udp_port_factory, high_precision_timer, include_metadata_in_junit_xml, it8_tolerance_data, machining_params_steel, machining_params_tc4, material_aluminum_6061, material_steel_45, material_tc4, metadata, mocker, module_mocker, monkeypatch, nc_validation_rules, no_cover, normal_sensor_stream, package_mocker, performance_timer, production_batch_100, pytestconfig, record_property, record_testsuite_property, record_xml_attribute, recwarn, respx_mock, risk_assessment_template, sample_circle, sample_gcode_fanuc, sample_gcode_heidenhain, sample_gcode_siemens, sample_polygon_square, sample_polygon_triangle, sample_process_card, session_mocker, standard_3view_images, subtests, temp_dir, test_report_collector, tmp_path, tmp_path_factory, tmpdir, tmpdir_factory, unused_tcp_port, unused_tcp_port_factory, unused_udp_port, unused_udp_port_factory
>       use 'pytest --fixtures [testpath]' for help on them.

C:\Users\Lenovo\Desktop\鐏靛鍒堕€狅紙涓婄嚎鐗堬級\python\tests\api\test_agent_gateway.py:119
_____ ERROR at setup of TestAgentTokens.test_list_tokens_returns_success ______
file C:\Users\Lenovo\Desktop\鐏靛鍒堕€狅紙涓婄嚎鐗堬級\python\tests\api\test_agent_gateway.py, line 129
      def test_list_tokens_returns_success(self, client):
E       fixture 'client' not found
>       available fixtures: _class_scoped_runner, _env_setup, _function_scoped_runner, _module_scoped_runner, _package_scoped_runner, _session_faker, _session_scoped_runner, anomaly_sensor_stream, anyio_backend, anyio_backend_name, anyio_backend_options, benchmark, benchmark_gcode_tolerance, benchmark_weave, capfd, capfdbinary, caplog, capsys, capsysbinary, capteesys, class_mocker, cov, doctest_namespace, event_loop_policy, extra, extras, faker, free_tcp_port, free_tcp_port_factory, free_udp_port, free_udp_port_factory, high_precision_timer, include_metadata_in_junit_xml, it8_tolerance_data, machining_params_steel, machining_params_tc4, material_aluminum_6061, material_steel_45, material_tc4, metadata, mocker, module_mocker, monkeypatch, nc_validation_rules, no_cover, normal_sensor_stream, package_mocker, performance_timer, production_batch_100, pytestconfig, record_property, record_testsuite_property, record_xml_attribute, recwarn, respx_mock, risk_assessment_template, sample_circle, sample_gcode_fanuc, sample_gcode_heidenhain, sample_gcode_siemens, sample_polygon_square, sample_polygon_triangle, sample_process_card, session_mocker, standard_3view_images, subtests, temp_dir, test_report_collector, tmp_path, tmp_path_factory, tmpdir, tmpdir_factory, unused_tcp_port, unused_tcp_port_factory, unused_udp_port, unused_udp_port_factory
>       use 'pytest --fixtures [testpath]' for help on them.

C:\Users\Lenovo\Desktop\鐏靛鍒堕€狅紙涓婄嚎鐗堬級\python\tests\api\test_agent_gateway.py:129
_ ERROR at setup of TestAgentTokens.test_create_token_missing_fields_returns_422 _
file C:\Users\Lenovo\Desktop\鐏靛鍒堕€狅紙涓婄嚎鐗堬級\python\tests\api\test_agent_gateway.py, line 135
      def test_create_token_missing_fields_returns_422(self, client):
E       fixture 'client' not found
>       available fixtures: _class_scoped_runner, _env_setup, _function_scoped_runner, _module_scoped_runner, _package_scoped_runner, _session_faker, _session_scoped_runner, anomaly_sensor_stream, anyio_backend, anyio_backend_name, anyio_backend_options, benchmark, benchmark_gcode_tolerance, benchmark_weave, capfd, capfdbinary, caplog, capsys, capsysbinary, capteesys, class_mocker, cov, doctest_namespace, event_loop_policy, extra, extras, faker, free_tcp_port, free_tcp_port_factory, free_udp_port, free_udp_port_factory, high_precision_timer, include_metadata_in_junit_xml, it8_tolerance_data, machining_params_steel, machining_params_tc4, material_aluminum_6061, material_steel_45, material_tc4, metadata, mocker, module_mocker, monkeypatch, nc_validation_rules, no_cover, normal_sensor_stream, package_mocker, performance_timer, production_batch_100, pytestconfig, record_property, record_testsuite_property, record_xml_attribute, recwarn, respx_mock, risk_assessment_template, sample_circle, sample_gcode_fanuc, sample_gcode_heidenhain, sample_gcode_siemens, sample_polygon_square, sample_polygon_triangle, sample_process_card, session_mocker, standard_3view_images, subtests, temp_dir, test_report_collector, tmp_path, tmp_path_factory, tmpdir, tmpdir_factory, unused_tcp_port, unused_tcp_port_factory, unused_udp_port, unused_udp_port_factory
>       use 'pytest --fixtures [testpath]' for help on them.

C:\Users\Lenovo\Desktop\鐏靛鍒堕€狅紙涓婄嚎鐗堬級\python\tests\api\test_agent_gateway.py:135
_ ERROR at setup of TestAgentTokens.test_delete_nonexistent_token_returns_error _
file C:\Users\Lenovo\Desktop\鐏靛鍒堕€狅紙涓婄嚎鐗堬級\python\tests\api\test_agent_gateway.py, line 139
      def test_delete_nonexistent_token_returns_error(self, client):
E       fixture 'client' not found
>       available fixtures: _class_scoped_runner, _env_setup, _function_scoped_runner, _module_scoped_runner, _package_scoped_runner, _session_faker, _session_scoped_runner, anomaly_sensor_stream, anyio_backend, anyio_backend_name, anyio_backend_options, benchmark, benchmark_gcode_tolerance, benchmark_weave, capfd, capfdbinary, caplog, capsys, capsysbinary, capteesys, class_mocker, cov, doctest_namespace, event_loop_policy, extra, extras, faker, free_tcp_port, free_tcp_port_factory, free_udp_port, free_udp_port_factory, high_precision_timer, include_metadata_in_junit_xml, it8_tolerance_data, machining_params_steel, machining_params_tc4, material_aluminum_6061, material_steel_45, material_tc4, metadata, mocker, module_mocker, monkeypatch, nc_validation_rules, no_cover, normal_sensor_stream, package_mocker, performance_timer, production_batch_100, pytestconfig, record_property, record_testsuite_property, record_xml_attribute, recwarn, respx_mock, risk_assessment_template, sample_circle, sample_gcode_fanuc, sample_gcode_heidenhain, sample_gcode_siemens, sample_polygon_square, sample_polygon_triangle, sample_process_card, session_mocker, standard_3view_images, subtests, temp_dir, test_report_collector, tmp_path, tmp_path_factory, tmpdir, tmpdir_factory, unused_tcp_port, unused_tcp_port_factory, unused_udp_port, unused_udp_port_factory
>       use 'pytest --fixtures [testpath]' for help on them.

C:\Users\Lenovo\Desktop\鐏靛鍒堕€狅紙涓婄嚎鐗堬級\python\tests\api\test_agent_gateway.py:139
______ ERROR at setup of TestAgentTokens.test_revoke_all_returns_success ______
file C:\Users\Lenovo\Desktop\鐏靛鍒堕€狅紙涓婄嚎鐗堬級\python\tests\api\test_agent_gateway.py, line 145
      def test_revoke_all_returns_success(self, client):
E       fixture 'client' not found
>       available fixtures: _class_scoped_runner, _env_setup, _function_scoped_runner, _module_scoped_runner, _package_scoped_runner, _session_faker, _session_scoped_runner, anomaly_sensor_stream, anyio_backend, anyio_backend_name, anyio_backend_options, benchmark, benchmark_gcode_tolerance, benchmark_weave, capfd, capfdbinary, caplog, capsys, capsysbinary, capteesys, class_mocker, cov, doctest_namespace, event_loop_policy, extra, extras, faker, free_tcp_port, free_tcp_port_factory, free_udp_port, free_udp_port_factory, high_precision_timer, include_metadata_in_junit_xml, it8_tolerance_data, machining_params_steel, machining_params_tc4, material_aluminum_6061, material_steel_45, material_tc4, metadata, mocker, module_mocker, monkeypatch, nc_validation_rules, no_cover, normal_sensor_stream, package_mocker, performance_timer, production_batch_100, pytestconfig, record_property, record_testsuite_property, record_xml_attribute, recwarn, respx_mock, risk_assessment_template, sample_circle, sample_gcode_fanuc, sample_gcode_heidenhain, sample_gcode_siemens, sample_polygon_square, sample_polygon_triangle, sample_process_card, session_mocker, standard_3view_images, subtests, temp_dir, test_report_collector, tmp_path, tmp_path_factory, tmpdir, tmpdir_factory, unused_tcp_port, unused_tcp_port_factory, unused_udp_port, unused_udp_port_factory
>       use 'pytest --fixtures [testpath]' for help on them.

C:\Users\Lenovo\Desktop\鐏靛鍒堕€狅紙涓婄嚎鐗堬級\python\tests\api\test_agent_gateway.py:145
________ ERROR at setup of TestJobsList.test_list_jobs_returns_success ________
file C:\Users\Lenovo\Desktop\鐏靛鍒堕€狅紙涓婄嚎鐗堬級\python\tests\api\test_jobs.py, line 9
      def test_list_jobs_returns_success(self, client):
E       fixture 'client' not found
>       available fixtures: _class_scoped_runner, _env_setup, _function_scoped_runner, _module_scoped_runner, _package_scoped_runner, _session_faker, _session_scoped_runner, anomaly_sensor_stream, anyio_backend, anyio_backend_name, anyio_backend_options, benchmark, benchmark_gcode_tolerance, benchmark_weave, capfd, capfdbinary, caplog, capsys, capsysbinary, capteesys, class_mocker, cov, doctest_namespace, event_loop_policy, extra, extras, faker, free_tcp_port, free_tcp_port_factory, free_udp_port, free_udp_port_factory, high_precision_timer, include_metadata_in_junit_xml, it8_tolerance_data, machining_params_steel, machining_params_tc4, material_aluminum_6061, material_steel_45, material_tc4, metadata, mocker, module_mocker, monkeypatch, nc_validation_rules, no_cover, normal_sensor_stream, package_mocker, performance_timer, production_batch_100, pytestconfig, record_property, record_testsuite_property, record_xml_attribute, recwarn, respx_mock, risk_assessment_template, sample_circle, sample_gcode_fanuc, sample_gcode_heidenhain, sample_gcode_siemens, sample_polygon_square, sample_polygon_triangle, sample_process_card, session_mocker, standard_3view_images, subtests, temp_dir, test_report_collector, tmp_path, tmp_path_factory, tmpdir, tmpdir_factory, unused_tcp_port, unused_tcp_port_factory, unused_udp_port, unused_udp_port_factory
>       use 'pytest --fixtures [testpath]' for help on them.

C:\Users\Lenovo\Desktop\鐏靛鍒堕€狅紙涓婄嚎鐗堬級\python\tests\api\test_jobs.py:9
_____ ERROR at setup of TestJobsList.test_list_jobs_with_valid_task_type ______
file C:\Users\Lenovo\Desktop\鐏靛鍒堕€狅紙涓婄嚎鐗堬級\python\tests\api\test_jobs.py, line 18
      def test_list_jobs_with_valid_task_type(self, client):
E       fixture 'client' not found
>       available fixtures: _class_scoped_runner, _env_setup, _function_scoped_runner, _module_scoped_runner, _package_scoped_runner, _session_faker, _session_scoped_runner, anomaly_sensor_stream, anyio_backend, anyio_backend_name, anyio_backend_options, benchmark, benchmark_gcode_tolerance, benchmark_weave, capfd, capfdbinary, caplog, capsys, capsysbinary, capteesys, class_mocker, cov, doctest_namespace, event_loop_policy, extra, extras, faker, free_tcp_port, free_tcp_port_factory, free_udp_port, free_udp_port_factory, high_precision_timer, include_metadata_in_junit_xml, it8_tolerance_data, machining_params_steel, machining_params_tc4, material_aluminum_6061, material_steel_45, material_tc4, metadata, mocker, module_mocker, monkeypatch, nc_validation_rules, no_cover, normal_sensor_stream, package_mocker, performance_timer, production_batch_100, pytestconfig, record_property, record_testsuite_property, record_xml_attribute, recwarn, respx_mock, risk_assessment_template, sample_circle, sample_gcode_fanuc, sample_gcode_heidenhain, sample_gcode_siemens, sample_polygon_square, sample_polygon_triangle, sample_process_card, session_mocker, standard_3view_images, subtests, temp_dir, test_report_collector, tmp_path, tmp_path_factory, tmpdir, tmpdir_factory, unused_tcp_port, unused_tcp_port_factory, unused_udp_port, unused_udp_port_factory
>       use 'pytest --fixtures [testpath]' for help on them.

C:\Users\Lenovo\Desktop\鐏靛鍒堕€狅紙涓婄嚎鐗堬級\python\tests\api\test_jobs.py:18
____ ERROR at setup of TestJobsList.test_list_jobs_with_invalid_task_type _____
file C:\Users\Lenovo\Desktop\鐏靛鍒堕€狅紙涓婄嚎鐗堬級\python\tests\api\test_jobs.py, line 24
      def test_list_jobs_with_invalid_task_type(self, client):
E       fixture 'client' not found
>       available fixtures: _class_scoped_runner, _env_setup, _function_scoped_runner, _module_scoped_runner, _package_scoped_runner, _session_faker, _session_scoped_runner, anomaly_sensor_stream, anyio_backend, anyio_backend_name, anyio_backend_options, benchmark, benchmark_gcode_tolerance, benchmark_weave, capfd, capfdbinary, caplog, capsys, capsysbinary, capteesys, class_mocker, cov, doctest_namespace, event_loop_policy, extra, extras, faker, free_tcp_port, free_tcp_port_factory, free_udp_port, free_udp_port_factory, high_precision_timer, include_metadata_in_junit_xml, it8_tolerance_data, machining_params_steel, machining_params_tc4, material_aluminum_6061, material_steel_45, material_tc4, metadata, mocker, module_mocker, monkeypatch, nc_validation_rules, no_cover, normal_sensor_stream, package_mocker, performance_timer, production_batch_100, pytestconfig, record_property, record_testsuite_property, record_xml_attribute, recwarn, respx_mock, risk_assessment_template, sample_circle, sample_gcode_fanuc, sample_gcode_heidenhain, sample_gcode_siemens, sample_polygon_square, sample_polygon_triangle, sample_process_card, session_mocker, standard_3view_images, subtests, temp_dir, test_report_collector, tmp_path, tmp_path_factory, tmpdir, tmpdir_factory, unused_tcp_port, unused_tcp_port_factory, unused_udp_port, unused_udp_port_factory
>       use 'pytest --fixtures [testpath]' for help on them.

C:\Users\Lenovo\Desktop\鐏靛鍒堕€狅紙涓婄嚎鐗堬級\python\tests\api\test_jobs.py:24
_______ ERROR at setup of TestJobsList.test_list_jobs_with_valid_status _______
file C:\Users\Lenovo\Desktop\鐏靛鍒堕€狅紙涓婄嚎鐗堬級\python\tests\api\test_jobs.py, line 30
      def test_list_jobs_with_valid_status(self, client):
E       fixture 'client' not found
>       available fixtures: _class_scoped_runner, _env_setup, _function_scoped_runner, _module_scoped_runner, _package_scoped_runner, _session_faker, _session_scoped_runner, anomaly_sensor_stream, anyio_backend, anyio_backend_name, anyio_backend_options, benchmark, benchmark_gcode_tolerance, benchmark_weave, capfd, capfdbinary, caplog, capsys, capsysbinary, capteesys, class_mocker, cov, doctest_namespace, event_loop_policy, extra, extras, faker, free_tcp_port, free_tcp_port_factory, free_udp_port, free_udp_port_factory, high_precision_timer, include_metadata_in_junit_xml, it8_tolerance_data, machining_params_steel, machining_params_tc4, material_aluminum_6061, material_steel_45, material_tc4, metadata, mocker, module_mocker, monkeypatch, nc_validation_rules, no_cover, normal_sensor_stream, package_mocker, performance_timer, production_batch_100, pytestconfig, record_property, record_testsuite_property, record_xml_attribute, recwarn, respx_mock, risk_assessment_template, sample_circle, sample_gcode_fanuc, sample_gcode_heidenhain, sample_gcode_siemens, sample_polygon_square, sample_polygon_triangle, sample_process_card, session_mocker, standard_3view_images, subtests, temp_dir, test_report_collector, tmp_path, tmp_path_factory, tmpdir, tmpdir_factory, unused_tcp_port, unused_tcp_port_factory, unused_udp_port, unused_udp_port_factory
>       use 'pytest --fixtures [testpath]' for help on them.

C:\Users\Lenovo\Desktop\鐏靛鍒堕€狅紙涓婄嚎鐗堬級\python\tests\api\test_jobs.py:30
______ ERROR at setup of TestJobsList.test_list_jobs_with_invalid_status ______
file C:\Users\Lenovo\Desktop\鐏靛鍒堕€狅紙涓婄嚎鐗堬級\python\tests\api\test_jobs.py, line 36
      def test_list_jobs_with_invalid_status(self, client):
E       fixture 'client' not found
>       available fixtures: _class_scoped_runner, _env_setup, _function_scoped_runner, _module_scoped_runner, _package_scoped_runner, _session_faker, _session_scoped_runner, anomaly_sensor_stream, anyio_backend, anyio_backend_name, anyio_backend_options, benchmark, benchmark_gcode_tolerance, benchmark_weave, capfd, capfdbinary, caplog, capsys, capsysbinary, capteesys, class_mocker, cov, doctest_namespace, event_loop_policy, extra, extras, faker, free_tcp_port, free_tcp_port_factory, free_udp_port, free_udp_port_factory, high_precision_timer, include_metadata_in_junit_xml, it8_tolerance_data, machining_params_steel, machining_params_tc4, material_aluminum_6061, material_steel_45, material_tc4, metadata, mocker, module_mocker, monkeypatch, nc_validation_rules, no_cover, normal_sensor_stream, package_mocker, performance_timer, production_batch_100, pytestconfig, record_property, record_testsuite_property, record_xml_attribute, recwarn, respx_mock, risk_assessment_template, sample_circle, sample_gcode_fanuc, sample_gcode_heidenhain, sample_gcode_siemens, sample_polygon_square, sample_polygon_triangle, sample_process_card, session_mocker, standard_3view_images, subtests, temp_dir, test_report_collector, tmp_path, tmp_path_factory, tmpdir, tmpdir_factory, unused_tcp_port, unused_tcp_port_factory, unused_udp_port, unused_udp_port_factory
>       use 'pytest --fixtures [testpath]' for help on them.

C:\Users\Lenovo\Desktop\鐏靛鍒堕€狅紙涓婄嚎鐗堬級\python\tests\api\test_jobs.py:36
________ ERROR at setup of TestJobsList.test_list_jobs_respects_limit _________
file C:\Users\Lenovo\Desktop\鐏靛鍒堕€狅紙涓婄嚎鐗堬級\python\tests\api\test_jobs.py, line 42
      def test_list_jobs_respects_limit(self, client):
E       fixture 'client' not found
>       available fixtures: _class_scoped_runner, _env_setup, _function_scoped_runner, _module_scoped_runner, _package_scoped_runner, _session_faker, _session_scoped_runner, anomaly_sensor_stream, anyio_backend, anyio_backend_name, anyio_backend_options, benchmark, benchmark_gcode_tolerance, benchmark_weave, capfd, capfdbinary, caplog, capsys, capsysbinary, capteesys, class_mocker, cov, doctest_namespace, event_loop_policy, extra, extras, faker, free_tcp_port, free_tcp_port_factory, free_udp_port, free_udp_port_factory, high_precision_timer, include_metadata_in_junit_xml, it8_tolerance_data, machining_params_steel, machining_params_tc4, material_aluminum_6061, material_steel_45, material_tc4, metadata, mocker, module_mocker, monkeypatch, nc_validation_rules, no_cover, normal_sensor_stream, package_mocker, performance_timer, production_batch_100, pytestconfig, record_property, record_testsuite_property, record_xml_attribute, recwarn, respx_mock, risk_assessment_template, sample_circle, sample_gcode_fanuc, sample_gcode_heidenhain, sample_gcode_siemens, sample_polygon_square, sample_polygon_triangle, sample_process_card, session_mocker, standard_3view_images, subtests, temp_dir, test_report_collector, tmp_path, tmp_path_factory, tmpdir, tmpdir_factory, unused_tcp_port, unused_tcp_port_factory, unused_udp_port, unused_udp_port_factory
>       use 'pytest --fixtures [testpath]' for help on them.

C:\Users\Lenovo\Desktop\鐏靛鍒堕€狅紙涓婄嚎鐗堬級\python\tests\api\test_jobs.py:42
______ ERROR at setup of TestJobsList.test_list_jobs_rejects_zero_limit _______
file C:\Users\Lenovo\Desktop\鐏靛鍒堕€狅紙涓婄嚎鐗堬級\python\tests\api\test_jobs.py, line 48
      def test_list_jobs_rejects_zero_limit(self, client):
E       fixture 'client' not found
>       available fixtures: _class_scoped_runner, _env_setup, _function_scoped_runner, _module_scoped_runner, _package_scoped_runner, _session_faker, _session_scoped_runner, anomaly_sensor_stream, anyio_backend, anyio_backend_name, anyio_backend_options, benchmark, benchmark_gcode_tolerance, benchmark_weave, capfd, capfdbinary, caplog, capsys, capsysbinary, capteesys, class_mocker, cov, doctest_namespace, event_loop_policy, extra, extras, faker, free_tcp_port, free_tcp_port_factory, free_udp_port, free_udp_port_factory, high_precision_timer, include_metadata_in_junit_xml, it8_tolerance_data, machining_params_steel, machining_params_tc4, material_aluminum_6061, material_steel_45, material_tc4, metadata, mocker, module_mocker, monkeypatch, nc_validation_rules, no_cover, normal_sensor_stream, package_mocker, performance_timer, production_batch_100, pytestconfig, record_property, record_testsuite_property, record_xml_attribute, recwarn, respx_mock, risk_assessment_template, sample_circle, sample_gcode_fanuc, sample_gcode_heidenhain, sample_gcode_siemens, sample_polygon_square, sample_polygon_triangle, sample_process_card, session_mocker, standard_3view_images, subtests, temp_dir, test_report_collector, tmp_path, tmp_path_factory, tmpdir, tmpdir_factory, unused_tcp_port, unused_tcp_port_factory, unused_udp_port, unused_udp_port_factory
>       use 'pytest --fixtures [testpath]' for help on them.

C:\Users\Lenovo\Desktop\鐏靛鍒堕€狅紙涓婄嚎鐗堬級\python\tests\api\test_jobs.py:48
____ ERROR at setup of TestJobsList.test_list_jobs_rejects_negative_offset ____
file C:\Users\Lenovo\Desktop\鐏靛鍒堕€狅紙涓婄嚎鐗堬級\python\tests\api\test_jobs.py, line 52
      def test_list_jobs_rejects_negative_offset(self, client):
E       fixture 'client' not found
>       available fixtures: _class_scoped_runner, _env_setup, _function_scoped_runner, _module_scoped_runner, _package_scoped_runner, _session_faker, _session_scoped_runner, anomaly_sensor_stream, anyio_backend, anyio_backend_name, anyio_backend_options, benchmark, benchmark_gcode_tolerance, benchmark_weave, capfd, capfdbinary, caplog, capsys, capsysbinary, capteesys, class_mocker, cov, doctest_namespace, event_loop_policy, extra, extras, faker, free_tcp_port, free_tcp_port_factory, free_udp_port, free_udp_port_factory, high_precision_timer, include_metadata_in_junit_xml, it8_tolerance_data, machining_params_steel, machining_params_tc4, material_aluminum_6061, material_steel_45, material_tc4, metadata, mocker, module_mocker, monkeypatch, nc_validation_rules, no_cover, normal_sensor_stream, package_mocker, performance_timer, production_batch_100, pytestconfig, record_property, record_testsuite_property, record_xml_attribute, recwarn, respx_mock, risk_assessment_template, sample_circle, sample_gcode_fanuc, sample_gcode_heidenhain, sample_gcode_siemens, sample_polygon_square, sample_polygon_triangle, sample_process_card, session_mocker, standard_3view_images, subtests, temp_dir, test_report_collector, tmp_path, tmp_path_factory, tmpdir, tmpdir_factory, unused_tcp_port, unused_tcp_port_factory, unused_udp_port, unused_udp_port_factory
>       use 'pytest --fixtures [testpath]' for help on them.

C:\Users\Lenovo\Desktop\鐏靛鍒堕€狅紙涓婄嚎鐗堬級\python\tests\api\test_jobs.py:52
___ ERROR at setup of TestGetJob.test_get_nonexistent_job_returns_not_found ___
file C:\Users\Lenovo\Desktop\鐏靛鍒堕€狅紙涓婄嚎鐗堬級\python\tests\api\test_jobs.py, line 60
      def test_get_nonexistent_job_returns_not_found(self, client):
E       fixture 'client' not found
>       available fixtures: _class_scoped_runner, _env_setup, _function_scoped_runner, _module_scoped_runner, _package_scoped_runner, _session_faker, _session_scoped_runner, anomaly_sensor_stream, anyio_backend, anyio_backend_name, anyio_backend_options, benchmark, benchmark_gcode_tolerance, benchmark_weave, capfd, capfdbinary, caplog, capsys, capsysbinary, capteesys, class_mocker, cov, doctest_namespace, event_loop_policy, extra, extras, faker, free_tcp_port, free_tcp_port_factory, free_udp_port, free_udp_port_factory, high_precision_timer, include_metadata_in_junit_xml, it8_tolerance_data, machining_params_steel, machining_params_tc4, material_aluminum_6061, material_steel_45, material_tc4, metadata, mocker, module_mocker, monkeypatch, nc_validation_rules, no_cover, normal_sensor_stream, package_mocker, performance_timer, production_batch_100, pytestconfig, record_property, record_testsuite_property, record_xml_attribute, recwarn, respx_mock, risk_assessment_template, sample_circle, sample_gcode_fanuc, sample_gcode_heidenhain, sample_gcode_siemens, sample_polygon_square, sample_polygon_triangle, sample_process_card, session_mocker, standard_3view_images, subtests, temp_dir, test_report_collector, tmp_path, tmp_path_factory, tmpdir, tmpdir_factory, unused_tcp_port, unused_tcp_port_factory, unused_udp_port, unused_udp_port_factory
>       use 'pytest --fixtures [testpath]' for help on them.

C:\Users\Lenovo\Desktop\鐏靛鍒堕€狅紙涓婄嚎鐗堬級\python\tests\api\test_jobs.py:60
__ ERROR at setup of TestCancelJob.test_cancel_nonexistent_job_returns_error __
file C:\Users\Lenovo\Desktop\鐏靛鍒堕€狅紙涓婄嚎鐗堬級\python\tests\api\test_jobs.py, line 70
      def test_cancel_nonexistent_job_returns_error(self, client):
E       fixture 'client' not found
>       available fixtures: _class_scoped_runner, _env_setup, _function_scoped_runner, _module_scoped_runner, _package_scoped_runner, _session_faker, _session_scoped_runner, anomaly_sensor_stream, anyio_backend, anyio_backend_name, anyio_backend_options, benchmark, benchmark_gcode_tolerance, benchmark_weave, capfd, capfdbinary, caplog, capsys, capsysbinary, capteesys, class_mocker, cov, doctest_namespace, event_loop_policy, extra, extras, faker, free_tcp_port, free_tcp_port_factory, free_udp_port, free_udp_port_factory, high_precision_timer, include_metadata_in_junit_xml, it8_tolerance_data, machining_params_steel, machining_params_tc4, material_aluminum_6061, material_steel_45, material_tc4, metadata, mocker, module_mocker, monkeypatch, nc_validation_rules, no_cover, normal_sensor_stream, package_mocker, performance_timer, production_batch_100, pytestconfig, record_property, record_testsuite_property, record_xml_attribute, recwarn, respx_mock, risk_assessment_template, sample_circle, sample_gcode_fanuc, sample_gcode_heidenhain, sample_gcode_siemens, sample_polygon_square, sample_polygon_triangle, sample_process_card, session_mocker, standard_3view_images, subtests, temp_dir, test_report_collector, tmp_path, tmp_path_factory, tmpdir, tmpdir_factory, unused_tcp_port, unused_tcp_port_factory, unused_udp_port, unused_udp_port_factory
>       use 'pytest --fixtures [testpath]' for help on them.

C:\Users\Lenovo\Desktop\鐏靛鍒堕€狅紙涓婄嚎鐗堬級\python\tests\api\test_jobs.py:70
__ ERROR at setup of TestDeleteJob.test_delete_nonexistent_job_returns_error __
file C:\Users\Lenovo\Desktop\鐏靛鍒堕€狅紙涓婄嚎鐗堬級\python\tests\api\test_jobs.py, line 80
      def test_delete_nonexistent_job_returns_error(self, client):
E       fixture 'client' not found
>       available fixtures: _class_scoped_runner, _env_setup, _function_scoped_runner, _module_scoped_runner, _package_scoped_runner, _session_faker, _session_scoped_runner, anomaly_sensor_stream, anyio_backend, anyio_backend_name, anyio_backend_options, benchmark, benchmark_gcode_tolerance, benchmark_weave, capfd, capfdbinary, caplog, capsys, capsysbinary, capteesys, class_mocker, cov, doctest_namespace, event_loop_policy, extra, extras, faker, free_tcp_port, free_tcp_port_factory, free_udp_port, free_udp_port_factory, high_precision_timer, include_metadata_in_junit_xml, it8_tolerance_data, machining_params_steel, machining_params_tc4, material_aluminum_6061, material_steel_45, material_tc4, metadata, mocker, module_mocker, monkeypatch, nc_validation_rules, no_cover, normal_sensor_stream, package_mocker, performance_timer, production_batch_100, pytestconfig, record_property, record_testsuite_property, record_xml_attribute, recwarn, respx_mock, risk_assessment_template, sample_circle, sample_gcode_fanuc, sample_gcode_heidenhain, sample_gcode_siemens, sample_polygon_square, sample_polygon_triangle, sample_process_card, session_mocker, standard_3view_images, subtests, temp_dir, test_report_collector, tmp_path, tmp_path_factory, tmpdir, tmpdir_factory, unused_tcp_port, unused_tcp_port_factory, unused_udp_port, unused_udp_port_factory
>       use 'pytest --fixtures [testpath]' for help on them.

C:\Users\Lenovo\Desktop\鐏靛鍒堕€狅紙涓婄嚎鐗堬級\python\tests\api\test_jobs.py:80
________ ERROR at setup of TestJobStats.test_get_stats_endpoint_exists ________
file C:\Users\Lenovo\Desktop\鐏靛鍒堕€狅紙涓婄嚎鐗堬級\python\tests\api\test_jobs.py, line 90
      def test_get_stats_endpoint_exists(self, client):
E       fixture 'client' not found
>       available fixtures: _class_scoped_runner, _env_setup, _function_scoped_runner, _module_scoped_runner, _package_scoped_runner, _session_faker, _session_scoped_runner, anomaly_sensor_stream, anyio_backend, anyio_backend_name, anyio_backend_options, benchmark, benchmark_gcode_tolerance, benchmark_weave, capfd, capfdbinary, caplog, capsys, capsysbinary, capteesys, class_mocker, cov, doctest_namespace, event_loop_policy, extra, extras, faker, free_tcp_port, free_tcp_port_factory, free_udp_port, free_udp_port_factory, high_precision_timer, include_metadata_in_junit_xml, it8_tolerance_data, machining_params_steel, machining_params_tc4, material_aluminum_6061, material_steel_45, material_tc4, metadata, mocker, module_mocker, monkeypatch, nc_validation_rules, no_cover, normal_sensor_stream, package_mocker, performance_timer, production_batch_100, pytestconfig, record_property, record_testsuite_property, record_xml_attribute, recwarn, respx_mock, risk_assessment_template, sample_circle, sample_gcode_fanuc, sample_gcode_heidenhain, sample_gcode_siemens, sample_polygon_square, sample_polygon_triangle, sample_process_card, session_mocker, standard_3view_images, subtests, temp_dir, test_report_collector, tmp_path, tmp_path_factory, tmpdir, tmpdir_factory, unused_tcp_port, unused_tcp_port_factory, unused_udp_port, unused_udp_port_factory
>       use 'pytest --fixtures [testpath]' for help on them.

C:\Users\Lenovo\Desktop\鐏靛鍒堕€狅紙涓婄嚎鐗堬級\python\tests\api\test_jobs.py:90
_ ERROR at setup of TestJobSSEStreaming.test_stream_nonexistent_job_returns_not_found _
file C:\Users\Lenovo\Desktop\鐏靛鍒堕€狅紙涓婄嚎鐗堬級\python\tests\api\test_jobs.py, line 100
      def test_stream_nonexistent_job_returns_not_found(self, client):
E       fixture 'client' not found
>       available fixtures: _class_scoped_runner, _env_setup, _function_scoped_runner, _module_scoped_runner, _package_scoped_runner, _session_faker, _session_scoped_runner, anomaly_sensor_stream, anyio_backend, anyio_backend_name, anyio_backend_options, benchmark, benchmark_gcode_tolerance, benchmark_weave, capfd, capfdbinary, caplog, capsys, capsysbinary, capteesys, class_mocker, cov, doctest_namespace, event_loop_policy, extra, extras, faker, free_tcp_port, free_tcp_port_factory, free_udp_port, free_udp_port_factory, high_precision_timer, include_metadata_in_junit_xml, it8_tolerance_data, machining_params_steel, machining_params_tc4, material_aluminum_6061, material_steel_45, material_tc4, metadata, mocker, module_mocker, monkeypatch, nc_validation_rules, no_cover, normal_sensor_stream, package_mocker, performance_timer, production_batch_100, pytestconfig, record_property, record_testsuite_property, record_xml_attribute, recwarn, respx_mock, risk_assessment_template, sample_circle, sample_gcode_fanuc, sample_gcode_heidenhain, sample_gcode_siemens, sample_polygon_square, sample_polygon_triangle, sample_process_card, session_mocker, standard_3view_images, subtests, temp_dir, test_report_collector, tmp_path, tmp_path_factory, tmpdir, tmpdir_factory, unused_tcp_port, unused_tcp_port_factory, unused_udp_port, unused_udp_port_factory
>       use 'pytest --fixtures [testpath]' for help on them.

C:\Users\Lenovo\Desktop\鐏靛鍒堕€狅紙涓婄嚎鐗堬級\python\tests\api\test_jobs.py:100
_ ERROR at setup of TestLNNPredict.test_predict_nonexistent_model_returns_not_found _
file C:\Users\Lenovo\Desktop\鐏靛鍒堕€狅紙涓婄嚎鐗堬級\python\tests\api\test_lnn.py, line 9
      def test_predict_nonexistent_model_returns_not_found(self, client):
E       fixture 'client' not found
>       available fixtures: _class_scoped_runner, _env_setup, _function_scoped_runner, _module_scoped_runner, _package_scoped_runner, _session_faker, _session_scoped_runner, anomaly_sensor_stream, anyio_backend, anyio_backend_name, anyio_backend_options, benchmark, benchmark_gcode_tolerance, benchmark_weave, capfd, capfdbinary, caplog, capsys, capsysbinary, capteesys, class_mocker, cov, doctest_namespace, event_loop_policy, extra, extras, faker, free_tcp_port, free_tcp_port_factory, free_udp_port, free_udp_port_factory, high_precision_timer, include_metadata_in_junit_xml, it8_tolerance_data, machining_params_steel, machining_params_tc4, material_aluminum_6061, material_steel_45, material_tc4, metadata, mocker, module_mocker, monkeypatch, nc_validation_rules, no_cover, normal_sensor_stream, package_mocker, performance_timer, production_batch_100, pytestconfig, record_property, record_testsuite_property, record_xml_attribute, recwarn, respx_mock, risk_assessment_template, sample_circle, sample_gcode_fanuc, sample_gcode_heidenhain, sample_gcode_siemens, sample_polygon_square, sample_polygon_triangle, sample_process_card, session_mocker, standard_3view_images, subtests, temp_dir, test_report_collector, tmp_path, tmp_path_factory, tmpdir, tmpdir_factory, unused_tcp_port, unused_tcp_port_factory, unused_udp_port, unused_udp_port_factory
>       use 'pytest --fixtures [testpath]' for help on them.

C:\Users\Lenovo\Desktop\鐏靛鍒堕€狅紙涓婄嚎鐗堬級\python\tests\api\test_lnn.py:9
___ ERROR at setup of TestLNNPredict.test_predict_empty_input_returns_error ___
file C:\Users\Lenovo\Desktop\鐏靛鍒堕€狅紙涓婄嚎鐗堬級\python\tests\api\test_lnn.py, line 16
      def test_predict_empty_input_returns_error(self, client):
E       fixture 'client' not found
>       available fixtures: _class_scoped_runner, _env_setup, _function_scoped_runner, _module_scoped_runner, _package_scoped_runner, _session_faker, _session_scoped_runner, anomaly_sensor_stream, anyio_backend, anyio_backend_name, anyio_backend_options, benchmark, benchmark_gcode_tolerance, benchmark_weave, capfd, capfdbinary, caplog, capsys, capsysbinary, capteesys, class_mocker, cov, doctest_namespace, event_loop_policy, extra, extras, faker, free_tcp_port, free_tcp_port_factory, free_udp_port, free_udp_port_factory, high_precision_timer, include_metadata_in_junit_xml, it8_tolerance_data, machining_params_steel, machining_params_tc4, material_aluminum_6061, material_steel_45, material_tc4, metadata, mocker, module_mocker, monkeypatch, nc_validation_rules, no_cover, normal_sensor_stream, package_mocker, performance_timer, production_batch_100, pytestconfig, record_property, record_testsuite_property, record_xml_attribute, recwarn, respx_mock, risk_assessment_template, sample_circle, sample_gcode_fanuc, sample_gcode_heidenhain, sample_gcode_siemens, sample_polygon_square, sample_polygon_triangle, sample_process_card, session_mocker, standard_3view_images, subtests, temp_dir, test_report_collector, tmp_path, tmp_path_factory, tmpdir, tmpdir_factory, unused_tcp_port, unused_tcp_port_factory, unused_udp_port, unused_udp_port_factory
>       use 'pytest --fixtures [testpath]' for help on them.

C:\Users\Lenovo\Desktop\鐏靛鍒堕€狅紙涓婄嚎鐗堬級\python\tests\api\test_lnn.py:16
_ ERROR at setup of TestLNNPredict.test_predict_non_numeric_input_returns_error _
file C:\Users\Lenovo\Desktop\鐏靛鍒堕€狅紙涓婄嚎鐗堬級\python\tests\api\test_lnn.py, line 23
      def test_predict_non_numeric_input_returns_error(self, client):
E       fixture 'client' not found
>       available fixtures: _class_scoped_runner, _env_setup, _function_scoped_runner, _module_scoped_runner, _package_scoped_runner, _session_faker, _session_scoped_runner, anomaly_sensor_stream, anyio_backend, anyio_backend_name, anyio_backend_options, benchmark, benchmark_gcode_tolerance, benchmark_weave, capfd, capfdbinary, caplog, capsys, capsysbinary, capteesys, class_mocker, cov, doctest_namespace, event_loop_policy, extra, extras, faker, free_tcp_port, free_tcp_port_factory, free_udp_port, free_udp_port_factory, high_precision_timer, include_metadata_in_junit_xml, it8_tolerance_data, machining_params_steel, machining_params_tc4, material_aluminum_6061, material_steel_45, material_tc4, metadata, mocker, module_mocker, monkeypatch, nc_validation_rules, no_cover, normal_sensor_stream, package_mocker, performance_timer, production_batch_100, pytestconfig, record_property, record_testsuite_property, record_xml_attribute, recwarn, respx_mock, risk_assessment_template, sample_circle, sample_gcode_fanuc, sample_gcode_heidenhain, sample_gcode_siemens, sample_polygon_square, sample_polygon_triangle, sample_process_card, session_mocker, standard_3view_images, subtests, temp_dir, test_report_collector, tmp_path, tmp_path_factory, tmpdir, tmpdir_factory, unused_tcp_port, unused_tcp_port_factory, unused_udp_port, unused_udp_port_factory
>       use 'pytest --fixtures [testpath]' for help on them.

C:\Users\Lenovo\Desktop\鐏靛鍒堕€狅紙涓婄嚎鐗堬級\python\tests\api\test_lnn.py:23
_ ERROR at setup of TestLNNPredict.test_predict_missing_model_name_returns_422 _
file C:\Users\Lenovo\Desktop\鐏靛鍒堕€狅紙涓婄嚎鐗堬級\python\tests\api\test_lnn.py, line 31
      def test_predict_missing_model_name_returns_422(self, client):
E       fixture 'client' not found
>       available fixtures: _class_scoped_runner, _env_setup, _function_scoped_runner, _module_scoped_runner, _package_scoped_runner, _session_faker, _session_scoped_runner, anomaly_sensor_stream, anyio_backend, anyio_backend_name, anyio_backend_options, benchmark, benchmark_gcode_tolerance, benchmark_weave, capfd, capfdbinary, caplog, capsys, capsysbinary, capteesys, class_mocker, cov, doctest_namespace, event_loop_policy, extra, extras, faker, free_tcp_port, free_tcp_port_factory, free_udp_port, free_udp_port_factory, high_precision_timer, include_metadata_in_junit_xml, it8_tolerance_data, machining_params_steel, machining_params_tc4, material_aluminum_6061, material_steel_45, material_tc4, metadata, mocker, module_mocker, monkeypatch, nc_validation_rules, no_cover, normal_sensor_stream, package_mocker, performance_timer, production_batch_100, pytestconfig, record_property, record_testsuite_property, record_xml_attribute, recwarn, respx_mock, risk_assessment_template, sample_circle, sample_gcode_fanuc, sample_gcode_heidenhain, sample_gcode_siemens, sample_polygon_square, sample_polygon_triangle, sample_process_card, session_mocker, standard_3view_images, subtests, temp_dir, test_report_collector, tmp_path, tmp_path_factory, tmpdir, tmpdir_factory, unused_tcp_port, unused_tcp_port_factory, unused_udp_port, unused_udp_port_factory
>       use 'pytest --fixtures [testpath]' for help on them.

C:\Users\Lenovo\Desktop\鐏靛鍒堕€狅紙涓婄嚎鐗堬級\python\tests\api\test_lnn.py:31
_ ERROR at setup of TestLNNPredict.test_predict_missing_input_data_returns_422 _
file C:\Users\Lenovo\Desktop\鐏靛鍒堕€狅紙涓婄嚎鐗堬級\python\tests\api\test_lnn.py, line 36
      def test_predict_missing_input_data_returns_422(self, client):
E       fixture 'client' not found
>       available fixtures: _class_scoped_runner, _env_setup, _function_scoped_runner, _module_scoped_runner, _package_scoped_runner, _session_faker, _session_scoped_runner, anomaly_sensor_stream, anyio_backend, anyio_backend_name, anyio_backend_options, benchmark, benchmark_gcode_tolerance, benchmark_weave, capfd, capfdbinary, caplog, capsys, capsysbinary, capteesys, class_mocker, cov, doctest_namespace, event_loop_policy, extra, extras, faker, free_tcp_port, free_tcp_port_factory, free_udp_port, free_udp_port_factory, high_precision_timer, include_metadata_in_junit_xml, it8_tolerance_data, machining_params_steel, machining_params_tc4, material_aluminum_6061, material_steel_45, material_tc4, metadata, mocker, module_mocker, monkeypatch, nc_validation_rules, no_cover, normal_sensor_stream, package_mocker, performance_timer, production_batch_100, pytestconfig, record_property, record_testsuite_property, record_xml_attribute, recwarn, respx_mock, risk_assessment_template, sample_circle, sample_gcode_fanuc, sample_gcode_heidenhain, sample_gcode_siemens, sample_polygon_square, sample_polygon_triangle, sample_process_card, session_mocker, standard_3view_images, subtests, temp_dir, test_report_collector, tmp_path, tmp_path_factory, tmpdir, tmpdir_factory, unused_tcp_port, unused_tcp_port_factory, unused_udp_port, unused_udp_port_factory
>       use 'pytest --fixtures [testpath]' for help on them.

C:\Users\Lenovo\Desktop\鐏靛鍒堕€狅紙涓婄嚎鐗堬級\python\tests\api\test_lnn.py:36
_________ ERROR at setup of TestLNNHealth.test_health_returns_success _________
file C:\Users\Lenovo\Desktop\鐏靛鍒堕€狅紙涓婄嚎鐗堬級\python\tests\api\test_lnn.py, line 45
      def test_health_returns_success(self, client):
E       fixture 'client' not found
>       available fixtures: _class_scoped_runner, _env_setup, _function_scoped_runner, _module_scoped_runner, _package_scoped_runner, _session_faker, _session_scoped_runner, anomaly_sensor_stream, anyio_backend, anyio_backend_name, anyio_backend_options, benchmark, benchmark_gcode_tolerance, benchmark_weave, capfd, capfdbinary, caplog, capsys, capsysbinary, capteesys, class_mocker, cov, doctest_namespace, event_loop_policy, extra, extras, faker, free_tcp_port, free_tcp_port_factory, free_udp_port, free_udp_port_factory, high_precision_timer, include_metadata_in_junit_xml, it8_tolerance_data, machining_params_steel, machining_params_tc4, material_aluminum_6061, material_steel_45, material_tc4, metadata, mocker, module_mocker, monkeypatch, nc_validation_rules, no_cover, normal_sensor_stream, package_mocker, performance_timer, production_batch_100, pytestconfig, record_property, record_testsuite_property, record_xml_attribute, recwarn, respx_mock, risk_assessment_template, sample_circle, sample_gcode_fanuc, sample_gcode_heidenhain, sample_gcode_siemens, sample_polygon_square, sample_polygon_triangle, sample_process_card, session_mocker, standard_3view_images, subtests, temp_dir, test_report_collector, tmp_path, tmp_path_factory, tmpdir, tmpdir_factory, unused_tcp_port, unused_tcp_port_factory, unused_udp_port, unused_udp_port_factory
>       use 'pytest --fixtures [testpath]' for help on them.

C:\Users\Lenovo\Desktop\鐏靛鍒堕€狅紙涓婄嚎鐗堬級\python\tests\api\test_lnn.py:45
______ ERROR at setup of TestLNNModels.test_list_models_returns_success _______
file C:\Users\Lenovo\Desktop\鐏靛鍒堕€狅紙涓婄嚎鐗堬級\python\tests\api\test_lnn.py, line 55
      def test_list_models_returns_success(self, client):
E       fixture 'client' not found
>       available fixtures: _class_scoped_runner, _env_setup, _function_scoped_runner, _module_scoped_runner, _package_scoped_runner, _session_faker, _session_scoped_runner, anomaly_sensor_stream, anyio_backend, anyio_backend_name, anyio_backend_options, benchmark, benchmark_gcode_tolerance, benchmark_weave, capfd, capfdbinary, caplog, capsys, capsysbinary, capteesys, class_mocker, cov, doctest_namespace, event_loop_policy, extra, extras, faker, free_tcp_port, free_tcp_port_factory, free_udp_port, free_udp_port_factory, high_precision_timer, include_metadata_in_junit_xml, it8_tolerance_data, machining_params_steel, machining_params_tc4, material_aluminum_6061, material_steel_45, material_tc4, metadata, mocker, module_mocker, monkeypatch, nc_validation_rules, no_cover, normal_sensor_stream, package_mocker, performance_timer, production_batch_100, pytestconfig, record_property, record_testsuite_property, record_xml_attribute, recwarn, respx_mock, risk_assessment_template, sample_circle, sample_gcode_fanuc, sample_gcode_heidenhain, sample_gcode_siemens, sample_polygon_square, sample_polygon_triangle, sample_process_card, session_mocker, standard_3view_images, subtests, temp_dir, test_report_collector, tmp_path, tmp_path_factory, tmpdir, tmpdir_factory, unused_tcp_port, unused_tcp_port_factory, unused_udp_port, unused_udp_port_factory
>       use 'pytest --fixtures [testpath]' for help on them.

C:\Users\Lenovo\Desktop\鐏靛鍒堕€狅紙涓婄嚎鐗堬級\python\tests\api\test_lnn.py:55
_______ ERROR at setup of TestLNNModels.test_models_response_has_total ________
file C:\Users\Lenovo\Desktop\鐏靛鍒堕€狅紙涓婄嚎鐗堬級\python\tests\api\test_lnn.py, line 62
      def test_models_response_has_total(self, client):
E       fixture 'client' not found
>       available fixtures: _class_scoped_runner, _env_setup, _function_scoped_runner, _module_scoped_runner, _package_scoped_runner, _session_faker, _session_scoped_runner, anomaly_sensor_stream, anyio_backend, anyio_backend_name, anyio_backend_options, benchmark, benchmark_gcode_tolerance, benchmark_weave, capfd, capfdbinary, caplog, capsys, capsysbinary, capteesys, class_mocker, cov, doctest_namespace, event_loop_policy, extra, extras, faker, free_tcp_port, free_tcp_port_factory, free_udp_port, free_udp_port_factory, high_precision_timer, include_metadata_in_junit_xml, it8_tolerance_data, machining_params_steel, machining_params_tc4, material_aluminum_6061, material_steel_45, material_tc4, metadata, mocker, module_mocker, monkeypatch, nc_validation_rules, no_cover, normal_sensor_stream, package_mocker, performance_timer, production_batch_100, pytestconfig, record_property, record_testsuite_property, record_xml_attribute, recwarn, respx_mock, risk_assessment_template, sample_circle, sample_gcode_fanuc, sample_gcode_heidenhain, sample_gcode_siemens, sample_polygon_square, sample_polygon_triangle, sample_process_card, session_mocker, standard_3view_images, subtests, temp_dir, test_report_collector, tmp_path, tmp_path_factory, tmpdir, tmpdir_factory, unused_tcp_port, unused_tcp_port_factory, unused_udp_port, unused_udp_port_factory
>       use 'pytest --fixtures [testpath]' for help on them.

C:\Users\Lenovo\Desktop\鐏靛鍒堕€狅紙涓婄嚎鐗堬級\python\tests\api\test_lnn.py:62
_ ERROR at setup of TestLNNModelInfo.test_info_nonexistent_model_returns_not_found _
file C:\Users\Lenovo\Desktop\鐏靛鍒堕€狅紙涓婄嚎鐗堬級\python\tests\api\test_lnn.py, line 71
      def test_info_nonexistent_model_returns_not_found(self, client):
E       fixture 'client' not found
>       available fixtures: _class_scoped_runner, _env_setup, _function_scoped_runner, _module_scoped_runner, _package_scoped_runner, _session_faker, _session_scoped_runner, anomaly_sensor_stream, anyio_backend, anyio_backend_name, anyio_backend_options, benchmark, benchmark_gcode_tolerance, benchmark_weave, capfd, capfdbinary, caplog, capsys, capsysbinary, capteesys, class_mocker, cov, doctest_namespace, event_loop_policy, extra, extras, faker, free_tcp_port, free_tcp_port_factory, free_udp_port, free_udp_port_factory, high_precision_timer, include_metadata_in_junit_xml, it8_tolerance_data, machining_params_steel, machining_params_tc4, material_aluminum_6061, material_steel_45, material_tc4, metadata, mocker, module_mocker, monkeypatch, nc_validation_rules, no_cover, normal_sensor_stream, package_mocker, performance_timer, production_batch_100, pytestconfig, record_property, record_testsuite_property, record_xml_attribute, recwarn, respx_mock, risk_assessment_template, sample_circle, sample_gcode_fanuc, sample_gcode_heidenhain, sample_gcode_siemens, sample_polygon_square, sample_polygon_triangle, sample_process_card, session_mocker, standard_3view_images, subtests, temp_dir, test_report_collector, tmp_path, tmp_path_factory, tmpdir, tmpdir_factory, unused_tcp_port, unused_tcp_port_factory, unused_udp_port, unused_udp_port_factory
>       use 'pytest --fixtures [testpath]' for help on them.

C:\Users\Lenovo\Desktop\鐏靛鍒堕€狅紙涓婄嚎鐗堬級\python\tests\api\test_lnn.py:71
_______ ERROR at setup of TestLNNCache.test_cache_stats_returns_success _______
file C:\Users\Lenovo\Desktop\鐏靛鍒堕€狅紙涓婄嚎鐗堬級\python\tests\api\test_lnn.py, line 81
      def test_cache_stats_returns_success(self, client):
E       fixture 'client' not found
>       available fixtures: _class_scoped_runner, _env_setup, _function_scoped_runner, _module_scoped_runner, _package_scoped_runner, _session_faker, _session_scoped_runner, anomaly_sensor_stream, anyio_backend, anyio_backend_name, anyio_backend_options, benchmark, benchmark_gcode_tolerance, benchmark_weave, capfd, capfdbinary, caplog, capsys, capsysbinary, capteesys, class_mocker, cov, doctest_namespace, event_loop_policy, extra, extras, faker, free_tcp_port, free_tcp_port_factory, free_udp_port, free_udp_port_factory, high_precision_timer, include_metadata_in_junit_xml, it8_tolerance_data, machining_params_steel, machining_params_tc4, material_aluminum_6061, material_steel_45, material_tc4, metadata, mocker, module_mocker, monkeypatch, nc_validation_rules, no_cover, normal_sensor_stream, package_mocker, performance_timer, production_batch_100, pytestconfig, record_property, record_testsuite_property, record_xml_attribute, recwarn, respx_mock, risk_assessment_template, sample_circle, sample_gcode_fanuc, sample_gcode_heidenhain, sample_gcode_siemens, sample_polygon_square, sample_polygon_triangle, sample_process_card, session_mocker, standard_3view_images, subtests, temp_dir, test_report_collector, tmp_path, tmp_path_factory, tmpdir, tmpdir_factory, unused_tcp_port, unused_tcp_port_factory, unused_udp_port, unused_udp_port_factory
>       use 'pytest --fixtures [testpath]' for help on them.

C:\Users\Lenovo\Desktop\鐏靛鍒堕€狅紙涓婄嚎鐗堬級\python\tests\api\test_lnn.py:81
_______ ERROR at setup of TestLNNCache.test_cache_clear_returns_success _______
file C:\Users\Lenovo\Desktop\鐏靛鍒堕€狅紙涓婄嚎鐗堬級\python\tests\api\test_lnn.py, line 87
      def test_cache_clear_returns_success(self, client):
E       fixture 'client' not found
>       available fixtures: _class_scoped_runner, _env_setup, _function_scoped_runner, _module_scoped_runner, _package_scoped_runner, _session_faker, _session_scoped_runner, anomaly_sensor_stream, anyio_backend, anyio_backend_name, anyio_backend_options, benchmark, benchmark_gcode_tolerance, benchmark_weave, capfd, capfdbinary, caplog, capsys, capsysbinary, capteesys, class_mocker, cov, doctest_namespace, event_loop_policy, extra, extras, faker, free_tcp_port, free_tcp_port_factory, free_udp_port, free_udp_port_factory, high_precision_timer, include_metadata_in_junit_xml, it8_tolerance_data, machining_params_steel, machining_params_tc4, material_aluminum_6061, material_steel_45, material_tc4, metadata, mocker, module_mocker, monkeypatch, nc_validation_rules, no_cover, normal_sensor_stream, package_mocker, performance_timer, production_batch_100, pytestconfig, record_property, record_testsuite_property, record_xml_attribute, recwarn, respx_mock, risk_assessment_template, sample_circle, sample_gcode_fanuc, sample_gcode_heidenhain, sample_gcode_siemens, sample_polygon_square, sample_polygon_triangle, sample_process_card, session_mocker, standard_3view_images, subtests, temp_dir, test_report_collector, tmp_path, tmp_path_factory, tmpdir, tmpdir_factory, unused_tcp_port, unused_tcp_port_factory, unused_udp_port, unused_udp_port_factory
>       use 'pytest --fixtures [testpath]' for help on them.

C:\Users\Lenovo\Desktop\鐏靛鍒堕€狅紙涓婄嚎鐗堬級\python\tests\api\test_lnn.py:87
________ ERROR at setup of TestLNNTasks.test_get_tasks_returns_success ________
file C:\Users\Lenovo\Desktop\鐏靛鍒堕€狅紙涓婄嚎鐗堬級\python\tests\api\test_lnn.py, line 97
      def test_get_tasks_returns_success(self, client):
E       fixture 'client' not found
>       available fixtures: _class_scoped_runner, _env_setup, _function_scoped_runner, _module_scoped_runner, _package_scoped_runner, _session_faker, _session_scoped_runner, anomaly_sensor_stream, anyio_backend, anyio_backend_name, anyio_backend_options, benchmark, benchmark_gcode_tolerance, benchmark_weave, capfd, capfdbinary, caplog, capsys, capsysbinary, capteesys, class_mocker, cov, doctest_namespace, event_loop_policy, extra, extras, faker, free_tcp_port, free_tcp_port_factory, free_udp_port, free_udp_port_factory, high_precision_timer, include_metadata_in_junit_xml, it8_tolerance_data, machining_params_steel, machining_params_tc4, material_aluminum_6061, material_steel_45, material_tc4, metadata, mocker, module_mocker, monkeypatch, nc_validation_rules, no_cover, normal_sensor_stream, package_mocker, performance_timer, production_batch_100, pytestconfig, record_property, record_testsuite_property, record_xml_attribute, recwarn, respx_mock, risk_assessment_template, sample_circle, sample_gcode_fanuc, sample_gcode_heidenhain, sample_gcode_siemens, sample_polygon_square, sample_polygon_triangle, sample_process_card, session_mocker, standard_3view_images, subtests, temp_dir, test_report_collector, tmp_path, tmp_path_factory, tmpdir, tmpdir_factory, unused_tcp_port, unused_tcp_port_factory, unused_udp_port, unused_udp_port_factory
>       use 'pytest --fixtures [testpath]' for help on them.

C:\Users\Lenovo\Desktop\鐏靛鍒堕€狅紙涓婄嚎鐗堬級\python\tests\api\test_lnn.py:97
____ ERROR at setup of TestLNNPerformance.test_performance_returns_success ____
file C:\Users\Lenovo\Desktop\鐏靛鍒堕€狅紙涓婄嚎鐗堬級\python\tests\api\test_lnn.py, line 107
      def test_performance_returns_success(self, client):
E       fixture 'client' not found
>       available fixtures: _class_scoped_runner, _env_setup, _function_scoped_runner, _module_scoped_runner, _package_scoped_runner, _session_faker, _session_scoped_runner, anomaly_sensor_stream, anyio_backend, anyio_backend_name, anyio_backend_options, benchmark, benchmark_gcode_tolerance, benchmark_weave, capfd, capfdbinary, caplog, capsys, capsysbinary, capteesys, class_mocker, cov, doctest_namespace, event_loop_policy, extra, extras, faker, free_tcp_port, free_tcp_port_factory, free_udp_port, free_udp_port_factory, high_precision_timer, include_metadata_in_junit_xml, it8_tolerance_data, machining_params_steel, machining_params_tc4, material_aluminum_6061, material_steel_45, material_tc4, metadata, mocker, module_mocker, monkeypatch, nc_validation_rules, no_cover, normal_sensor_stream, package_mocker, performance_timer, production_batch_100, pytestconfig, record_property, record_testsuite_property, record_xml_attribute, recwarn, respx_mock, risk_assessment_template, sample_circle, sample_gcode_fanuc, sample_gcode_heidenhain, sample_gcode_siemens, sample_polygon_square, sample_polygon_triangle, sample_process_card, session_mocker, standard_3view_images, subtests, temp_dir, test_report_collector, tmp_path, tmp_path_factory, tmpdir, tmpdir_factory, unused_tcp_port, unused_tcp_port_factory, unused_udp_port, unused_udp_port_factory
>       use 'pytest --fixtures [testpath]' for help on them.

C:\Users\Lenovo\Desktop\鐏靛鍒堕€狅紙涓婄嚎鐗堬級\python\tests\api\test_lnn.py:107
______ ERROR at setup of TestLNNDevice.test_device_info_returns_success _______
file C:\Users\Lenovo\Desktop\鐏靛鍒堕€狅紙涓婄嚎鐗堬級\python\tests\api\test_lnn.py, line 117
      def test_device_info_returns_success(self, client):
E       fixture 'client' not found
>       available fixtures: _class_scoped_runner, _env_setup, _function_scoped_runner, _module_scoped_runner, _package_scoped_runner, _session_faker, _session_scoped_runner, anomaly_sensor_stream, anyio_backend, anyio_backend_name, anyio_backend_options, benchmark, benchmark_gcode_tolerance, benchmark_weave, capfd, capfdbinary, caplog, capsys, capsysbinary, capteesys, class_mocker, cov, doctest_namespace, event_loop_policy, extra, extras, faker, free_tcp_port, free_tcp_port_factory, free_udp_port, free_udp_port_factory, high_precision_timer, include_metadata_in_junit_xml, it8_tolerance_data, machining_params_steel, machining_params_tc4, material_aluminum_6061, material_steel_45, material_tc4, metadata, mocker, module_mocker, monkeypatch, nc_validation_rules, no_cover, normal_sensor_stream, package_mocker, performance_timer, production_batch_100, pytestconfig, record_property, record_testsuite_property, record_xml_attribute, recwarn, respx_mock, risk_assessment_template, sample_circle, sample_gcode_fanuc, sample_gcode_heidenhain, sample_gcode_siemens, sample_polygon_square, sample_polygon_triangle, sample_process_card, session_mocker, standard_3view_images, subtests, temp_dir, test_report_collector, tmp_path, tmp_path_factory, tmpdir, tmpdir_factory, unused_tcp_port, unused_tcp_port_factory, unused_udp_port, unused_udp_port_factory
>       use 'pytest --fixtures [testpath]' for help on them.

C:\Users\Lenovo\Desktop\鐏靛鍒堕€狅紙涓婄嚎鐗堬級\python\tests\api\test_lnn.py:117
_____ ERROR at setup of TestLNNDevice.test_device_status_returns_success ______
file C:\Users\Lenovo\Desktop\鐏靛鍒堕€狅紙涓婄嚎鐗堬級\python\tests\api\test_lnn.py, line 123
      def test_device_status_returns_success(self, client):
E       fixture 'client' not found
>       available fixtures: _class_scoped_runner, _env_setup, _function_scoped_runner, _module_scoped_runner, _package_scoped_runner, _session_faker, _session_scoped_runner, anomaly_sensor_stream, anyio_backend, anyio_backend_name, anyio_backend_options, benchmark, benchmark_gcode_tolerance, benchmark_weave, capfd, capfdbinary, caplog, capsys, capsysbinary, capteesys, class_mocker, cov, doctest_namespace, event_loop_policy, extra, extras, faker, free_tcp_port, free_tcp_port_factory, free_udp_port, free_udp_port_factory, high_precision_timer, include_metadata_in_junit_xml, it8_tolerance_data, machining_params_steel, machining_params_tc4, material_aluminum_6061, material_steel_45, material_tc4, metadata, mocker, module_mocker, monkeypatch, nc_validation_rules, no_cover, normal_sensor_stream, package_mocker, performance_timer, production_batch_100, pytestconfig, record_property, record_testsuite_property, record_xml_attribute, recwarn, respx_mock, risk_assessment_template, sample_circle, sample_gcode_fanuc, sample_gcode_heidenhain, sample_gcode_siemens, sample_polygon_square, sample_polygon_triangle, sample_process_card, session_mocker, standard_3view_images, subtests, temp_dir, test_report_collector, tmp_path, tmp_path_factory, tmpdir, tmpdir_factory, unused_tcp_port, unused_tcp_port_factory, unused_udp_port, unused_udp_port_factory
>       use 'pytest --fixtures [testpath]' for help on them.

C:\Users\Lenovo\Desktop\鐏靛鍒堕€狅紙涓婄嚎鐗堬級\python\tests\api\test_lnn.py:123
__ ERROR at setup of TestLNNDevice.test_device_clear_cache_endpoint_responds __
file C:\Users\Lenovo\Desktop\鐏靛鍒堕€狅紙涓婄嚎鐗堬級\python\tests\api\test_lnn.py, line 129
      def test_device_clear_cache_endpoint_responds(self, client):
E       fixture 'client' not found
>       available fixtures: _class_scoped_runner, _env_setup, _function_scoped_runner, _module_scoped_runner, _package_scoped_runner, _session_faker, _session_scoped_runner, anomaly_sensor_stream, anyio_backend, anyio_backend_name, anyio_backend_options, benchmark, benchmark_gcode_tolerance, benchmark_weave, capfd, capfdbinary, caplog, capsys, capsysbinary, capteesys, class_mocker, cov, doctest_namespace, event_loop_policy, extra, extras, faker, free_tcp_port, free_tcp_port_factory, free_udp_port, free_udp_port_factory, high_precision_timer, include_metadata_in_junit_xml, it8_tolerance_data, machining_params_steel, machining_params_tc4, material_aluminum_6061, material_steel_45, material_tc4, metadata, mocker, module_mocker, monkeypatch, nc_validation_rules, no_cover, normal_sensor_stream, package_mocker, performance_timer, production_batch_100, pytestconfig, record_property, record_testsuite_property, record_xml_attribute, recwarn, respx_mock, risk_assessment_template, sample_circle, sample_gcode_fanuc, sample_gcode_heidenhain, sample_gcode_siemens, sample_polygon_square, sample_polygon_triangle, sample_process_card, session_mocker, standard_3view_images, subtests, temp_dir, test_report_collector, tmp_path, tmp_path_factory, tmpdir, tmpdir_factory, unused_tcp_port, unused_tcp_port_factory, unused_udp_port, unused_udp_port_factory
>       use 'pytest --fixtures [testpath]' for help on them.

C:\Users\Lenovo\Desktop\鐏靛鍒堕€狅紙涓婄嚎鐗堬級\python\tests\api\test_lnn.py:129
_ ERROR at setup of TestLNNValidate.test_validate_nonexistent_model_returns_error _
file C:\Users\Lenovo\Desktop\鐏靛鍒堕€狅紙涓婄嚎鐗堬級\python\tests\api\test_lnn.py, line 139
      def test_validate_nonexistent_model_returns_error(self, client):
E       fixture 'client' not found
>       available fixtures: _class_scoped_runner, _env_setup, _function_scoped_runner, _module_scoped_runner, _package_scoped_runner, _session_faker, _session_scoped_runner, anomaly_sensor_stream, anyio_backend, anyio_backend_name, anyio_backend_options, benchmark, benchmark_gcode_tolerance, benchmark_weave, capfd, capfdbinary, caplog, capsys, capsysbinary, capteesys, class_mocker, cov, doctest_namespace, event_loop_policy, extra, extras, faker, free_tcp_port, free_tcp_port_factory, free_udp_port, free_udp_port_factory, high_precision_timer, include_metadata_in_junit_xml, it8_tolerance_data, machining_params_steel, machining_params_tc4, material_aluminum_6061, material_steel_45, material_tc4, metadata, mocker, module_mocker, monkeypatch, nc_validation_rules, no_cover, normal_sensor_stream, package_mocker, performance_timer, production_batch_100, pytestconfig, record_property, record_testsuite_property, record_xml_attribute, recwarn, respx_mock, risk_assessment_template, sample_circle, sample_gcode_fanuc, sample_gcode_heidenhain, sample_gcode_siemens, sample_polygon_square, sample_polygon_triangle, sample_process_card, session_mocker, standard_3view_images, subtests, temp_dir, test_report_collector, tmp_path, tmp_path_factory, tmpdir, tmpdir_factory, unused_tcp_port, unused_tcp_port_factory, unused_udp_port, unused_udp_port_factory
>       use 'pytest --fixtures [testpath]' for help on them.

C:\Users\Lenovo\Desktop\鐏靛鍒堕€狅紙涓婄嚎鐗堬級\python\tests\api\test_lnn.py:139
_ ERROR at setup of TestLNNBatchInference.test_batch_inference_missing_required_fields_returns_422 _
file C:\Users\Lenovo\Desktop\鐏靛鍒堕€狅紙涓婄嚎鐗堬級\python\tests\api\test_lnn.py, line 152
      def test_batch_inference_missing_required_fields_returns_422(self, client):
E       fixture 'client' not found
>       available fixtures: _class_scoped_runner, _env_setup, _function_scoped_runner, _module_scoped_runner, _package_scoped_runner, _session_faker, _session_scoped_runner, anomaly_sensor_stream, anyio_backend, anyio_backend_name, anyio_backend_options, benchmark, benchmark_gcode_tolerance, benchmark_weave, capfd, capfdbinary, caplog, capsys, capsysbinary, capteesys, class_mocker, cov, doctest_namespace, event_loop_policy, extra, extras, faker, free_tcp_port, free_tcp_port_factory, free_udp_port, free_udp_port_factory, high_precision_timer, include_metadata_in_junit_xml, it8_tolerance_data, machining_params_steel, machining_params_tc4, material_aluminum_6061, material_steel_45, material_tc4, metadata, mocker, module_mocker, monkeypatch, nc_validation_rules, no_cover, normal_sensor_stream, package_mocker, performance_timer, production_batch_100, pytestconfig, record_property, record_testsuite_property, record_xml_attribute, recwarn, respx_mock, risk_assessment_template, sample_circle, sample_gcode_fanuc, sample_gcode_heidenhain, sample_gcode_siemens, sample_polygon_square, sample_polygon_triangle, sample_process_card, session_mocker, standard_3view_images, subtests, temp_dir, test_report_collector, tmp_path, tmp_path_factory, tmpdir, tmpdir_factory, unused_tcp_port, unused_tcp_port_factory, unused_udp_port, unused_udp_port_factory
>       use 'pytest --fixtures [testpath]' for help on them.

C:\Users\Lenovo\Desktop\鐏靛鍒堕€狅紙涓婄嚎鐗堬級\python\tests\api\test_lnn.py:152
_ ERROR at setup of TestLNNSecurityHeaders.test_lnn_endpoint_has_security_headers _
file C:\Users\Lenovo\Desktop\鐏靛鍒堕€狅紙涓婄嚎鐗堬級\python\tests\api\test_lnn.py, line 160
      def test_lnn_endpoint_has_security_headers(self, client):
E       fixture 'client' not found
>       available fixtures: _class_scoped_runner, _env_setup, _function_scoped_runner, _module_scoped_runner, _package_scoped_runner, _session_faker, _session_scoped_runner, anomaly_sensor_stream, anyio_backend, anyio_backend_name, anyio_backend_options, benchmark, benchmark_gcode_tolerance, benchmark_weave, capfd, capfdbinary, caplog, capsys, capsysbinary, capteesys, class_mocker, cov, doctest_namespace, event_loop_policy, extra, extras, faker, free_tcp_port, free_tcp_port_factory, free_udp_port, free_udp_port_factory, high_precision_timer, include_metadata_in_junit_xml, it8_tolerance_data, machining_params_steel, machining_params_tc4, material_aluminum_6061, material_steel_45, material_tc4, metadata, mocker, module_mocker, monkeypatch, nc_validation_rules, no_cover, normal_sensor_stream, package_mocker, performance_timer, production_batch_100, pytestconfig, record_property, record_testsuite_property, record_xml_attribute, recwarn, respx_mock, risk_assessment_template, sample_circle, sample_gcode_fanuc, sample_gcode_heidenhain, sample_gcode_siemens, sample_polygon_square, sample_polygon_triangle, sample_process_card, session_mocker, standard_3view_images, subtests, temp_dir, test_report_collector, tmp_path, tmp_path_factory, tmpdir, tmpdir_factory, unused_tcp_port, unused_tcp_port_factory, unused_udp_port, unused_udp_port_factory
>       use 'pytest --fixtures [testpath]' for help on them.

C:\Users\Lenovo\Desktop\鐏靛鍒堕€狅紙涓婄嚎鐗堬級\python\tests\api\test_lnn.py:160
___ ERROR at setup of TestHealthEndpoints.test_health_check_returns_healthy ___
file C:\Users\Lenovo\Desktop\鐏靛鍒堕€狅紙涓婄嚎鐗堬級\python\tests\api\test_main_routes.py, line 11
      def test_health_check_returns_healthy(self, client):
E       fixture 'client' not found
>       available fixtures: _class_scoped_runner, _env_setup, _function_scoped_runner, _module_scoped_runner, _package_scoped_runner, _session_faker, _session_scoped_runner, anomaly_sensor_stream, anyio_backend, anyio_backend_name, anyio_backend_options, benchmark, benchmark_gcode_tolerance, benchmark_weave, capfd, capfdbinary, caplog, capsys, capsysbinary, capteesys, class_mocker, cov, doctest_namespace, event_loop_policy, extra, extras, faker, free_tcp_port, free_tcp_port_factory, free_udp_port, free_udp_port_factory, high_precision_timer, include_metadata_in_junit_xml, it8_tolerance_data, machining_params_steel, machining_params_tc4, material_aluminum_6061, material_steel_45, material_tc4, metadata, mocker, module_mocker, monkeypatch, nc_validation_rules, no_cover, normal_sensor_stream, package_mocker, performance_timer, production_batch_100, pytestconfig, record_property, record_testsuite_property, record_xml_attribute, recwarn, respx_mock, risk_assessment_template, sample_circle, sample_gcode_fanuc, sample_gcode_heidenhain, sample_gcode_siemens, sample_polygon_square, sample_polygon_triangle, sample_process_card, session_mocker, standard_3view_images, subtests, temp_dir, test_report_collector, tmp_path, tmp_path_factory, tmpdir, tmpdir_factory, unused_tcp_port, unused_tcp_port_factory, unused_udp_port, unused_udp_port_factory
>       use 'pytest --fixtures [testpath]' for help on them.

C:\Users\Lenovo\Desktop\鐏靛鍒堕€狅紙涓婄嚎鐗堬級\python\tests\api\test_main_routes.py:11
___ ERROR at setup of TestHealthEndpoints.test_api_health_check_returns_ok ____
file C:\Users\Lenovo\Desktop\鐏靛鍒堕€狅紙涓婄嚎鐗堬級\python\tests\api\test_main_routes.py, line 20
      def test_api_health_check_returns_ok(self, client):
E       fixture 'client' not found
>       available fixtures: _class_scoped_runner, _env_setup, _function_scoped_runner, _module_scoped_runner, _package_scoped_runner, _session_faker, _session_scoped_runner, anomaly_sensor_stream, anyio_backend, anyio_backend_name, anyio_backend_options, benchmark, benchmark_gcode_tolerance, benchmark_weave, capfd, capfdbinary, caplog, capsys, capsysbinary, capteesys, class_mocker, cov, doctest_namespace, event_loop_policy, extra, extras, faker, free_tcp_port, free_tcp_port_factory, free_udp_port, free_udp_port_factory, high_precision_timer, include_metadata_in_junit_xml, it8_tolerance_data, machining_params_steel, machining_params_tc4, material_aluminum_6061, material_steel_45, material_tc4, metadata, mocker, module_mocker, monkeypatch, nc_validation_rules, no_cover, normal_sensor_stream, package_mocker, performance_timer, production_batch_100, pytestconfig, record_property, record_testsuite_property, record_xml_attribute, recwarn, respx_mock, risk_assessment_template, sample_circle, sample_gcode_fanuc, sample_gcode_heidenhain, sample_gcode_siemens, sample_polygon_square, sample_polygon_triangle, sample_process_card, session_mocker, standard_3view_images, subtests, temp_dir, test_report_collector, tmp_path, tmp_path_factory, tmpdir, tmpdir_factory, unused_tcp_port, unused_tcp_port_factory, unused_udp_port, unused_udp_port_factory
>       use 'pytest --fixtures [testpath]' for help on them.

C:\Users\Lenovo\Desktop\鐏靛鍒堕€狅紙涓婄嚎鐗堬級\python\tests\api\test_main_routes.py:20
________ ERROR at setup of TestHealthEndpoints.test_ping_returns_true _________
file C:\Users\Lenovo\Desktop\鐏靛鍒堕€狅紙涓婄嚎鐗堬級\python\tests\api\test_main_routes.py, line 27
      def test_ping_returns_true(self, client):
E       fixture 'client' not found
>       available fixtures: _class_scoped_runner, _env_setup, _function_scoped_runner, _module_scoped_runner, _package_scoped_runner, _session_faker, _session_scoped_runner, anomaly_sensor_stream, anyio_backend, anyio_backend_name, anyio_backend_options, benchmark, benchmark_gcode_tolerance, benchmark_weave, capfd, capfdbinary, caplog, capsys, capsysbinary, capteesys, class_mocker, cov, doctest_namespace, event_loop_policy, extra, extras, faker, free_tcp_port, free_tcp_port_factory, free_udp_port, free_udp_port_factory, high_precision_timer, include_metadata_in_junit_xml, it8_tolerance_data, machining_params_steel, machining_params_tc4, material_aluminum_6061, material_steel_45, material_tc4, metadata, mocker, module_mocker, monkeypatch, nc_validation_rules, no_cover, normal_sensor_stream, package_mocker, performance_timer, production_batch_100, pytestconfig, record_property, record_testsuite_property, record_xml_attribute, recwarn, respx_mock, risk_assessment_template, sample_circle, sample_gcode_fanuc, sample_gcode_heidenhain, sample_gcode_siemens, sample_polygon_square, sample_polygon_triangle, sample_process_card, session_mocker, standard_3view_images, subtests, temp_dir, test_report_collector, tmp_path, tmp_path_factory, tmpdir, tmpdir_factory, unused_tcp_port, unused_tcp_port_factory, unused_udp_port, unused_udp_port_factory
>       use 'pytest --fixtures [testpath]' for help on them.

C:\Users\Lenovo\Desktop\鐏靛鍒堕€狅紙涓婄嚎鐗堬級\python\tests\api\test_main_routes.py:27
_ ERROR at setup of TestHealthEndpoints.test_health_endpoint_has_security_headers _
file C:\Users\Lenovo\Desktop\鐏靛鍒堕€狅紙涓婄嚎鐗堬級\python\tests\api\test_main_routes.py, line 33
      def test_health_endpoint_has_security_headers(self, client):
E       fixture 'client' not found
>       available fixtures: _class_scoped_runner, _env_setup, _function_scoped_runner, _module_scoped_runner, _package_scoped_runner, _session_faker, _session_scoped_runner, anomaly_sensor_stream, anyio_backend, anyio_backend_name, anyio_backend_options, benchmark, benchmark_gcode_tolerance, benchmark_weave, capfd, capfdbinary, caplog, capsys, capsysbinary, capteesys, class_mocker, cov, doctest_namespace, event_loop_policy, extra, extras, faker, free_tcp_port, free_tcp_port_factory, free_udp_port, free_udp_port_factory, high_precision_timer, include_metadata_in_junit_xml, it8_tolerance_data, machining_params_steel, machining_params_tc4, material_aluminum_6061, material_steel_45, material_tc4, metadata, mocker, module_mocker, monkeypatch, nc_validation_rules, no_cover, normal_sensor_stream, package_mocker, performance_timer, production_batch_100, pytestconfig, record_property, record_testsuite_property, record_xml_attribute, recwarn, respx_mock, risk_assessment_template, sample_circle, sample_gcode_fanuc, sample_gcode_heidenhain, sample_gcode_siemens, sample_polygon_square, sample_polygon_triangle, sample_process_card, session_mocker, standard_3view_images, subtests, temp_dir, test_report_collector, tmp_path, tmp_path_factory, tmpdir, tmpdir_factory, unused_tcp_port, unused_tcp_port_factory, unused_udp_port, unused_udp_port_factory
>       use 'pytest --fixtures [testpath]' for help on them.

C:\Users\Lenovo\Desktop\鐏靛鍒堕€狅紙涓婄嚎鐗堬級\python\tests\api\test_main_routes.py:33
_______ ERROR at setup of TestVersionEndpoint.test_version_returns_dict _______
file C:\Users\Lenovo\Desktop\鐏靛鍒堕€狅紙涓婄嚎鐗堬級\python\tests\api\test_main_routes.py, line 45
      def test_version_returns_dict(self, client):
E       fixture 'client' not found
>       available fixtures: _class_scoped_runner, _env_setup, _function_scoped_runner, _module_scoped_runner, _package_scoped_runner, _session_faker, _session_scoped_runner, anomaly_sensor_stream, anyio_backend, anyio_backend_name, anyio_backend_options, benchmark, benchmark_gcode_tolerance, benchmark_weave, capfd, capfdbinary, caplog, capsys, capsysbinary, capteesys, class_mocker, cov, doctest_namespace, event_loop_policy, extra, extras, faker, free_tcp_port, free_tcp_port_factory, free_udp_port, free_udp_port_factory, high_precision_timer, include_metadata_in_junit_xml, it8_tolerance_data, machining_params_steel, machining_params_tc4, material_aluminum_6061, material_steel_45, material_tc4, metadata, mocker, module_mocker, monkeypatch, nc_validation_rules, no_cover, normal_sensor_stream, package_mocker, performance_timer, production_batch_100, pytestconfig, record_property, record_testsuite_property, record_xml_attribute, recwarn, respx_mock, risk_assessment_template, sample_circle, sample_gcode_fanuc, sample_gcode_heidenhain, sample_gcode_siemens, sample_polygon_square, sample_polygon_triangle, sample_process_card, session_mocker, standard_3view_images, subtests, temp_dir, test_report_collector, tmp_path, tmp_path_factory, tmpdir, tmpdir_factory, unused_tcp_port, unused_tcp_port_factory, unused_udp_port, unused_udp_port_factory
>       use 'pytest --fixtures [testpath]' for help on them.

C:\Users\Lenovo\Desktop\鐏靛鍒堕€狅紙涓婄嚎鐗堬級\python\tests\api\test_main_routes.py:45
________ ERROR at setup of TestVersionEndpoint.test_version_is_string _________
file C:\Users\Lenovo\Desktop\鐏靛鍒堕€狅紙涓婄嚎鐗堬級\python\tests\api\test_main_routes.py, line 52
      def test_version_is_string(self, client):
E       fixture 'client' not found
>       available fixtures: _class_scoped_runner, _env_setup, _function_scoped_runner, _module_scoped_runner, _package_scoped_runner, _session_faker, _session_scoped_runner, anomaly_sensor_stream, anyio_backend, anyio_backend_name, anyio_backend_options, benchmark, benchmark_gcode_tolerance, benchmark_weave, capfd, capfdbinary, caplog, capsys, capsysbinary, capteesys, class_mocker, cov, doctest_namespace, event_loop_policy, extra, extras, faker, free_tcp_port, free_tcp_port_factory, free_udp_port, free_udp_port_factory, high_precision_timer, include_metadata_in_junit_xml, it8_tolerance_data, machining_params_steel, machining_params_tc4, material_aluminum_6061, material_steel_45, material_tc4, metadata, mocker, module_mocker, monkeypatch, nc_validation_rules, no_cover, normal_sensor_stream, package_mocker, performance_timer, production_batch_100, pytestconfig, record_property, record_testsuite_property, record_xml_attribute, recwarn, respx_mock, risk_assessment_template, sample_circle, sample_gcode_fanuc, sample_gcode_heidenhain, sample_gcode_siemens, sample_polygon_square, sample_polygon_triangle, sample_process_card, session_mocker, standard_3view_images, subtests, temp_dir, test_report_collector, tmp_path, tmp_path_factory, tmpdir, tmpdir_factory, unused_tcp_port, unused_tcp_port_factory, unused_udp_port, unused_udp_port_factory
>       use 'pytest --fixtures [testpath]' for help on them.

C:\Users\Lenovo\Desktop\鐏靛鍒堕€狅紙涓婄嚎鐗堬級\python\tests\api\test_main_routes.py:52
_______ ERROR at setup of TestMetricsEndpoint.test_metrics_returns_text _______
file C:\Users\Lenovo\Desktop\鐏靛鍒堕€狅紙涓婄嚎鐗堬級\python\tests\api\test_main_routes.py, line 62
      def test_metrics_returns_text(self, client):
E       fixture 'client' not found
>       available fixtures: _class_scoped_runner, _env_setup, _function_scoped_runner, _module_scoped_runner, _package_scoped_runner, _session_faker, _session_scoped_runner, anomaly_sensor_stream, anyio_backend, anyio_backend_name, anyio_backend_options, benchmark, benchmark_gcode_tolerance, benchmark_weave, capfd, capfdbinary, caplog, capsys, capsysbinary, capteesys, class_mocker, cov, doctest_namespace, event_loop_policy, extra, extras, faker, free_tcp_port, free_tcp_port_factory, free_udp_port, free_udp_port_factory, high_precision_timer, include_metadata_in_junit_xml, it8_tolerance_data, machining_params_steel, machining_params_tc4, material_aluminum_6061, material_steel_45, material_tc4, metadata, mocker, module_mocker, monkeypatch, nc_validation_rules, no_cover, normal_sensor_stream, package_mocker, performance_timer, production_batch_100, pytestconfig, record_property, record_testsuite_property, record_xml_attribute, recwarn, respx_mock, risk_assessment_template, sample_circle, sample_gcode_fanuc, sample_gcode_heidenhain, sample_gcode_siemens, sample_polygon_square, sample_polygon_triangle, sample_process_card, session_mocker, standard_3view_images, subtests, temp_dir, test_report_collector, tmp_path, tmp_path_factory, tmpdir, tmpdir_factory, unused_tcp_port, unused_tcp_port_factory, unused_udp_port, unused_udp_port_factory
>       use 'pytest --fixtures [testpath]' for help on them.

C:\Users\Lenovo\Desktop\鐏靛鍒堕€狅紙涓婄嚎鐗堬級\python\tests\api\test_main_routes.py:62
___ ERROR at setup of TestMetricsEndpoint.test_metrics_content_is_non_empty ___
file C:\Users\Lenovo\Desktop\鐏靛鍒堕€狅紙涓婄嚎鐗堬級\python\tests\api\test_main_routes.py, line 67
      def test_metrics_content_is_non_empty(self, client):
E       fixture 'client' not found
>       available fixtures: _class_scoped_runner, _env_setup, _function_scoped_runner, _module_scoped_runner, _package_scoped_runner, _session_faker, _session_scoped_runner, anomaly_sensor_stream, anyio_backend, anyio_backend_name, anyio_backend_options, benchmark, benchmark_gcode_tolerance, benchmark_weave, capfd, capfdbinary, caplog, capsys, capsysbinary, capteesys, class_mocker, cov, doctest_namespace, event_loop_policy, extra, extras, faker, free_tcp_port, free_tcp_port_factory, free_udp_port, free_udp_port_factory, high_precision_timer, include_metadata_in_junit_xml, it8_tolerance_data, machining_params_steel, machining_params_tc4, material_aluminum_6061, material_steel_45, material_tc4, metadata, mocker, module_mocker, monkeypatch, nc_validation_rules, no_cover, normal_sensor_stream, package_mocker, performance_timer, production_batch_100, pytestconfig, record_property, record_testsuite_property, record_xml_attribute, recwarn, respx_mock, risk_assessment_template, sample_circle, sample_gcode_fanuc, sample_gcode_heidenhain, sample_gcode_siemens, sample_polygon_square, sample_polygon_triangle, sample_process_card, session_mocker, standard_3view_images, subtests, temp_dir, test_report_collector, tmp_path, tmp_path_factory, tmpdir, tmpdir_factory, unused_tcp_port, unused_tcp_port_factory, unused_udp_port, unused_udp_port_factory
>       use 'pytest --fixtures [testpath]' for help on them.

C:\Users\Lenovo\Desktop\鐏靛鍒堕€狅紙涓婄嚎鐗堬級\python\tests\api\test_main_routes.py:67
_____ ERROR at setup of TestLogsEndpoints.test_logs_stats_returns_success _____
file C:\Users\Lenovo\Desktop\鐏靛鍒堕€狅紙涓婄嚎鐗堬級\python\tests\api\test_main_routes.py, line 75
      def test_logs_stats_returns_success(self, client):
E       fixture 'client' not found
>       available fixtures: _class_scoped_runner, _env_setup, _function_scoped_runner, _module_scoped_runner, _package_scoped_runner, _session_faker, _session_scoped_runner, anomaly_sensor_stream, anyio_backend, anyio_backend_name, anyio_backend_options, benchmark, benchmark_gcode_tolerance, benchmark_weave, capfd, capfdbinary, caplog, capsys, capsysbinary, capteesys, class_mocker, cov, doctest_namespace, event_loop_policy, extra, extras, faker, free_tcp_port, free_tcp_port_factory, free_udp_port, free_udp_port_factory, high_precision_timer, include_metadata_in_junit_xml, it8_tolerance_data, machining_params_steel, machining_params_tc4, material_aluminum_6061, material_steel_45, material_tc4, metadata, mocker, module_mocker, monkeypatch, nc_validation_rules, no_cover, normal_sensor_stream, package_mocker, performance_timer, production_batch_100, pytestconfig, record_property, record_testsuite_property, record_xml_attribute, recwarn, respx_mock, risk_assessment_template, sample_circle, sample_gcode_fanuc, sample_gcode_heidenhain, sample_gcode_siemens, sample_polygon_square, sample_polygon_triangle, sample_process_card, session_mocker, standard_3view_images, subtests, temp_dir, test_report_collector, tmp_path, tmp_path_factory, tmpdir, tmpdir_factory, unused_tcp_port, unused_tcp_port_factory, unused_udp_port, unused_udp_port_factory
>       use 'pytest --fixtures [testpath]' for help on them.

C:\Users\Lenovo\Desktop\鐏靛鍒堕€狅紙涓婄嚎鐗堬級\python\tests\api\test_main_routes.py:75
______ ERROR at setup of TestLogsEndpoints.test_logs_stats_has_data_key _______
file C:\Users\Lenovo\Desktop\鐏靛鍒堕€狅紙涓婄嚎鐗堬級\python\tests\api\test_main_routes.py, line 81
      def test_logs_stats_has_data_key(self, client):
E       fixture 'client' not found
>       available fixtures: _class_scoped_runner, _env_setup, _function_scoped_runner, _module_scoped_runner, _package_scoped_runner, _session_faker, _session_scoped_runner, anomaly_sensor_stream, anyio_backend, anyio_backend_name, anyio_backend_options, benchmark, benchmark_gcode_tolerance, benchmark_weave, capfd, capfdbinary, caplog, capsys, capsysbinary, capteesys, class_mocker, cov, doctest_namespace, event_loop_policy, extra, extras, faker, free_tcp_port, free_tcp_port_factory, free_udp_port, free_udp_port_factory, high_precision_timer, include_metadata_in_junit_xml, it8_tolerance_data, machining_params_steel, machining_params_tc4, material_aluminum_6061, material_steel_45, material_tc4, metadata, mocker, module_mocker, monkeypatch, nc_validation_rules, no_cover, normal_sensor_stream, package_mocker, performance_timer, production_batch_100, pytestconfig, record_property, record_testsuite_property, record_xml_attribute, recwarn, respx_mock, risk_assessment_template, sample_circle, sample_gcode_fanuc, sample_gcode_heidenhain, sample_gcode_siemens, sample_polygon_square, sample_polygon_triangle, sample_process_card, session_mocker, standard_3view_images, subtests, temp_dir, test_report_collector, tmp_path, tmp_path_factory, tmpdir, tmpdir_factory, unused_tcp_port, unused_tcp_port_factory, unused_udp_port, unused_udp_port_factory
>       use 'pytest --fixtures [testpath]' for help on them.

C:\Users\Lenovo\Desktop\鐏靛鍒堕€狅紙涓婄嚎鐗堬級\python\tests\api\test_main_routes.py:81
_ ERROR at setup of TestLogsEndpoints.test_query_logs_valid_buffer_type[request] _
file C:\Users\Lenovo\Desktop\鐏靛鍒堕€狅紙涓婄嚎鐗堬級\python\tests\api\test_main_routes.py, line 86
      @pytest.mark.parametrize(
          "buffer_type",
          [
              "request",
              "system_event",
          ],
      )
      def test_query_logs_valid_buffer_type(self, client, buffer_type):
E       fixture 'client' not found
>       available fixtures: _class_scoped_runner, _env_setup, _function_scoped_runner, _module_scoped_runner, _package_scoped_runner, _session_faker, _session_scoped_runner, anomaly_sensor_stream, anyio_backend, anyio_backend_name, anyio_backend_options, benchmark, benchmark_gcode_tolerance, benchmark_weave, capfd, capfdbinary, caplog, capsys, capsysbinary, capteesys, class_mocker, cov, doctest_namespace, event_loop_policy, extra, extras, faker, free_tcp_port, free_tcp_port_factory, free_udp_port, free_udp_port_factory, high_precision_timer, include_metadata_in_junit_xml, it8_tolerance_data, machining_params_steel, machining_params_tc4, material_aluminum_6061, material_steel_45, material_tc4, metadata, mocker, module_mocker, monkeypatch, nc_validation_rules, no_cover, normal_sensor_stream, package_mocker, performance_timer, production_batch_100, pytestconfig, record_property, record_testsuite_property, record_xml_attribute, recwarn, respx_mock, risk_assessment_template, sample_circle, sample_gcode_fanuc, sample_gcode_heidenhain, sample_gcode_siemens, sample_polygon_square, sample_polygon_triangle, sample_process_card, session_mocker, standard_3view_images, subtests, temp_dir, test_report_collector, tmp_path, tmp_path_factory, tmpdir, tmpdir_factory, unused_tcp_port, unused_tcp_port_factory, unused_udp_port, unused_udp_port_factory
>       use 'pytest --fixtures [testpath]' for help on them.

C:\Users\Lenovo\Desktop\鐏靛鍒堕€狅紙涓婄嚎鐗堬級\python\tests\api\test_main_routes.py:86
_ ERROR at setup of TestLogsEndpoints.test_query_logs_valid_buffer_type[system_event] _
file C:\Users\Lenovo\Desktop\鐏靛鍒堕€狅紙涓婄嚎鐗堬級\python\tests\api\test_main_routes.py, line 86
      @pytest.mark.parametrize(
          "buffer_type",
          [
              "request",
              "system_event",
          ],
      )
      def test_query_logs_valid_buffer_type(self, client, buffer_type):
E       fixture 'client' not found
>       available fixtures: _class_scoped_runner, _env_setup, _function_scoped_runner, _module_scoped_runner, _package_scoped_runner, _session_faker, _session_scoped_runner, anomaly_sensor_stream, anyio_backend, anyio_backend_name, anyio_backend_options, benchmark, benchmark_gcode_tolerance, benchmark_weave, capfd, capfdbinary, caplog, capsys, capsysbinary, capteesys, class_mocker, cov, doctest_namespace, event_loop_policy, extra, extras, faker, free_tcp_port, free_tcp_port_factory, free_udp_port, free_udp_port_factory, high_precision_timer, include_metadata_in_junit_xml, it8_tolerance_data, machining_params_steel, machining_params_tc4, material_aluminum_6061, material_steel_45, material_tc4, metadata, mocker, module_mocker, monkeypatch, nc_validation_rules, no_cover, normal_sensor_stream, package_mocker, performance_timer, production_batch_100, pytestconfig, record_property, record_testsuite_property, record_xml_attribute, recwarn, respx_mock, risk_assessment_template, sample_circle, sample_gcode_fanuc, sample_gcode_heidenhain, sample_gcode_siemens, sample_polygon_square, sample_polygon_triangle, sample_process_card, session_mocker, standard_3view_images, subtests, temp_dir, test_report_collector, tmp_path, tmp_path_factory, tmpdir, tmpdir_factory, unused_tcp_port, unused_tcp_port_factory, unused_udp_port, unused_udp_port_factory
>       use 'pytest --fixtures [testpath]' for help on them.

C:\Users\Lenovo\Desktop\鐏靛鍒堕€狅紙涓婄嚎鐗堬級\python\tests\api\test_main_routes.py:86
_ ERROR at setup of TestLogsEndpoints.test_query_logs_invalid_buffer_type_returns_400 _
file C:\Users\Lenovo\Desktop\鐏靛鍒堕€狅紙涓婄嚎鐗堬級\python\tests\api\test_main_routes.py, line 100
      def test_query_logs_invalid_buffer_type_returns_400(self, client):
E       fixture 'client' not found
>       available fixtures: _class_scoped_runner, _env_setup, _function_scoped_runner, _module_scoped_runner, _package_scoped_runner, _session_faker, _session_scoped_runner, anomaly_sensor_stream, anyio_backend, anyio_backend_name, anyio_backend_options, benchmark, benchmark_gcode_tolerance, benchmark_weave, capfd, capfdbinary, caplog, capsys, capsysbinary, capteesys, class_mocker, cov, doctest_namespace, event_loop_policy, extra, extras, faker, free_tcp_port, free_tcp_port_factory, free_udp_port, free_udp_port_factory, high_precision_timer, include_metadata_in_junit_xml, it8_tolerance_data, machining_params_steel, machining_params_tc4, material_aluminum_6061, material_steel_45, material_tc4, metadata, mocker, module_mocker, monkeypatch, nc_validation_rules, no_cover, normal_sensor_stream, package_mocker, performance_timer, production_batch_100, pytestconfig, record_property, record_testsuite_property, record_xml_attribute, recwarn, respx_mock, risk_assessment_template, sample_circle, sample_gcode_fanuc, sample_gcode_heidenhain, sample_gcode_siemens, sample_polygon_square, sample_polygon_triangle, sample_process_card, session_mocker, standard_3view_images, subtests, temp_dir, test_report_collector, tmp_path, tmp_path_factory, tmpdir, tmpdir_factory, unused_tcp_port, unused_tcp_port_factory, unused_udp_port, unused_udp_port_factory
>       use 'pytest --fixtures [testpath]' for help on them.

C:\Users\Lenovo\Desktop\鐏靛鍒堕€狅紙涓婄嚎鐗堬級\python\tests\api\test_main_routes.py:100
__ ERROR at setup of TestLogsEndpoints.test_query_logs_with_limit_and_offset __
file C:\Users\Lenovo\Desktop\鐏靛鍒堕€狅紙涓婄嚎鐗堬級\python\tests\api\test_main_routes.py, line 106
      def test_query_logs_with_limit_and_offset(self, client):
E       fixture 'client' not found
>       available fixtures: _class_scoped_runner, _env_setup, _function_scoped_runner, _module_scoped_runner, _package_scoped_runner, _session_faker, _session_scoped_runner, anomaly_sensor_stream, anyio_backend, anyio_backend_name, anyio_backend_options, benchmark, benchmark_gcode_tolerance, benchmark_weave, capfd, capfdbinary, caplog, capsys, capsysbinary, capteesys, class_mocker, cov, doctest_namespace, event_loop_policy, extra, extras, faker, free_tcp_port, free_tcp_port_factory, free_udp_port, free_udp_port_factory, high_precision_timer, include_metadata_in_junit_xml, it8_tolerance_data, machining_params_steel, machining_params_tc4, material_aluminum_6061, material_steel_45, material_tc4, metadata, mocker, module_mocker, monkeypatch, nc_validation_rules, no_cover, normal_sensor_stream, package_mocker, performance_timer, production_batch_100, pytestconfig, record_property, record_testsuite_property, record_xml_attribute, recwarn, respx_mock, risk_assessment_template, sample_circle, sample_gcode_fanuc, sample_gcode_heidenhain, sample_gcode_siemens, sample_polygon_square, sample_polygon_triangle, sample_process_card, session_mocker, standard_3view_images, subtests, temp_dir, test_report_collector, tmp_path, tmp_path_factory, tmpdir, tmpdir_factory, unused_tcp_port, unused_tcp_port_factory, unused_udp_port, unused_udp_port_factory
>       use 'pytest --fixtures [testpath]' for help on them.

C:\Users\Lenovo\Desktop\鐏靛鍒堕€狅紙涓婄嚎鐗堬級\python\tests\api\test_main_routes.py:106
____ ERROR at setup of TestLogsEndpoints.test_query_logs_with_level_filter ____
file C:\Users\Lenovo\Desktop\鐏靛鍒堕€狅紙涓婄嚎鐗堬級\python\tests\api\test_main_routes.py, line 112
      def test_query_logs_with_level_filter(self, client):
E       fixture 'client' not found
>       available fixtures: _class_scoped_runner, _env_setup, _function_scoped_runner, _module_scoped_runner, _package_scoped_runner, _session_faker, _session_scoped_runner, anomaly_sensor_stream, anyio_backend, anyio_backend_name, anyio_backend_options, benchmark, benchmark_gcode_tolerance, benchmark_weave, capfd, capfdbinary, caplog, capsys, capsysbinary, capteesys, class_mocker, cov, doctest_namespace, event_loop_policy, extra, extras, faker, free_tcp_port, free_tcp_port_factory, free_udp_port, free_udp_port_factory, high_precision_timer, include_metadata_in_junit_xml, it8_tolerance_data, machining_params_steel, machining_params_tc4, material_aluminum_6061, material_steel_45, material_tc4, metadata, mocker, module_mocker, monkeypatch, nc_validation_rules, no_cover, normal_sensor_stream, package_mocker, performance_timer, production_batch_100, pytestconfig, record_property, record_testsuite_property, record_xml_attribute, recwarn, respx_mock, risk_assessment_template, sample_circle, sample_gcode_fanuc, sample_gcode_heidenhain, sample_gcode_siemens, sample_polygon_square, sample_polygon_triangle, sample_process_card, session_mocker, standard_3view_images, subtests, temp_dir, test_report_collector, tmp_path, tmp_path_factory, tmpdir, tmpdir_factory, unused_tcp_port, unused_tcp_port_factory, unused_udp_port, unused_udp_port_factory
>       use 'pytest --fixtures [testpath]' for help on them.

C:\Users\Lenovo\Desktop\鐏靛鍒堕€狅紙涓婄嚎鐗堬級\python\tests\api\test_main_routes.py:112
_ ERROR at setup of TestAPIDocumentation.test_openapi_json_returns_valid_schema _
file C:\Users\Lenovo\Desktop\鐏靛鍒堕€狅紙涓婄嚎鐗堬級\python\tests\api\test_main_routes.py, line 120
      def test_openapi_json_returns_valid_schema(self, client):
E       fixture 'client' not found
>       available fixtures: _class_scoped_runner, _env_setup, _function_scoped_runner, _module_scoped_runner, _package_scoped_runner, _session_faker, _session_scoped_runner, anomaly_sensor_stream, anyio_backend, anyio_backend_name, anyio_backend_options, benchmark, benchmark_gcode_tolerance, benchmark_weave, capfd, capfdbinary, caplog, capsys, capsysbinary, capteesys, class_mocker, cov, doctest_namespace, event_loop_policy, extra, extras, faker, free_tcp_port, free_tcp_port_factory, free_udp_port, free_udp_port_factory, high_precision_timer, include_metadata_in_junit_xml, it8_tolerance_data, machining_params_steel, machining_params_tc4, material_aluminum_6061, material_steel_45, material_tc4, metadata, mocker, module_mocker, monkeypatch, nc_validation_rules, no_cover, normal_sensor_stream, package_mocker, performance_timer, production_batch_100, pytestconfig, record_property, record_testsuite_property, record_xml_attribute, recwarn, respx_mock, risk_assessment_template, sample_circle, sample_gcode_fanuc, sample_gcode_heidenhain, sample_gcode_siemens, sample_polygon_square, sample_polygon_triangle, sample_process_card, session_mocker, standard_3view_images, subtests, temp_dir, test_report_collector, tmp_path, tmp_path_factory, tmpdir, tmpdir_factory, unused_tcp_port, unused_tcp_port_factory, unused_udp_port, unused_udp_port_factory
>       use 'pytest --fixtures [testpath]' for help on them.

C:\Users\Lenovo\Desktop\鐏靛鍒堕€狅紙涓婄嚎鐗堬級\python\tests\api\test_main_routes.py:120
______ ERROR at setup of TestAPIDocumentation.test_docs_page_accessible _______
file C:\Users\Lenovo\Desktop\鐏靛鍒堕€狅紙涓婄嚎鐗堬級\python\tests\api\test_main_routes.py, line 127
      def test_docs_page_accessible(self, client):
E       fixture 'client' not found
>       available fixtures: _class_scoped_runner, _env_setup, _function_scoped_runner, _module_scoped_runner, _package_scoped_runner, _session_faker, _session_scoped_runner, anomaly_sensor_stream, anyio_backend, anyio_backend_name, anyio_backend_options, benchmark, benchmark_gcode_tolerance, benchmark_weave, capfd, capfdbinary, caplog, capsys, capsysbinary, capteesys, class_mocker, cov, doctest_namespace, event_loop_policy, extra, extras, faker, free_tcp_port, free_tcp_port_factory, free_udp_port, free_udp_port_factory, high_precision_timer, include_metadata_in_junit_xml, it8_tolerance_data, machining_params_steel, machining_params_tc4, material_aluminum_6061, material_steel_45, material_tc4, metadata, mocker, module_mocker, monkeypatch, nc_validation_rules, no_cover, normal_sensor_stream, package_mocker, performance_timer, production_batch_100, pytestconfig, record_property, record_testsuite_property, record_xml_attribute, recwarn, respx_mock, risk_assessment_template, sample_circle, sample_gcode_fanuc, sample_gcode_heidenhain, sample_gcode_siemens, sample_polygon_square, sample_polygon_triangle, sample_process_card, session_mocker, standard_3view_images, subtests, temp_dir, test_report_collector, tmp_path, tmp_path_factory, tmpdir, tmpdir_factory, unused_tcp_port, unused_tcp_port_factory, unused_udp_port, unused_udp_port_factory
>       use 'pytest --fixtures [testpath]' for help on them.

C:\Users\Lenovo\Desktop\鐏靛鍒堕€狅紙涓婄嚎鐗堬級\python\tests\api\test_main_routes.py:127
______ ERROR at setup of TestAPIDocumentation.test_redoc_page_accessible ______
file C:\Users\Lenovo\Desktop\鐏靛鍒堕€狅紙涓婄嚎鐗堬級\python\tests\api\test_main_routes.py, line 134
      def test_redoc_page_accessible(self, client):
E       fixture 'client' not found
>       available fixtures: _class_scoped_runner, _env_setup, _function_scoped_runner, _module_scoped_runner, _package_scoped_runner, _session_faker, _session_scoped_runner, anomaly_sensor_stream, anyio_backend, anyio_backend_name, anyio_backend_options, benchmark, benchmark_gcode_tolerance, benchmark_weave, capfd, capfdbinary, caplog, capsys, capsysbinary, capteesys, class_mocker, cov, doctest_namespace, event_loop_policy, extra, extras, faker, free_tcp_port, free_tcp_port_factory, free_udp_port, free_udp_port_factory, high_precision_timer, include_metadata_in_junit_xml, it8_tolerance_data, machining_params_steel, machining_params_tc4, material_aluminum_6061, material_steel_45, material_tc4, metadata, mocker, module_mocker, monkeypatch, nc_validation_rules, no_cover, normal_sensor_stream, package_mocker, performance_timer, production_batch_100, pytestconfig, record_property, record_testsuite_property, record_xml_attribute, recwarn, respx_mock, risk_assessment_template, sample_circle, sample_gcode_fanuc, sample_gcode_heidenhain, sample_gcode_siemens, sample_polygon_square, sample_polygon_triangle, sample_process_card, session_mocker, standard_3view_images, subtests, temp_dir, test_report_collector, tmp_path, tmp_path_factory, tmpdir, tmpdir_factory, unused_tcp_port, unused_tcp_port_factory, unused_udp_port, unused_udp_port_factory
>       use 'pytest --fixtures [testpath]' for help on them.

C:\Users\Lenovo\Desktop\鐏靛鍒堕€狅紙涓婄嚎鐗堬級\python\tests\api\test_main_routes.py:134
______ ERROR at setup of TestOllamaStatus.test_status_endpoint_responds _______
file C:\Users\Lenovo\Desktop\鐏靛鍒堕€狅紙涓婄嚎鐗堬級\python\tests\api\test_ollama.py, line 9
      def test_status_endpoint_responds(self, client):
E       fixture 'client' not found
>       available fixtures: _class_scoped_runner, _env_setup, _function_scoped_runner, _module_scoped_runner, _package_scoped_runner, _session_faker, _session_scoped_runner, anomaly_sensor_stream, anyio_backend, anyio_backend_name, anyio_backend_options, benchmark, benchmark_gcode_tolerance, benchmark_weave, capfd, capfdbinary, caplog, capsys, capsysbinary, capteesys, class_mocker, cov, doctest_namespace, event_loop_policy, extra, extras, faker, free_tcp_port, free_tcp_port_factory, free_udp_port, free_udp_port_factory, high_precision_timer, include_metadata_in_junit_xml, it8_tolerance_data, machining_params_steel, machining_params_tc4, material_aluminum_6061, material_steel_45, material_tc4, metadata, mocker, module_mocker, monkeypatch, nc_validation_rules, no_cover, normal_sensor_stream, package_mocker, performance_timer, production_batch_100, pytestconfig, record_property, record_testsuite_property, record_xml_attribute, recwarn, respx_mock, risk_assessment_template, sample_circle, sample_gcode_fanuc, sample_gcode_heidenhain, sample_gcode_siemens, sample_polygon_square, sample_polygon_triangle, sample_process_card, session_mocker, standard_3view_images, subtests, temp_dir, test_report_collector, tmp_path, tmp_path_factory, tmpdir, tmpdir_factory, unused_tcp_port, unused_tcp_port_factory, unused_udp_port, unused_udp_port_factory
>       use 'pytest --fixtures [testpath]' for help on them.

C:\Users\Lenovo\Desktop\鐏靛鍒堕€狅紙涓婄嚎鐗堬級\python\tests\api\test_ollama.py:9
______ ERROR at setup of TestOllamaModels.test_models_endpoint_responds _______
file C:\Users\Lenovo\Desktop\鐏靛鍒堕€狅紙涓婄嚎鐗堬級\python\tests\api\test_ollama.py, line 17
      def test_models_endpoint_responds(self, client):
E       fixture 'client' not found
>       available fixtures: _class_scoped_runner, _env_setup, _function_scoped_runner, _module_scoped_runner, _package_scoped_runner, _session_faker, _session_scoped_runner, anomaly_sensor_stream, anyio_backend, anyio_backend_name, anyio_backend_options, benchmark, benchmark_gcode_tolerance, benchmark_weave, capfd, capfdbinary, caplog, capsys, capsysbinary, capteesys, class_mocker, cov, doctest_namespace, event_loop_policy, extra, extras, faker, free_tcp_port, free_tcp_port_factory, free_udp_port, free_udp_port_factory, high_precision_timer, include_metadata_in_junit_xml, it8_tolerance_data, machining_params_steel, machining_params_tc4, material_aluminum_6061, material_steel_45, material_tc4, metadata, mocker, module_mocker, monkeypatch, nc_validation_rules, no_cover, normal_sensor_stream, package_mocker, performance_timer, production_batch_100, pytestconfig, record_property, record_testsuite_property, record_xml_attribute, recwarn, respx_mock, risk_assessment_template, sample_circle, sample_gcode_fanuc, sample_gcode_heidenhain, sample_gcode_siemens, sample_polygon_square, sample_polygon_triangle, sample_process_card, session_mocker, standard_3view_images, subtests, temp_dir, test_report_collector, tmp_path, tmp_path_factory, tmpdir, tmpdir_factory, unused_tcp_port, unused_tcp_port_factory, unused_udp_port, unused_udp_port_factory
>       use 'pytest --fixtures [testpath]' for help on them.

C:\Users\Lenovo\Desktop\鐏靛鍒堕€狅紙涓婄嚎鐗堬級\python\tests\api\test_ollama.py:17
_ ERROR at setup of TestRAGQuery.test_query_missing_required_param_returns_422 _
file C:\Users\Lenovo\Desktop\鐏靛鍒堕€狅紙涓婄嚎鐗堬級\python\tests\api\test_rag.py, line 9
      def test_query_missing_required_param_returns_422(self, client):
E       fixture 'client' not found
>       available fixtures: _class_scoped_runner, _env_setup, _function_scoped_runner, _module_scoped_runner, _package_scoped_runner, _session_faker, _session_scoped_runner, anomaly_sensor_stream, anyio_backend, anyio_backend_name, anyio_backend_options, benchmark, benchmark_gcode_tolerance, benchmark_weave, capfd, capfdbinary, caplog, capsys, capsysbinary, capteesys, class_mocker, cov, doctest_namespace, event_loop_policy, extra, extras, faker, free_tcp_port, free_tcp_port_factory, free_udp_port, free_udp_port_factory, high_precision_timer, include_metadata_in_junit_xml, it8_tolerance_data, machining_params_steel, machining_params_tc4, material_aluminum_6061, material_steel_45, material_tc4, metadata, mocker, module_mocker, monkeypatch, nc_validation_rules, no_cover, normal_sensor_stream, package_mocker, performance_timer, production_batch_100, pytestconfig, record_property, record_testsuite_property, record_xml_attribute, recwarn, respx_mock, risk_assessment_template, sample_circle, sample_gcode_fanuc, sample_gcode_heidenhain, sample_gcode_siemens, sample_polygon_square, sample_polygon_triangle, sample_process_card, session_mocker, standard_3view_images, subtests, temp_dir, test_report_collector, tmp_path, tmp_path_factory, tmpdir, tmpdir_factory, unused_tcp_port, unused_tcp_port_factory, unused_udp_port, unused_udp_port_factory
>       use 'pytest --fixtures [testpath]' for help on them.

C:\Users\Lenovo\Desktop\鐏靛鍒堕€狅紙涓婄嚎鐗堬級\python\tests\api\test_rag.py:9
_________ ERROR at setup of TestRAGStats.test_stats_endpoint_responds _________
file C:\Users\Lenovo\Desktop\鐏靛鍒堕€狅紙涓婄嚎鐗堬級\python\tests\api\test_rag.py, line 17
      def test_stats_endpoint_responds(self, client):
E       fixture 'client' not found
>       available fixtures: _class_scoped_runner, _env_setup, _function_scoped_runner, _module_scoped_runner, _package_scoped_runner, _session_faker, _session_scoped_runner, anomaly_sensor_stream, anyio_backend, anyio_backend_name, anyio_backend_options, benchmark, benchmark_gcode_tolerance, benchmark_weave, capfd, capfdbinary, caplog, capsys, capsysbinary, capteesys, class_mocker, cov, doctest_namespace, event_loop_policy, extra, extras, faker, free_tcp_port, free_tcp_port_factory, free_udp_port, free_udp_port_factory, high_precision_timer, include_metadata_in_junit_xml, it8_tolerance_data, machining_params_steel, machining_params_tc4, material_aluminum_6061, material_steel_45, material_tc4, metadata, mocker, module_mocker, monkeypatch, nc_validation_rules, no_cover, normal_sensor_stream, package_mocker, performance_timer, production_batch_100, pytestconfig, record_property, record_testsuite_property, record_xml_attribute, recwarn, respx_mock, risk_assessment_template, sample_circle, sample_gcode_fanuc, sample_gcode_heidenhain, sample_gcode_siemens, sample_polygon_square, sample_polygon_triangle, sample_process_card, session_mocker, standard_3view_images, subtests, temp_dir, test_report_collector, tmp_path, tmp_path_factory, tmpdir, tmpdir_factory, unused_tcp_port, unused_tcp_port_factory, unused_udp_port, unused_udp_port_factory
>       use 'pytest --fixtures [testpath]' for help on them.

C:\Users\Lenovo\Desktop\鐏靛鍒堕€狅紙涓婄嚎鐗堬級\python\tests\api\test_rag.py:17
______ ERROR at setup of TestRAGAdd.test_add_empty_document_returns_400 _______
file C:\Users\Lenovo\Desktop\鐏靛鍒堕€狅紙涓婄嚎鐗堬級\python\tests\api\test_rag.py, line 25
      def test_add_empty_document_returns_400(self, client):
E       fixture 'client' not found
>       available fixtures: _class_scoped_runner, _env_setup, _function_scoped_runner, _module_scoped_runner, _package_scoped_runner, _session_faker, _session_scoped_runner, anomaly_sensor_stream, anyio_backend, anyio_backend_name, anyio_backend_options, benchmark, benchmark_gcode_tolerance, benchmark_weave, capfd, capfdbinary, caplog, capsys, capsysbinary, capteesys, class_mocker, cov, doctest_namespace, event_loop_policy, extra, extras, faker, free_tcp_port, free_tcp_port_factory, free_udp_port, free_udp_port_factory, high_precision_timer, include_metadata_in_junit_xml, it8_tolerance_data, machining_params_steel, machining_params_tc4, material_aluminum_6061, material_steel_45, material_tc4, metadata, mocker, module_mocker, monkeypatch, nc_validation_rules, no_cover, normal_sensor_stream, package_mocker, performance_timer, production_batch_100, pytestconfig, record_property, record_testsuite_property, record_xml_attribute, recwarn, respx_mock, risk_assessment_template, sample_circle, sample_gcode_fanuc, sample_gcode_heidenhain, sample_gcode_siemens, sample_polygon_square, sample_polygon_triangle, sample_process_card, session_mocker, standard_3view_images, subtests, temp_dir, test_report_collector, tmp_path, tmp_path_factory, tmpdir, tmpdir_factory, unused_tcp_port, unused_tcp_port_factory, unused_udp_port, unused_udp_port_factory
>       use 'pytest --fixtures [testpath]' for help on them.

C:\Users\Lenovo\Desktop\鐏靛鍒堕€狅紙涓婄嚎鐗堬級\python\tests\api\test_rag.py:25
___________ ERROR at setup of TestRAGAdd.test_add_missing_document ____________
file C:\Users\Lenovo\Desktop\鐏靛鍒堕€狅紙涓婄嚎鐗堬級\python\tests\api\test_rag.py, line 29
      def test_add_missing_document(self, client):
E       fixture 'client' not found
>       available fixtures: _class_scoped_runner, _env_setup, _function_scoped_runner, _module_scoped_runner, _package_scoped_runner, _session_faker, _session_scoped_runner, anomaly_sensor_stream, anyio_backend, anyio_backend_name, anyio_backend_options, benchmark, benchmark_gcode_tolerance, benchmark_weave, capfd, capfdbinary, caplog, capsys, capsysbinary, capteesys, class_mocker, cov, doctest_namespace, event_loop_policy, extra, extras, faker, free_tcp_port, free_tcp_port_factory, free_udp_port, free_udp_port_factory, high_precision_timer, include_metadata_in_junit_xml, it8_tolerance_data, machining_params_steel, machining_params_tc4, material_aluminum_6061, material_steel_45, material_tc4, metadata, mocker, module_mocker, monkeypatch, nc_validation_rules, no_cover, normal_sensor_stream, package_mocker, performance_timer, production_batch_100, pytestconfig, record_property, record_testsuite_property, record_xml_attribute, recwarn, respx_mock, risk_assessment_template, sample_circle, sample_gcode_fanuc, sample_gcode_heidenhain, sample_gcode_siemens, sample_polygon_square, sample_polygon_triangle, sample_process_card, session_mocker, standard_3view_images, subtests, temp_dir, test_report_collector, tmp_path, tmp_path_factory, tmpdir, tmpdir_factory, unused_tcp_port, unused_tcp_port_factory, unused_udp_port, unused_udp_port_factory
>       use 'pytest --fixtures [testpath]' for help on them.

C:\Users\Lenovo\Desktop\鐏靛鍒堕€狅紙涓婄嚎鐗堬級\python\tests\api\test_rag.py:29
___ ERROR at setup of TestRAGDelete.test_delete_nonexistent_doc_returns_404 ___
file C:\Users\Lenovo\Desktop\鐏靛鍒堕€狅紙涓婄嚎鐗堬級\python\tests\api\test_rag.py, line 37
      def test_delete_nonexistent_doc_returns_404(self, client):
E       fixture 'client' not found
>       available fixtures: _class_scoped_runner, _env_setup, _function_scoped_runner, _module_scoped_runner, _package_scoped_runner, _session_faker, _session_scoped_runner, anomaly_sensor_stream, anyio_backend, anyio_backend_name, anyio_backend_options, benchmark, benchmark_gcode_tolerance, benchmark_weave, capfd, capfdbinary, caplog, capsys, capsysbinary, capteesys, class_mocker, cov, doctest_namespace, event_loop_policy, extra, extras, faker, free_tcp_port, free_tcp_port_factory, free_udp_port, free_udp_port_factory, high_precision_timer, include_metadata_in_junit_xml, it8_tolerance_data, machining_params_steel, machining_params_tc4, material_aluminum_6061, material_steel_45, material_tc4, metadata, mocker, module_mocker, monkeypatch, nc_validation_rules, no_cover, normal_sensor_stream, package_mocker, performance_timer, production_batch_100, pytestconfig, record_property, record_testsuite_property, record_xml_attribute, recwarn, respx_mock, risk_assessment_template, sample_circle, sample_gcode_fanuc, sample_gcode_heidenhain, sample_gcode_siemens, sample_polygon_square, sample_polygon_triangle, sample_process_card, session_mocker, standard_3view_images, subtests, temp_dir, test_report_collector, tmp_path, tmp_path_factory, tmpdir, tmpdir_factory, unused_tcp_port, unused_tcp_port_factory, unused_udp_port, unused_udp_port_factory
>       use 'pytest --fixtures [testpath]' for help on them.

C:\Users\Lenovo\Desktop\鐏靛鍒堕€狅紙涓婄嚎鐗堬級\python\tests\api\test_rag.py:37
__________ ERROR at setup of TestRAGList.test_list_endpoint_responds __________
file C:\Users\Lenovo\Desktop\鐏靛鍒堕€狅紙涓婄嚎鐗堬級\python\tests\api\test_rag.py, line 45
      def test_list_endpoint_responds(self, client):
E       fixture 'client' not found
>       available fixtures: _class_scoped_runner, _env_setup, _function_scoped_runner, _module_scoped_runner, _package_scoped_runner, _session_faker, _session_scoped_runner, anomaly_sensor_stream, anyio_backend, anyio_backend_name, anyio_backend_options, benchmark, benchmark_gcode_tolerance, benchmark_weave, capfd, capfdbinary, caplog, capsys, capsysbinary, capteesys, class_mocker, cov, doctest_namespace, event_loop_policy, extra, extras, faker, free_tcp_port, free_tcp_port_factory, free_udp_port, free_udp_port_factory, high_precision_timer, include_metadata_in_junit_xml, it8_tolerance_data, machining_params_steel, machining_params_tc4, material_aluminum_6061, material_steel_45, material_tc4, metadata, mocker, module_mocker, monkeypatch, nc_validation_rules, no_cover, normal_sensor_stream, package_mocker, performance_timer, production_batch_100, pytestconfig, record_property, record_testsuite_property, record_xml_attribute, recwarn, respx_mock, risk_assessment_template, sample_circle, sample_gcode_fanuc, sample_gcode_heidenhain, sample_gcode_siemens, sample_polygon_square, sample_polygon_triangle, sample_process_card, session_mocker, standard_3view_images, subtests, temp_dir, test_report_collector, tmp_path, tmp_path_factory, tmpdir, tmpdir_factory, unused_tcp_port, unused_tcp_port_factory, unused_udp_port, unused_udp_port_factory
>       use 'pytest --fixtures [testpath]' for help on them.

C:\Users\Lenovo\Desktop\鐏靛鍒堕€狅紙涓婄嚎鐗堬級\python\tests\api\test_rag.py:45
_ ERROR at setup of TestUserSovereigntyPredict.test_predict_nonexistent_model_returns_not_found _
file C:\Users\Lenovo\Desktop\鐏靛鍒堕€狅紙涓婄嚎鐗堬級\python\tests\api\test_user_sovereignty.py, line 9
      def test_predict_nonexistent_model_returns_not_found(self, client):
E       fixture 'client' not found
>       available fixtures: _class_scoped_runner, _env_setup, _function_scoped_runner, _module_scoped_runner, _package_scoped_runner, _session_faker, _session_scoped_runner, anomaly_sensor_stream, anyio_backend, anyio_backend_name, anyio_backend_options, benchmark, benchmark_gcode_tolerance, benchmark_weave, capfd, capfdbinary, caplog, capsys, capsysbinary, capteesys, class_mocker, cov, doctest_namespace, event_loop_policy, extra, extras, faker, free_tcp_port, free_tcp_port_factory, free_udp_port, free_udp_port_factory, high_precision_timer, include_metadata_in_junit_xml, it8_tolerance_data, machining_params_steel, machining_params_tc4, material_aluminum_6061, material_steel_45, material_tc4, metadata, mocker, module_mocker, monkeypatch, nc_validation_rules, no_cover, normal_sensor_stream, package_mocker, performance_timer, production_batch_100, pytestconfig, record_property, record_testsuite_property, record_xml_attribute, recwarn, respx_mock, risk_assessment_template, sample_circle, sample_gcode_fanuc, sample_gcode_heidenhain, sample_gcode_siemens, sample_polygon_square, sample_polygon_triangle, sample_process_card, session_mocker, standard_3view_images, subtests, temp_dir, test_report_collector, tmp_path, tmp_path_factory, tmpdir, tmpdir_factory, unused_tcp_port, unused_tcp_port_factory, unused_udp_port, unused_udp_port_factory
>       use 'pytest --fixtures [testpath]' for help on them.

C:\Users\Lenovo\Desktop\鐏靛鍒堕€狅紙涓婄嚎鐗堬級\python\tests\api\test_user_sovereignty.py:9
_ ERROR at setup of TestUserSovereigntyPredict.test_predict_empty_input_returns_error _
file C:\Users\Lenovo\Desktop\鐏靛鍒堕€狅紙涓婄嚎鐗堬級\python\tests\api\test_user_sovereignty.py, line 16
      def test_predict_empty_input_returns_error(self, client):
E       fixture 'client' not found
>       available fixtures: _class_scoped_runner, _env_setup, _function_scoped_runner, _module_scoped_runner, _package_scoped_runner, _session_faker, _session_scoped_runner, anomaly_sensor_stream, anyio_backend, anyio_backend_name, anyio_backend_options, benchmark, benchmark_gcode_tolerance, benchmark_weave, capfd, capfdbinary, caplog, capsys, capsysbinary, capteesys, class_mocker, cov, doctest_namespace, event_loop_policy, extra, extras, faker, free_tcp_port, free_tcp_port_factory, free_udp_port, free_udp_port_factory, high_precision_timer, include_metadata_in_junit_xml, it8_tolerance_data, machining_params_steel, machining_params_tc4, material_aluminum_6061, material_steel_45, material_tc4, metadata, mocker, module_mocker, monkeypatch, nc_validation_rules, no_cover, normal_sensor_stream, package_mocker, performance_timer, production_batch_100, pytestconfig, record_property, record_testsuite_property, record_xml_attribute, recwarn, respx_mock, risk_assessment_template, sample_circle, sample_gcode_fanuc, sample_gcode_heidenhain, sample_gcode_siemens, sample_polygon_square, sample_polygon_triangle, sample_process_card, session_mocker, standard_3view_images, subtests, temp_dir, test_report_collector, tmp_path, tmp_path_factory, tmpdir, tmpdir_factory, unused_tcp_port, unused_tcp_port_factory, unused_udp_port, unused_udp_port_factory
>       use 'pytest --fixtures [testpath]' for help on them.

C:\Users\Lenovo\Desktop\鐏靛鍒堕€狅紙涓婄嚎鐗堬級\python\tests\api\test_user_sovereignty.py:16
_ ERROR at setup of TestUserSovereigntyPredict.test_predict_missing_fields_returns_422 _
file C:\Users\Lenovo\Desktop\鐏靛鍒堕€狅紙涓婄嚎鐗堬級\python\tests\api\test_user_sovereignty.py, line 23
      def test_predict_missing_fields_returns_422(self, client):
E       fixture 'client' not found
>       available fixtures: _class_scoped_runner, _env_setup, _function_scoped_runner, _module_scoped_runner, _package_scoped_runner, _session_faker, _session_scoped_runner, anomaly_sensor_stream, anyio_backend, anyio_backend_name, anyio_backend_options, benchmark, benchmark_gcode_tolerance, benchmark_weave, capfd, capfdbinary, caplog, capsys, capsysbinary, capteesys, class_mocker, cov, doctest_namespace, event_loop_policy, extra, extras, faker, free_tcp_port, free_tcp_port_factory, free_udp_port, free_udp_port_factory, high_precision_timer, include_metadata_in_junit_xml, it8_tolerance_data, machining_params_steel, machining_params_tc4, material_aluminum_6061, material_steel_45, material_tc4, metadata, mocker, module_mocker, monkeypatch, nc_validation_rules, no_cover, normal_sensor_stream, package_mocker, performance_timer, production_batch_100, pytestconfig, record_property, record_testsuite_property, record_xml_attribute, recwarn, respx_mock, risk_assessment_template, sample_circle, sample_gcode_fanuc, sample_gcode_heidenhain, sample_gcode_siemens, sample_polygon_square, sample_polygon_triangle, sample_process_card, session_mocker, standard_3view_images, subtests, temp_dir, test_report_collector, tmp_path, tmp_path_factory, tmpdir, tmpdir_factory, unused_tcp_port, unused_tcp_port_factory, unused_udp_port, unused_udp_port_factory
>       use 'pytest --fixtures [testpath]' for help on them.

C:\Users\Lenovo\Desktop\鐏靛鍒堕€狅紙涓婄嚎鐗堬級\python\tests\api\test_user_sovereignty.py:23
_____ ERROR at setup of TestAuditLogRecord.test_record_with_valid_params ______
file C:\Users\Lenovo\Desktop\鐏靛鍒堕€狅紙涓婄嚎鐗堬級\python\tests\api\test_user_sovereignty.py, line 31
      def test_record_with_valid_params(self, client):
E       fixture 'client' not found
>       available fixtures: _class_scoped_runner, _env_setup, _function_scoped_runner, _module_scoped_runner, _package_scoped_runner, _session_faker, _session_scoped_runner, anomaly_sensor_stream, anyio_backend, anyio_backend_name, anyio_backend_options, benchmark, benchmark_gcode_tolerance, benchmark_weave, capfd, capfdbinary, caplog, capsys, capsysbinary, capteesys, class_mocker, cov, doctest_namespace, event_loop_policy, extra, extras, faker, free_tcp_port, free_tcp_port_factory, free_udp_port, free_udp_port_factory, high_precision_timer, include_metadata_in_junit_xml, it8_tolerance_data, machining_params_steel, machining_params_tc4, material_aluminum_6061, material_steel_45, material_tc4, metadata, mocker, module_mocker, monkeypatch, nc_validation_rules, no_cover, normal_sensor_stream, package_mocker, performance_timer, production_batch_100, pytestconfig, record_property, record_testsuite_property, record_xml_attribute, recwarn, respx_mock, risk_assessment_template, sample_circle, sample_gcode_fanuc, sample_gcode_heidenhain, sample_gcode_siemens, sample_polygon_square, sample_polygon_triangle, sample_process_card, session_mocker, standard_3view_images, subtests, temp_dir, test_report_collector, tmp_path, tmp_path_factory, tmpdir, tmpdir_factory, unused_tcp_port, unused_tcp_port_factory, unused_udp_port, unused_udp_port_factory
>       use 'pytest --fixtures [testpath]' for help on them.

C:\Users\Lenovo\Desktop\鐏靛鍒堕€狅紙涓婄嚎鐗堬級\python\tests\api\test_user_sovereignty.py:31
_ ERROR at setup of TestAuditLogRecord.test_record_with_invalid_module_returns_error _
file C:\Users\Lenovo\Desktop\鐏靛鍒堕€狅紙涓婄嚎鐗堬級\python\tests\api\test_user_sovereignty.py, line 52
      def test_record_with_invalid_module_returns_error(self, client):
E       fixture 'client' not found
>       available fixtures: _class_scoped_runner, _env_setup, _function_scoped_runner, _module_scoped_runner, _package_scoped_runner, _session_faker, _session_scoped_runner, anomaly_sensor_stream, anyio_backend, anyio_backend_name, anyio_backend_options, benchmark, benchmark_gcode_tolerance, benchmark_weave, capfd, capfdbinary, caplog, capsys, capsysbinary, capteesys, class_mocker, cov, doctest_namespace, event_loop_policy, extra, extras, faker, free_tcp_port, free_tcp_port_factory, free_udp_port, free_udp_port_factory, high_precision_timer, include_metadata_in_junit_xml, it8_tolerance_data, machining_params_steel, machining_params_tc4, material_aluminum_6061, material_steel_45, material_tc4, metadata, mocker, module_mocker, monkeypatch, nc_validation_rules, no_cover, normal_sensor_stream, package_mocker, performance_timer, production_batch_100, pytestconfig, record_property, record_testsuite_property, record_xml_attribute, recwarn, respx_mock, risk_assessment_template, sample_circle, sample_gcode_fanuc, sample_gcode_heidenhain, sample_gcode_siemens, sample_polygon_square, sample_polygon_triangle, sample_process_card, session_mocker, standard_3view_images, subtests, temp_dir, test_report_collector, tmp_path, tmp_path_factory, tmpdir, tmpdir_factory, unused_tcp_port, unused_tcp_port_factory, unused_udp_port, unused_udp_port_factory
>       use 'pytest --fixtures [testpath]' for help on them.

C:\Users\Lenovo\Desktop\鐏靛鍒堕€狅紙涓婄嚎鐗堬級\python\tests\api\test_user_sovereignty.py:52
_ ERROR at setup of TestAuditLogRecord.test_record_with_invalid_decision_returns_error _
file C:\Users\Lenovo\Desktop\鐏靛鍒堕€狅紙涓婄嚎鐗堬級\python\tests\api\test_user_sovereignty.py, line 71
      def test_record_with_invalid_decision_returns_error(self, client):
E       fixture 'client' not found
>       available fixtures: _class_scoped_runner, _env_setup, _function_scoped_runner, _module_scoped_runner, _package_scoped_runner, _session_faker, _session_scoped_runner, anomaly_sensor_stream, anyio_backend, anyio_backend_name, anyio_backend_options, benchmark, benchmark_gcode_tolerance, benchmark_weave, capfd, capfdbinary, caplog, capsys, capsysbinary, capteesys, class_mocker, cov, doctest_namespace, event_loop_policy, extra, extras, faker, free_tcp_port, free_tcp_port_factory, free_udp_port, free_udp_port_factory, high_precision_timer, include_metadata_in_junit_xml, it8_tolerance_data, machining_params_steel, machining_params_tc4, material_aluminum_6061, material_steel_45, material_tc4, metadata, mocker, module_mocker, monkeypatch, nc_validation_rules, no_cover, normal_sensor_stream, package_mocker, performance_timer, production_batch_100, pytestconfig, record_property, record_testsuite_property, record_xml_attribute, recwarn, respx_mock, risk_assessment_template, sample_circle, sample_gcode_fanuc, sample_gcode_heidenhain, sample_gcode_siemens, sample_polygon_square, sample_polygon_triangle, sample_process_card, session_mocker, standard_3view_images, subtests, temp_dir, test_report_collector, tmp_path, tmp_path_factory, tmpdir, tmpdir_factory, unused_tcp_port, unused_tcp_port_factory, unused_udp_port, unused_udp_port_factory
>       use 'pytest --fixtures [testpath]' for help on them.

C:\Users\Lenovo\Desktop\鐏靛鍒堕€狅紙涓婄嚎鐗堬級\python\tests\api\test_user_sovereignty.py:71
_ ERROR at setup of TestAuditLogRecord.test_record_with_invalid_status_returns_error _
file C:\Users\Lenovo\Desktop\鐏靛鍒堕€狅紙涓婄嚎鐗堬級\python\tests\api\test_user_sovereignty.py, line 90
      def test_record_with_invalid_status_returns_error(self, client):
E       fixture 'client' not found
>       available fixtures: _class_scoped_runner, _env_setup, _function_scoped_runner, _module_scoped_runner, _package_scoped_runner, _session_faker, _session_scoped_runner, anomaly_sensor_stream, anyio_backend, anyio_backend_name, anyio_backend_options, benchmark, benchmark_gcode_tolerance, benchmark_weave, capfd, capfdbinary, caplog, capsys, capsysbinary, capteesys, class_mocker, cov, doctest_namespace, event_loop_policy, extra, extras, faker, free_tcp_port, free_tcp_port_factory, free_udp_port, free_udp_port_factory, high_precision_timer, include_metadata_in_junit_xml, it8_tolerance_data, machining_params_steel, machining_params_tc4, material_aluminum_6061, material_steel_45, material_tc4, metadata, mocker, module_mocker, monkeypatch, nc_validation_rules, no_cover, normal_sensor_stream, package_mocker, performance_timer, production_batch_100, pytestconfig, record_property, record_testsuite_property, record_xml_attribute, recwarn, respx_mock, risk_assessment_template, sample_circle, sample_gcode_fanuc, sample_gcode_heidenhain, sample_gcode_siemens, sample_polygon_square, sample_polygon_triangle, sample_process_card, session_mocker, standard_3view_images, subtests, temp_dir, test_report_collector, tmp_path, tmp_path_factory, tmpdir, tmpdir_factory, unused_tcp_port, unused_tcp_port_factory, unused_udp_port, unused_udp_port_factory
>       use 'pytest --fixtures [testpath]' for help on them.

C:\Users\Lenovo\Desktop\鐏靛鍒堕€狅紙涓婄嚎鐗堬級\python\tests\api\test_user_sovereignty.py:90
_ ERROR at setup of TestAuditLogQuery.test_query_with_default_params_returns_success _
file C:\Users\Lenovo\Desktop\鐏靛鍒堕€狅紙涓婄嚎鐗堬級\python\tests\api\test_user_sovereignty.py, line 113
      def test_query_with_default_params_returns_success(self, client):
E       fixture 'client' not found
>       available fixtures: _class_scoped_runner, _env_setup, _function_scoped_runner, _module_scoped_runner, _package_scoped_runner, _session_faker, _session_scoped_runner, anomaly_sensor_stream, anyio_backend, anyio_backend_name, anyio_backend_options, benchmark, benchmark_gcode_tolerance, benchmark_weave, capfd, capfdbinary, caplog, capsys, capsysbinary, capteesys, class_mocker, cov, doctest_namespace, event_loop_policy, extra, extras, faker, free_tcp_port, free_tcp_port_factory, free_udp_port, free_udp_port_factory, high_precision_timer, include_metadata_in_junit_xml, it8_tolerance_data, machining_params_steel, machining_params_tc4, material_aluminum_6061, material_steel_45, material_tc4, metadata, mocker, module_mocker, monkeypatch, nc_validation_rules, no_cover, normal_sensor_stream, package_mocker, performance_timer, production_batch_100, pytestconfig, record_property, record_testsuite_property, record_xml_attribute, recwarn, respx_mock, risk_assessment_template, sample_circle, sample_gcode_fanuc, sample_gcode_heidenhain, sample_gcode_siemens, sample_polygon_square, sample_polygon_triangle, sample_process_card, session_mocker, standard_3view_images, subtests, temp_dir, test_report_collector, tmp_path, tmp_path_factory, tmpdir, tmpdir_factory, unused_tcp_port, unused_tcp_port_factory, unused_udp_port, unused_udp_port_factory
>       use 'pytest --fixtures [testpath]' for help on them.

C:\Users\Lenovo\Desktop\鐏靛鍒堕€狅紙涓婄嚎鐗堬級\python\tests\api\test_user_sovereignty.py:113
__________ ERROR at setup of TestAuditLogQuery.test_query_with_limit __________
file C:\Users\Lenovo\Desktop\鐏靛鍒堕€狅紙涓婄嚎鐗堬級\python\tests\api\test_user_sovereignty.py, line 120
      def test_query_with_limit(self, client):
E       fixture 'client' not found
>       available fixtures: _class_scoped_runner, _env_setup, _function_scoped_runner, _module_scoped_runner, _package_scoped_runner, _session_faker, _session_scoped_runner, anomaly_sensor_stream, anyio_backend, anyio_backend_name, anyio_backend_options, benchmark, benchmark_gcode_tolerance, benchmark_weave, capfd, capfdbinary, caplog, capsys, capsysbinary, capteesys, class_mocker, cov, doctest_namespace, event_loop_policy, extra, extras, faker, free_tcp_port, free_tcp_port_factory, free_udp_port, free_udp_port_factory, high_precision_timer, include_metadata_in_junit_xml, it8_tolerance_data, machining_params_steel, machining_params_tc4, material_aluminum_6061, material_steel_45, material_tc4, metadata, mocker, module_mocker, monkeypatch, nc_validation_rules, no_cover, normal_sensor_stream, package_mocker, performance_timer, production_batch_100, pytestconfig, record_property, record_testsuite_property, record_xml_attribute, recwarn, respx_mock, risk_assessment_template, sample_circle, sample_gcode_fanuc, sample_gcode_heidenhain, sample_gcode_siemens, sample_polygon_square, sample_polygon_triangle, sample_process_card, session_mocker, standard_3view_images, subtests, temp_dir, test_report_collector, tmp_path, tmp_path_factory, tmpdir, tmpdir_factory, unused_tcp_port, unused_tcp_port_factory, unused_udp_port, unused_udp_port_factory
>       use 'pytest --fixtures [testpath]' for help on them.

C:\Users\Lenovo\Desktop\鐏靛鍒堕€狅紙涓婄嚎鐗堬級\python\tests\api\test_user_sovereignty.py:120
_ ERROR at setup of TestAuditLogSearch.test_search_with_keyword_returns_success _
file C:\Users\Lenovo\Desktop\鐏靛鍒堕€狅紙涓婄嚎鐗堬級\python\tests\api\test_user_sovereignty.py, line 132
      def test_search_with_keyword_returns_success(self, client):
E       fixture 'client' not found
>       available fixtures: _class_scoped_runner, _env_setup, _function_scoped_runner, _module_scoped_runner, _package_scoped_runner, _session_faker, _session_scoped_runner, anomaly_sensor_stream, anyio_backend, anyio_backend_name, anyio_backend_options, benchmark, benchmark_gcode_tolerance, benchmark_weave, capfd, capfdbinary, caplog, capsys, capsysbinary, capteesys, class_mocker, cov, doctest_namespace, event_loop_policy, extra, extras, faker, free_tcp_port, free_tcp_port_factory, free_udp_port, free_udp_port_factory, high_precision_timer, include_metadata_in_junit_xml, it8_tolerance_data, machining_params_steel, machining_params_tc4, material_aluminum_6061, material_steel_45, material_tc4, metadata, mocker, module_mocker, monkeypatch, nc_validation_rules, no_cover, normal_sensor_stream, package_mocker, performance_timer, production_batch_100, pytestconfig, record_property, record_testsuite_property, record_xml_attribute, recwarn, respx_mock, risk_assessment_template, sample_circle, sample_gcode_fanuc, sample_gcode_heidenhain, sample_gcode_siemens, sample_polygon_square, sample_polygon_triangle, sample_process_card, session_mocker, standard_3view_images, subtests, temp_dir, test_report_collector, tmp_path, tmp_path_factory, tmpdir, tmpdir_factory, unused_tcp_port, unused_tcp_port_factory, unused_udp_port, unused_udp_port_factory
>       use 'pytest --fixtures [testpath]' for help on them.

C:\Users\Lenovo\Desktop\鐏靛鍒堕€狅紙涓婄嚎鐗堬級\python\tests\api\test_user_sovereignty.py:132
________ ERROR at setup of TestAuditLogExport.test_export_json_format _________
file C:\Users\Lenovo\Desktop\鐏靛鍒堕€狅紙涓婄嚎鐗堬級\python\tests\api\test_user_sovereignty.py, line 144
      def test_export_json_format(self, client):
E       fixture 'client' not found
>       available fixtures: _class_scoped_runner, _env_setup, _function_scoped_runner, _module_scoped_runner, _package_scoped_runner, _session_faker, _session_scoped_runner, anomaly_sensor_stream, anyio_backend, anyio_backend_name, anyio_backend_options, benchmark, benchmark_gcode_tolerance, benchmark_weave, capfd, capfdbinary, caplog, capsys, capsysbinary, capteesys, class_mocker, cov, doctest_namespace, event_loop_policy, extra, extras, faker, free_tcp_port, free_tcp_port_factory, free_udp_port, free_udp_port_factory, high_precision_timer, include_metadata_in_junit_xml, it8_tolerance_data, machining_params_steel, machining_params_tc4, material_aluminum_6061, material_steel_45, material_tc4, metadata, mocker, module_mocker, monkeypatch, nc_validation_rules, no_cover, normal_sensor_stream, package_mocker, performance_timer, production_batch_100, pytestconfig, record_property, record_testsuite_property, record_xml_attribute, recwarn, respx_mock, risk_assessment_template, sample_circle, sample_gcode_fanuc, sample_gcode_heidenhain, sample_gcode_siemens, sample_polygon_square, sample_polygon_triangle, sample_process_card, session_mocker, standard_3view_images, subtests, temp_dir, test_report_collector, tmp_path, tmp_path_factory, tmpdir, tmpdir_factory, unused_tcp_port, unused_tcp_port_factory, unused_udp_port, unused_udp_port_factory
>       use 'pytest --fixtures [testpath]' for help on them.

C:\Users\Lenovo\Desktop\鐏靛鍒堕€狅紙涓婄嚎鐗堬級\python\tests\api\test_user_sovereignty.py:144
_________ ERROR at setup of TestAuditLogExport.test_export_csv_format _________
file C:\Users\Lenovo\Desktop\鐏靛鍒堕€狅紙涓婄嚎鐗堬級\python\tests\api\test_user_sovereignty.py, line 153
      def test_export_csv_format(self, client):
E       fixture 'client' not found
>       available fixtures: _class_scoped_runner, _env_setup, _function_scoped_runner, _module_scoped_runner, _package_scoped_runner, _session_faker, _session_scoped_runner, anomaly_sensor_stream, anyio_backend, anyio_backend_name, anyio_backend_options, benchmark, benchmark_gcode_tolerance, benchmark_weave, capfd, capfdbinary, caplog, capsys, capsysbinary, capteesys, class_mocker, cov, doctest_namespace, event_loop_policy, extra, extras, faker, free_tcp_port, free_tcp_port_factory, free_udp_port, free_udp_port_factory, high_precision_timer, include_metadata_in_junit_xml, it8_tolerance_data, machining_params_steel, machining_params_tc4, material_aluminum_6061, material_steel_45, material_tc4, metadata, mocker, module_mocker, monkeypatch, nc_validation_rules, no_cover, normal_sensor_stream, package_mocker, performance_timer, production_batch_100, pytestconfig, record_property, record_testsuite_property, record_xml_attribute, recwarn, respx_mock, risk_assessment_template, sample_circle, sample_gcode_fanuc, sample_gcode_heidenhain, sample_gcode_siemens, sample_polygon_square, sample_polygon_triangle, sample_process_card, session_mocker, standard_3view_images, subtests, temp_dir, test_report_collector, tmp_path, tmp_path_factory, tmpdir, tmpdir_factory, unused_tcp_port, unused_tcp_port_factory, unused_udp_port, unused_udp_port_factory
>       use 'pytest --fixtures [testpath]' for help on them.

C:\Users\Lenovo\Desktop\鐏靛鍒堕€狅紙涓婄嚎鐗堬級\python\tests\api\test_user_sovereignty.py:153
__ ERROR at setup of TestAuditLogStatistics.test_statistics_returns_success ___
file C:\Users\Lenovo\Desktop\鐏靛鍒堕€狅紙涓婄嚎鐗堬級\python\tests\api\test_user_sovereignty.py, line 166
      def test_statistics_returns_success(self, client):
E       fixture 'client' not found
>       available fixtures: _class_scoped_runner, _env_setup, _function_scoped_runner, _module_scoped_runner, _package_scoped_runner, _session_faker, _session_scoped_runner, anomaly_sensor_stream, anyio_backend, anyio_backend_name, anyio_backend_options, benchmark, benchmark_gcode_tolerance, benchmark_weave, capfd, capfdbinary, caplog, capsys, capsysbinary, capteesys, class_mocker, cov, doctest_namespace, event_loop_policy, extra, extras, faker, free_tcp_port, free_tcp_port_factory, free_udp_port, free_udp_port_factory, high_precision_timer, include_metadata_in_junit_xml, it8_tolerance_data, machining_params_steel, machining_params_tc4, material_aluminum_6061, material_steel_45, material_tc4, metadata, mocker, module_mocker, monkeypatch, nc_validation_rules, no_cover, normal_sensor_stream, package_mocker, performance_timer, production_batch_100, pytestconfig, record_property, record_testsuite_property, record_xml_attribute, recwarn, respx_mock, risk_assessment_template, sample_circle, sample_gcode_fanuc, sample_gcode_heidenhain, sample_gcode_siemens, sample_polygon_square, sample_polygon_triangle, sample_process_card, session_mocker, standard_3view_images, subtests, temp_dir, test_report_collector, tmp_path, tmp_path_factory, tmpdir, tmpdir_factory, unused_tcp_port, unused_tcp_port_factory, unused_udp_port, unused_udp_port_factory
>       use 'pytest --fixtures [testpath]' for help on them.

C:\Users\Lenovo\Desktop\鐏靛鍒堕€狅紙涓婄嚎鐗堬級\python\tests\api\test_user_sovereignty.py:166
_______ ERROR at setup of TestAuditLogClear.test_clear_returns_success ________
file C:\Users\Lenovo\Desktop\鐏靛鍒堕€狅紙涓婄嚎鐗堬級\python\tests\api\test_user_sovereignty.py, line 176
      def test_clear_returns_success(self, client):
E       fixture 'client' not found
>       available fixtures: _class_scoped_runner, _env_setup, _function_scoped_runner, _module_scoped_runner, _package_scoped_runner, _session_faker, _session_scoped_runner, anomaly_sensor_stream, anyio_backend, anyio_backend_name, anyio_backend_options, benchmark, benchmark_gcode_tolerance, benchmark_weave, capfd, capfdbinary, caplog, capsys, capsysbinary, capteesys, class_mocker, cov, doctest_namespace, event_loop_policy, extra, extras, faker, free_tcp_port, free_tcp_port_factory, free_udp_port, free_udp_port_factory, high_precision_timer, include_metadata_in_junit_xml, it8_tolerance_data, machining_params_steel, machining_params_tc4, material_aluminum_6061, material_steel_45, material_tc4, metadata, mocker, module_mocker, monkeypatch, nc_validation_rules, no_cover, normal_sensor_stream, package_mocker, performance_timer, production_batch_100, pytestconfig, record_property, record_testsuite_property, record_xml_attribute, recwarn, respx_mock, risk_assessment_template, sample_circle, sample_gcode_fanuc, sample_gcode_heidenhain, sample_gcode_siemens, sample_polygon_square, sample_polygon_triangle, sample_process_card, session_mocker, standard_3view_images, subtests, temp_dir, test_report_collector, tmp_path, tmp_path_factory, tmpdir, tmpdir_factory, unused_tcp_port, unused_tcp_port_factory, unused_udp_port, unused_udp_port_factory
>       use 'pytest --fixtures [testpath]' for help on them.

C:\Users\Lenovo\Desktop\鐏靛鍒堕€狅紙涓婄嚎鐗堬級\python\tests\api\test_user_sovereignty.py:176
_ ERROR at setup of TestUserSovereigntySettings.test_get_settings_returns_success _
file C:\Users\Lenovo\Desktop\鐏靛鍒堕€狅紙涓婄嚎鐗堬級\python\tests\api\test_user_sovereignty.py, line 187
      def test_get_settings_returns_success(self, client):
E       fixture 'client' not found
>       available fixtures: _class_scoped_runner, _env_setup, _function_scoped_runner, _module_scoped_runner, _package_scoped_runner, _session_faker, _session_scoped_runner, anomaly_sensor_stream, anyio_backend, anyio_backend_name, anyio_backend_options, benchmark, benchmark_gcode_tolerance, benchmark_weave, capfd, capfdbinary, caplog, capsys, capsysbinary, capteesys, class_mocker, cov, doctest_namespace, event_loop_policy, extra, extras, faker, free_tcp_port, free_tcp_port_factory, free_udp_port, free_udp_port_factory, high_precision_timer, include_metadata_in_junit_xml, it8_tolerance_data, machining_params_steel, machining_params_tc4, material_aluminum_6061, material_steel_45, material_tc4, metadata, mocker, module_mocker, monkeypatch, nc_validation_rules, no_cover, normal_sensor_stream, package_mocker, performance_timer, production_batch_100, pytestconfig, record_property, record_testsuite_property, record_xml_attribute, recwarn, respx_mock, risk_assessment_template, sample_circle, sample_gcode_fanuc, sample_gcode_heidenhain, sample_gcode_siemens, sample_polygon_square, sample_polygon_triangle, sample_process_card, session_mocker, standard_3view_images, subtests, temp_dir, test_report_collector, tmp_path, tmp_path_factory, tmpdir, tmpdir_factory, unused_tcp_port, unused_tcp_port_factory, unused_udp_port, unused_udp_port_factory
>       use 'pytest --fixtures [testpath]' for help on them.

C:\Users\Lenovo\Desktop\鐏靛鍒堕€狅紙涓婄嚎鐗堬級\python\tests\api\test_user_sovereignty.py:187
__ ERROR at setup of TestWearPredict.test_predict_with_valid_params_responds __
file C:\Users\Lenovo\Desktop\鐏靛鍒堕€狅紙涓婄嚎鐗堬級\python\tests\api\test_wear_prediction.py, line 23
      def test_predict_with_valid_params_responds(self, client):
E       fixture 'client' not found
>       available fixtures: _class_scoped_runner, _env_setup, _function_scoped_runner, _module_scoped_runner, _package_scoped_runner, _session_faker, _session_scoped_runner, anomaly_sensor_stream, anyio_backend, anyio_backend_name, anyio_backend_options, benchmark, benchmark_gcode_tolerance, benchmark_weave, capfd, capfdbinary, caplog, capsys, capsysbinary, capteesys, class_mocker, cov, doctest_namespace, event_loop_policy, extra, extras, faker, free_tcp_port, free_tcp_port_factory, free_udp_port, free_udp_port_factory, high_precision_timer, include_metadata_in_junit_xml, it8_tolerance_data, machining_params_steel, machining_params_tc4, material_aluminum_6061, material_steel_45, material_tc4, metadata, mocker, module_mocker, monkeypatch, nc_validation_rules, no_cover, normal_sensor_stream, package_mocker, performance_timer, production_batch_100, pytestconfig, record_property, record_testsuite_property, record_xml_attribute, recwarn, respx_mock, risk_assessment_template, sample_circle, sample_gcode_fanuc, sample_gcode_heidenhain, sample_gcode_siemens, sample_polygon_square, sample_polygon_triangle, sample_process_card, session_mocker, standard_3view_images, subtests, temp_dir, test_report_collector, tmp_path, tmp_path_factory, tmpdir, tmpdir_factory, unused_tcp_port, unused_tcp_port_factory, unused_udp_port, unused_udp_port_factory
>       use 'pytest --fixtures [testpath]' for help on them.

C:\Users\Lenovo\Desktop\鐏靛鍒堕€狅紙涓婄嚎鐗堬級\python\tests\api\test_wear_prediction.py:23
_ ERROR at setup of TestWearPredict.test_predict_with_invalid_type_params_returns_422[cutting_speed-invalid] _
file C:\Users\Lenovo\Desktop\鐏靛鍒堕€狅紙涓婄嚎鐗堬級\python\tests\api\test_wear_prediction.py, line 29
      @pytest.mark.parametrize(
          "field,value",
          [
              ("cutting_speed", "invalid"),
              ("feed_rate", "not-a-number"),
          ],
      )
      def test_predict_with_invalid_type_params_returns_422(self, client, field, value):
E       fixture 'client' not found
>       available fixtures: _class_scoped_runner, _env_setup, _function_scoped_runner, _module_scoped_runner, _package_scoped_runner, _session_faker, _session_scoped_runner, anomaly_sensor_stream, anyio_backend, anyio_backend_name, anyio_backend_options, benchmark, benchmark_gcode_tolerance, benchmark_weave, capfd, capfdbinary, caplog, capsys, capsysbinary, capteesys, class_mocker, cov, doctest_namespace, event_loop_policy, extra, extras, faker, free_tcp_port, free_tcp_port_factory, free_udp_port, free_udp_port_factory, high_precision_timer, include_metadata_in_junit_xml, it8_tolerance_data, machining_params_steel, machining_params_tc4, material_aluminum_6061, material_steel_45, material_tc4, metadata, mocker, module_mocker, monkeypatch, nc_validation_rules, no_cover, normal_sensor_stream, package_mocker, performance_timer, production_batch_100, pytestconfig, record_property, record_testsuite_property, record_xml_attribute, recwarn, respx_mock, risk_assessment_template, sample_circle, sample_gcode_fanuc, sample_gcode_heidenhain, sample_gcode_siemens, sample_polygon_square, sample_polygon_triangle, sample_process_card, session_mocker, standard_3view_images, subtests, temp_dir, test_report_collector, tmp_path, tmp_path_factory, tmpdir, tmpdir_factory, unused_tcp_port, unused_tcp_port_factory, unused_udp_port, unused_udp_port_factory
>       use 'pytest --fixtures [testpath]' for help on them.

C:\Users\Lenovo\Desktop\鐏靛鍒堕€狅紙涓婄嚎鐗堬級\python\tests\api\test_wear_prediction.py:29
_ ERROR at setup of TestWearPredict.test_predict_with_invalid_type_params_returns_422[feed_rate-not-a-number] _
file C:\Users\Lenovo\Desktop\鐏靛鍒堕€狅紙涓婄嚎鐗堬級\python\tests\api\test_wear_prediction.py, line 29
      @pytest.mark.parametrize(
          "field,value",
          [
              ("cutting_speed", "invalid"),
              ("feed_rate", "not-a-number"),
          ],
      )
      def test_predict_with_invalid_type_params_returns_422(self, client, field, value):
E       fixture 'client' not found
>       available fixtures: _class_scoped_runner, _env_setup, _function_scoped_runner, _module_scoped_runner, _package_scoped_runner, _session_faker, _session_scoped_runner, anomaly_sensor_stream, anyio_backend, anyio_backend_name, anyio_backend_options, benchmark, benchmark_gcode_tolerance, benchmark_weave, capfd, capfdbinary, caplog, capsys, capsysbinary, capteesys, class_mocker, cov, doctest_namespace, event_loop_policy, extra, extras, faker, free_tcp_port, free_tcp_port_factory, free_udp_port, free_udp_port_factory, high_precision_timer, include_metadata_in_junit_xml, it8_tolerance_data, machining_params_steel, machining_params_tc4, material_aluminum_6061, material_steel_45, material_tc4, metadata, mocker, module_mocker, monkeypatch, nc_validation_rules, no_cover, normal_sensor_stream, package_mocker, performance_timer, production_batch_100, pytestconfig, record_property, record_testsuite_property, record_xml_attribute, recwarn, respx_mock, risk_assessment_template, sample_circle, sample_gcode_fanuc, sample_gcode_heidenhain, sample_gcode_siemens, sample_polygon_square, sample_polygon_triangle, sample_process_card, session_mocker, standard_3view_images, subtests, temp_dir, test_report_collector, tmp_path, tmp_path_factory, tmpdir, tmpdir_factory, unused_tcp_port, unused_tcp_port_factory, unused_udp_port, unused_udp_port_factory
>       use 'pytest --fixtures [testpath]' for help on them.

C:\Users\Lenovo\Desktop\鐏靛鍒堕€狅紙涓婄嚎鐗堬級\python\tests\api\test_wear_prediction.py:29
___ ERROR at setup of TestWearPredict.test_predict_with_empty_body_responds ___
file C:\Users\Lenovo\Desktop\鐏靛鍒堕€狅紙涓婄嚎鐗堬級\python\tests\api\test_wear_prediction.py, line 41
      def test_predict_with_empty_body_responds(self, client):
E       fixture 'client' not found
>       available fixtures: _class_scoped_runner, _env_setup, _function_scoped_runner, _module_scoped_runner, _package_scoped_runner, _session_faker, _session_scoped_runner, anomaly_sensor_stream, anyio_backend, anyio_backend_name, anyio_backend_options, benchmark, benchmark_gcode_tolerance, benchmark_weave, capfd, capfdbinary, caplog, capsys, capsysbinary, capteesys, class_mocker, cov, doctest_namespace, event_loop_policy, extra, extras, faker, free_tcp_port, free_tcp_port_factory, free_udp_port, free_udp_port_factory, high_precision_timer, include_metadata_in_junit_xml, it8_tolerance_data, machining_params_steel, machining_params_tc4, material_aluminum_6061, material_steel_45, material_tc4, metadata, mocker, module_mocker, monkeypatch, nc_validation_rules, no_cover, normal_sensor_stream, package_mocker, performance_timer, production_batch_100, pytestconfig, record_property, record_testsuite_property, record_xml_attribute, recwarn, respx_mock, risk_assessment_template, sample_circle, sample_gcode_fanuc, sample_gcode_heidenhain, sample_gcode_siemens, sample_polygon_square, sample_polygon_triangle, sample_process_card, session_mocker, standard_3view_images, subtests, temp_dir, test_report_collector, tmp_path, tmp_path_factory, tmpdir, tmpdir_factory, unused_tcp_port, unused_tcp_port_factory, unused_udp_port, unused_udp_port_factory
>       use 'pytest --fixtures [testpath]' for help on them.

C:\Users\Lenovo\Desktop\鐏靛鍒堕€狅紙涓婄嚎鐗堬級\python\tests\api\test_wear_prediction.py:41
___ ERROR at setup of TestWearPredict.test_predict_with_different_materials ___
file C:\Users\Lenovo\Desktop\鐏靛鍒堕€狅紙涓婄嚎鐗堬級\python\tests\api\test_wear_prediction.py, line 45
      def test_predict_with_different_materials(self, client):
E       fixture 'client' not found
>       available fixtures: _class_scoped_runner, _env_setup, _function_scoped_runner, _module_scoped_runner, _package_scoped_runner, _session_faker, _session_scoped_runner, anomaly_sensor_stream, anyio_backend, anyio_backend_name, anyio_backend_options, benchmark, benchmark_gcode_tolerance, benchmark_weave, capfd, capfdbinary, caplog, capsys, capsysbinary, capteesys, class_mocker, cov, doctest_namespace, event_loop_policy, extra, extras, faker, free_tcp_port, free_tcp_port_factory, free_udp_port, free_udp_port_factory, high_precision_timer, include_metadata_in_junit_xml, it8_tolerance_data, machining_params_steel, machining_params_tc4, material_aluminum_6061, material_steel_45, material_tc4, metadata, mocker, module_mocker, monkeypatch, nc_validation_rules, no_cover, normal_sensor_stream, package_mocker, performance_timer, production_batch_100, pytestconfig, record_property, record_testsuite_property, record_xml_attribute, recwarn, respx_mock, risk_assessment_template, sample_circle, sample_gcode_fanuc, sample_gcode_heidenhain, sample_gcode_siemens, sample_polygon_square, sample_polygon_triangle, sample_process_card, session_mocker, standard_3view_images, subtests, temp_dir, test_report_collector, tmp_path, tmp_path_factory, tmpdir, tmpdir_factory, unused_tcp_port, unused_tcp_port_factory, unused_udp_port, unused_udp_port_factory
>       use 'pytest --fixtures [testpath]' for help on them.

C:\Users\Lenovo\Desktop\鐏靛鍒堕€狅紙涓婄嚎鐗堬級\python\tests\api\test_wear_prediction.py:45
____ ERROR at setup of TestRemainingLife.test_remaining_life_valid_request ____
file C:\Users\Lenovo\Desktop\鐏靛鍒堕€狅紙涓婄嚎鐗堬級\python\tests\api\test_wear_prediction.py, line 55
      def test_remaining_life_valid_request(self, client):
E       fixture 'client' not found
>       available fixtures: _class_scoped_runner, _env_setup, _function_scoped_runner, _module_scoped_runner, _package_scoped_runner, _session_faker, _session_scoped_runner, anomaly_sensor_stream, anyio_backend, anyio_backend_name, anyio_backend_options, benchmark, benchmark_gcode_tolerance, benchmark_weave, capfd, capfdbinary, caplog, capsys, capsysbinary, capteesys, class_mocker, cov, doctest_namespace, event_loop_policy, extra, extras, faker, free_tcp_port, free_tcp_port_factory, free_udp_port, free_udp_port_factory, high_precision_timer, include_metadata_in_junit_xml, it8_tolerance_data, machining_params_steel, machining_params_tc4, material_aluminum_6061, material_steel_45, material_tc4, metadata, mocker, module_mocker, monkeypatch, nc_validation_rules, no_cover, normal_sensor_stream, package_mocker, performance_timer, production_batch_100, pytestconfig, record_property, record_testsuite_property, record_xml_attribute, recwarn, respx_mock, risk_assessment_template, sample_circle, sample_gcode_fanuc, sample_gcode_heidenhain, sample_gcode_siemens, sample_polygon_square, sample_polygon_triangle, sample_process_card, session_mocker, standard_3view_images, subtests, temp_dir, test_report_collector, tmp_path, tmp_path_factory, tmpdir, tmpdir_factory, unused_tcp_port, unused_tcp_port_factory, unused_udp_port, unused_udp_port_factory
>       use 'pytest --fixtures [testpath]' for help on them.

C:\Users\Lenovo\Desktop\鐏靛鍒堕€狅紙涓婄嚎鐗堬級\python\tests\api\test_wear_prediction.py:55
______ ERROR at setup of TestRemainingLife.test_remaining_life_high_wear ______
file C:\Users\Lenovo\Desktop\鐏靛鍒堕€狅紙涓婄嚎鐗堬級\python\tests\api\test_wear_prediction.py, line 69
      def test_remaining_life_high_wear(self, client):
E       fixture 'client' not found
>       available fixtures: _class_scoped_runner, _env_setup, _function_scoped_runner, _module_scoped_runner, _package_scoped_runner, _session_faker, _session_scoped_runner, anomaly_sensor_stream, anyio_backend, anyio_backend_name, anyio_backend_options, benchmark, benchmark_gcode_tolerance, benchmark_weave, capfd, capfdbinary, caplog, capsys, capsysbinary, capteesys, class_mocker, cov, doctest_namespace, event_loop_policy, extra, extras, faker, free_tcp_port, free_tcp_port_factory, free_udp_port, free_udp_port_factory, high_precision_timer, include_metadata_in_junit_xml, it8_tolerance_data, machining_params_steel, machining_params_tc4, material_aluminum_6061, material_steel_45, material_tc4, metadata, mocker, module_mocker, monkeypatch, nc_validation_rules, no_cover, normal_sensor_stream, package_mocker, performance_timer, production_batch_100, pytestconfig, record_property, record_testsuite_property, record_xml_attribute, recwarn, respx_mock, risk_assessment_template, sample_circle, sample_gcode_fanuc, sample_gcode_heidenhain, sample_gcode_siemens, sample_polygon_square, sample_polygon_triangle, sample_process_card, session_mocker, standard_3view_images, subtests, temp_dir, test_report_collector, tmp_path, tmp_path_factory, tmpdir, tmpdir_factory, unused_tcp_port, unused_tcp_port_factory, unused_udp_port, unused_udp_port_factory
>       use 'pytest --fixtures [testpath]' for help on them.

C:\Users\Lenovo\Desktop\鐏靛鍒堕€狅紙涓婄嚎鐗堬級\python\tests\api\test_wear_prediction.py:69
__________ ERROR at setup of TestSuggest.test_suggest_valid_request ___________
file C:\Users\Lenovo\Desktop\鐏靛鍒堕€狅紙涓婄嚎鐗堬級\python\tests\api\test_wear_prediction.py, line 85
      def test_suggest_valid_request(self, client):
E       fixture 'client' not found
>       available fixtures: _class_scoped_runner, _env_setup, _function_scoped_runner, _module_scoped_runner, _package_scoped_runner, _session_faker, _session_scoped_runner, anomaly_sensor_stream, anyio_backend, anyio_backend_name, anyio_backend_options, benchmark, benchmark_gcode_tolerance, benchmark_weave, capfd, capfdbinary, caplog, capsys, capsysbinary, capteesys, class_mocker, cov, doctest_namespace, event_loop_policy, extra, extras, faker, free_tcp_port, free_tcp_port_factory, free_udp_port, free_udp_port_factory, high_precision_timer, include_metadata_in_junit_xml, it8_tolerance_data, machining_params_steel, machining_params_tc4, material_aluminum_6061, material_steel_45, material_tc4, metadata, mocker, module_mocker, monkeypatch, nc_validation_rules, no_cover, normal_sensor_stream, package_mocker, performance_timer, production_batch_100, pytestconfig, record_property, record_testsuite_property, record_xml_attribute, recwarn, respx_mock, risk_assessment_template, sample_circle, sample_gcode_fanuc, sample_gcode_heidenhain, sample_gcode_siemens, sample_polygon_square, sample_polygon_triangle, sample_process_card, session_mocker, standard_3view_images, subtests, temp_dir, test_report_collector, tmp_path, tmp_path_factory, tmpdir, tmpdir_factory, unused_tcp_port, unused_tcp_port_factory, unused_udp_port, unused_udp_port_factory
>       use 'pytest --fixtures [testpath]' for help on them.

C:\Users\Lenovo\Desktop\鐏靛鍒堕€狅紙涓婄嚎鐗堬級\python\tests\api\test_wear_prediction.py:85
______ ERROR at setup of TestWearModels.test_list_models_returns_success ______
file C:\Users\Lenovo\Desktop\鐏靛鍒堕€狅紙涓婄嚎鐗堬級\python\tests\api\test_wear_prediction.py, line 105
      def test_list_models_returns_success(self, client):
E       fixture 'client' not found
>       available fixtures: _class_scoped_runner, _env_setup, _function_scoped_runner, _module_scoped_runner, _package_scoped_runner, _session_faker, _session_scoped_runner, anomaly_sensor_stream, anyio_backend, anyio_backend_name, anyio_backend_options, benchmark, benchmark_gcode_tolerance, benchmark_weave, capfd, capfdbinary, caplog, capsys, capsysbinary, capteesys, class_mocker, cov, doctest_namespace, event_loop_policy, extra, extras, faker, free_tcp_port, free_tcp_port_factory, free_udp_port, free_udp_port_factory, high_precision_timer, include_metadata_in_junit_xml, it8_tolerance_data, machining_params_steel, machining_params_tc4, material_aluminum_6061, material_steel_45, material_tc4, metadata, mocker, module_mocker, monkeypatch, nc_validation_rules, no_cover, normal_sensor_stream, package_mocker, performance_timer, production_batch_100, pytestconfig, record_property, record_testsuite_property, record_xml_attribute, recwarn, respx_mock, risk_assessment_template, sample_circle, sample_gcode_fanuc, sample_gcode_heidenhain, sample_gcode_siemens, sample_polygon_square, sample_polygon_triangle, sample_process_card, session_mocker, standard_3view_images, subtests, temp_dir, test_report_collector, tmp_path, tmp_path_factory, tmpdir, tmpdir_factory, unused_tcp_port, unused_tcp_port_factory, unused_udp_port, unused_udp_port_factory
>       use 'pytest --fixtures [testpath]' for help on them.

C:\Users\Lenovo\Desktop\鐏靛鍒堕€狅紙涓婄嚎鐗堬級\python\tests\api\test_wear_prediction.py:105
____ ERROR at setup of TestWearThreshold.test_threshold_with_valid_params _____
file C:\Users\Lenovo\Desktop\鐏靛鍒堕€狅紙涓婄嚎鐗堬級\python\tests\api\test_wear_prediction.py, line 115
      def test_threshold_with_valid_params(self, client):
E       fixture 'client' not found
>       available fixtures: _class_scoped_runner, _env_setup, _function_scoped_runner, _module_scoped_runner, _package_scoped_runner, _session_faker, _session_scoped_runner, anomaly_sensor_stream, anyio_backend, anyio_backend_name, anyio_backend_options, benchmark, benchmark_gcode_tolerance, benchmark_weave, capfd, capfdbinary, caplog, capsys, capsysbinary, capteesys, class_mocker, cov, doctest_namespace, event_loop_policy, extra, extras, faker, free_tcp_port, free_tcp_port_factory, free_udp_port, free_udp_port_factory, high_precision_timer, include_metadata_in_junit_xml, it8_tolerance_data, machining_params_steel, machining_params_tc4, material_aluminum_6061, material_steel_45, material_tc4, metadata, mocker, module_mocker, monkeypatch, nc_validation_rules, no_cover, normal_sensor_stream, package_mocker, performance_timer, production_batch_100, pytestconfig, record_property, record_testsuite_property, record_xml_attribute, recwarn, respx_mock, risk_assessment_template, sample_circle, sample_gcode_fanuc, sample_gcode_heidenhain, sample_gcode_siemens, sample_polygon_square, sample_polygon_triangle, sample_process_card, session_mocker, standard_3view_images, subtests, temp_dir, test_report_collector, tmp_path, tmp_path_factory, tmpdir, tmpdir_factory, unused_tcp_port, unused_tcp_port_factory, unused_udp_port, unused_udp_port_factory
>       use 'pytest --fixtures [testpath]' for help on them.

C:\Users\Lenovo\Desktop\鐏靛鍒堕€狅紙涓婄嚎鐗堬級\python\tests\api\test_wear_prediction.py:115
____ ERROR at setup of TestWearCalibrate.test_calibrate_with_valid_params _____
file C:\Users\Lenovo\Desktop\鐏靛鍒堕€狅紙涓婄嚎鐗堬級\python\tests\api\test_wear_prediction.py, line 130
      def test_calibrate_with_valid_params(self, client):
E       fixture 'client' not found
>       available fixtures: _class_scoped_runner, _env_setup, _function_scoped_runner, _module_scoped_runner, _package_scoped_runner, _session_faker, _session_scoped_runner, anomaly_sensor_stream, anyio_backend, anyio_backend_name, anyio_backend_options, benchmark, benchmark_gcode_tolerance, benchmark_weave, capfd, capfdbinary, caplog, capsys, capsysbinary, capteesys, class_mocker, cov, doctest_namespace, event_loop_policy, extra, extras, faker, free_tcp_port, free_tcp_port_factory, free_udp_port, free_udp_port_factory, high_precision_timer, include_metadata_in_junit_xml, it8_tolerance_data, machining_params_steel, machining_params_tc4, material_aluminum_6061, material_steel_45, material_tc4, metadata, mocker, module_mocker, monkeypatch, nc_validation_rules, no_cover, normal_sensor_stream, package_mocker, performance_timer, production_batch_100, pytestconfig, record_property, record_testsuite_property, record_xml_attribute, recwarn, respx_mock, risk_assessment_template, sample_circle, sample_gcode_fanuc, sample_gcode_heidenhain, sample_gcode_siemens, sample_polygon_square, sample_polygon_triangle, sample_process_card, session_mocker, standard_3view_images, subtests, temp_dir, test_report_collector, tmp_path, tmp_path_factory, tmpdir, tmpdir_factory, unused_tcp_port, unused_tcp_port_factory, unused_udp_port, unused_udp_port_factory
>       use 'pytest --fixtures [testpath]' for help on them.

C:\Users\Lenovo\Desktop\鐏靛鍒堕€狅紙涓婄嚎鐗堬級\python\tests\api\test_wear_prediction.py:130
_ ERROR at setup of Test3DReconstructionAccuracy.test_bbox_reconstruction_basic _
E   TypeError: Conv2d() takes no arguments
___ ERROR at setup of Test3DReconstructionAccuracy.test_bbox_per_part_type ____
E   TypeError: Conv2d() takes no arguments
_ ERROR at setup of Test3DReconstructionAccuracy.test_output_shape_validation _
E   TypeError: Conv2d() takes no arguments
__ ERROR at setup of Test3DReconstructionAccuracy.test_inference_consistency __
E   TypeError: Conv2d() takes no arguments
__ ERROR at setup of Test3DReconstructionAccuracy.test_model_parameter_count __
E   TypeError: Conv2d() takes no arguments
__ ERROR at setup of Test3DReconstructionAccuracy.test_bbox_size_positivity ___
E   TypeError: Conv2d() takes no arguments
___ ERROR at setup of TestFeaturePointDetection.test_keypoint_output_shape ____
E   TypeError: Conv2d() takes no arguments
__ ERROR at setup of TestFeaturePointDetection.test_keypoint_detection_basic __
E   TypeError: Conv2d() takes no arguments
___ ERROR at setup of TestFeaturePointDetection.test_per_keypoint_accuracy ____
E   TypeError: Conv2d() takes no arguments
____ ERROR at setup of TestFeaturePointDetection.test_keypoint_consistency ____
E   TypeError: Conv2d() takes no arguments
____ ERROR at setup of TestFeaturePointDetection.test_keypoint_within_bbox ____
E   TypeError: Conv2d() takes no arguments
_____ ERROR at setup of TestFeaturePointDetection.test_topology_relations _____
E   TypeError: Conv2d() takes no arguments
_______ ERROR at setup of TestFewShotLearning.test_few_shot_finetune_10 _______
E   TypeError: Conv2d() takes no arguments
_______ ERROR at setup of TestFewShotLearning.test_few_shot_finetune_25 _______
E   TypeError: Conv2d() takes no arguments
_______ ERROR at setup of TestFewShotLearning.test_few_shot_finetune_50 _______
E   TypeError: Conv2d() takes no arguments
_______ ERROR at setup of TestFewShotLearning.test_few_shot_comparison ________
E   TypeError: Conv2d() takes no arguments
________ ERROR at setup of TestFewShotLearning.test_full_data_baseline ________
E   TypeError: Conv2d() takes no arguments
____ ERROR at setup of TestFewShotLearning.test_cross_class_generalization ____
E   TypeError: Conv2d() takes no arguments
_______ ERROR at setup of TestOcclusionRobustness.test_robustness_basic _______
E   TypeError: Conv2d() takes no arguments
___ ERROR at setup of TestOcclusionRobustness.test_varying_occlusion_levels ___
E   TypeError: Conv2d() takes no arguments
___ ERROR at setup of TestOcclusionRobustness.test_keypoint_under_occlusion ___
E   TypeError: Conv2d() takes no arguments
_ ERROR at setup of TestAttentionVisualization.test_cog2per_attention_exists __
E   TypeError: Linear() takes no arguments
_ ERROR at setup of TestAttentionVisualization.test_per2exec_attention_exists _
E   TypeError: Linear() takes no arguments
_ ERROR at setup of TestAttentionVisualization.test_exec2cog_attention_exists _
E   TypeError: Linear() takes no arguments
_ ERROR at setup of TestAttentionVisualization.test_attention_concentration_above_threshold _
E   TypeError: Linear() takes no arguments
_ ERROR at setup of TestAttentionVisualization.test_per2exec_temporal_attention_decay _
E   TypeError: Linear() takes no arguments
_ ERROR at setup of TestAttentionVisualization.test_three_scenarios_all_pass __
E   TypeError: Linear() takes no arguments
__ ERROR at setup of TestAttentionVisualization.test_attention_heatmap_save ___
E   TypeError: Linear() takes no arguments
_ ERROR at setup of TestAttentionVisualization.test_total_system_params_under_5m _
E   TypeError: Linear() takes no arguments
____ ERROR at setup of TestAttentionVisualization.test_forward_pass_timing ____
E   TypeError: Linear() takes no arguments
_ ERROR at setup of TestCounterfactualReasoning.test_higher_spindle_speed_increases_temperature_risk _
E   TypeError: Linear() takes no arguments
_ ERROR at setup of TestCounterfactualReasoning.test_deeper_cut_increases_risk _
E   TypeError: Linear() takes no arguments
___ ERROR at setup of TestCounterfactualReasoning.test_coolant_reduces_risk ___
E   TypeError: Linear() takes no arguments
_ ERROR at setup of TestCounterfactualReasoning.test_finish_milling_better_quality_than_rough _
E   TypeError: Linear() takes no arguments
_ ERROR at setup of TestCounterfactualReasoning.test_higher_feed_rate_increases_efficiency _
E   TypeError: Linear() takes no arguments
_ ERROR at setup of TestCounterfactualReasoning.test_different_operations_produce_different_outcomes _
E   TypeError: Linear() takes no arguments
_ ERROR at setup of TestCounterfactualReasoning.test_counterfactual_consistency_check _
E   TypeError: Linear() takes no arguments
_ ERROR at setup of TestFusionAblation.test_full_model_better_than_ablation_cp _
E   TypeError: Linear() takes no arguments
_ ERROR at setup of TestFusionAblation.test_full_model_better_than_ablation_pe _
E   TypeError: Linear() takes no arguments
_ ERROR at setup of TestFusionAblation.test_full_model_better_than_ablation_ec _
E   TypeError: Linear() takes no arguments
__ ERROR at setup of TestFusionAblation.test_all_ablations_cause_degradation __
E   TypeError: Linear() takes no arguments
_ ERROR at setup of TestFusionAblation.test_ablation_ec_sensitive_to_anomaly __
E   TypeError: Linear() takes no arguments
___ ERROR at setup of TestFusionAblation.test_feature_diversity_comparison ____
E   TypeError: Linear() takes no arguments
____ ERROR at setup of TestFusionAblation.test_full_model_parameter_count _____
E   TypeError: Linear() takes no arguments
__ ERROR at setup of TestFusionAblation.test_ablation_models_parameter_count __
E   TypeError: Linear() takes no arguments
_______ ERROR at setup of TestFusionQuality.test_regression_improvement _______
E   TypeError: Linear() takes no arguments
_____ ERROR at setup of TestFusionQuality.test_classification_improvement _____
E   TypeError: Linear() takes no arguments
______ ERROR at setup of TestFusionQuality.test_statistical_significance ______
E   TypeError: Linear() takes no arguments
____ ERROR at setup of TestFusionQuality.test_perception_reweight_validity ____
E   TypeError: Linear() takes no arguments
__________ ERROR at setup of TestFusionQuality.test_exec_state_range __________
E   TypeError: Linear() takes no arguments
____ ERROR at setup of TestFusionQuality.test_cognitive_adjustment_bounded ____
E   TypeError: Linear() takes no arguments
_ ERROR at setup of TestFusionQuality.test_critical_anomaly_larger_adjustment _
E   TypeError: Linear() takes no arguments
______ ERROR at setup of TestModelCacheSingleton.test_singleton_instance ______
E   AttributeError: type object 'ModelCache' has no attribute 'reset_instance'
_ ERROR at setup of TestModelCacheSingleton.test_singleton_with_different_params _
E   AttributeError: type object 'ModelCache' has no attribute 'reset_instance'
__ ERROR at setup of TestModelCacheSingleton.test_singleton_invalid_max_size __
E   AttributeError: type object 'ModelCache' has no attribute 'reset_instance'
_ ERROR at setup of TestModelCacheSingleton.test_singleton_negative_max_size __
E   AttributeError: type object 'ModelCache' has no attribute 'reset_instance'
______ ERROR at setup of TestModelCacheBasicOperations.test_put_and_get _______
E   AttributeError: type object 'ModelCache' has no attribute 'reset_instance'
____ ERROR at setup of TestModelCacheBasicOperations.test_get_nonexistent _____
E   AttributeError: type object 'ModelCache' has no attribute 'reset_instance'
____ ERROR at setup of TestModelCacheBasicOperations.test_remove_existing _____
E   AttributeError: type object 'ModelCache' has no attribute 'reset_instance'
___ ERROR at setup of TestModelCacheBasicOperations.test_remove_nonexistent ___
E   AttributeError: type object 'ModelCache' has no attribute 'reset_instance'
________ ERROR at setup of TestModelCacheBasicOperations.test_contains ________
E   AttributeError: type object 'ModelCache' has no attribute 'reset_instance'
__________ ERROR at setup of TestModelCacheBasicOperations.test_size __________
E   AttributeError: type object 'ModelCache' has no attribute 'reset_instance'
_________ ERROR at setup of TestModelCacheBasicOperations.test_clear __________
E   AttributeError: type object 'ModelCache' has no attribute 'reset_instance'
____________ ERROR at setup of TestModelCacheLRU.test_lru_eviction ____________
E   AttributeError: type object 'ModelCache' has no attribute 'reset_instance'
______ ERROR at setup of TestModelCacheLRU.test_lru_access_updates_order ______
E   AttributeError: type object 'ModelCache' has no attribute 'reset_instance'
_______ ERROR at setup of TestModelCacheLRU.test_lru_multiple_evictions _______
E   AttributeError: type object 'ModelCache' has no attribute 'reset_instance'
________ ERROR at setup of TestModelCacheStatistics.test_initial_stats ________
E   AttributeError: type object 'ModelCache' has no attribute 'reset_instance'
_____ ERROR at setup of TestModelCacheStatistics.test_hit_and_miss_stats ______
E   AttributeError: type object 'ModelCache' has no attribute 'reset_instance'
_____ ERROR at setup of TestModelCacheStatistics.test_cached_models_list ______
E   AttributeError: type object 'ModelCache' has no attribute 'reset_instance'
________ ERROR at setup of TestModelCacheStatistics.test_model_details ________
E   AttributeError: type object 'ModelCache' has no attribute 'reset_instance'
______ ERROR at setup of TestModelCacheStatistics.test_max_size_in_stats ______
E   AttributeError: type object 'ModelCache' has no attribute 'reset_instance'
______ ERROR at setup of TestModelCacheThreadSafety.test_concurrent_puts ______
E   AttributeError: type object 'ModelCache' has no attribute 'reset_instance'
______ ERROR at setup of TestModelCacheThreadSafety.test_concurrent_gets ______
E   AttributeError: type object 'ModelCache' has no attribute 'reset_instance'
_ ERROR at setup of TestModelCacheThreadSafety.test_concurrent_mixed_operations _
E   AttributeError: type object 'ModelCache' has no attribute 'reset_instance'
____ ERROR at setup of TestModelCacheMemoryManagement.test_memory_tracking ____
E   AttributeError: type object 'ModelCache' has no attribute 'reset_instance'
_ ERROR at setup of TestModelCacheMemoryManagement.test_memory_after_eviction _
E   AttributeError: type object 'ModelCache' has no attribute 'reset_instance'
__ ERROR at setup of TestModelCacheMemoryManagement.test_memory_after_clear ___
E   AttributeError: type object 'ModelCache' has no attribute 'reset_instance'
________ ERROR at setup of TestModelCacheEdgeCases.test_cache_size_one ________
E   AttributeError: type object 'ModelCache' has no attribute 'reset_instance'
____ ERROR at setup of TestModelCacheEdgeCases.test_update_existing_model _____
E   AttributeError: type object 'ModelCache' has no attribute 'reset_instance'
___________ ERROR at setup of TestModelCacheEdgeCases.test_is_full ____________
E   AttributeError: type object 'ModelCache' has no attribute 'reset_instance'
______ ERROR at setup of TestModelCacheEdgeCases.test_stats_after_clear _______
E   AttributeError: type object 'ModelCache' has no attribute 'reset_instance'
_______ ERROR at setup of TestMultiStepPlanning.test_planning_completes _______
E   TypeError: Linear() takes no arguments
____ ERROR at setup of TestMultiStepPlanning.test_action_sequence_validity ____
E   TypeError: Linear() takes no arguments
_ ERROR at setup of TestMultiStepPlanning.test_expert_rule_rough_before_finish _
E   TypeError: Linear() takes no arguments
_ ERROR at setup of TestMultiStepPlanning.test_expert_rule_no_rough_after_finish _
E   TypeError: Linear() takes no arguments
___ ERROR at setup of TestMultiStepPlanning.test_expert_rule_drill_sequence ___
E   TypeError: Linear() takes no arguments
______ ERROR at setup of TestMultiStepPlanning.test_planning_convergence ______
E   TypeError: Linear() takes no arguments
_______ ERROR at setup of TestMultiStepPlanning.test_reward_consistency _______
E   TypeError: Linear() takes no arguments
_____ ERROR at setup of TestMultiStepPlanning.test_risk_report_generation _____
E   TypeError: Linear() takes no arguments
___ ERROR at setup of TestMultiStepPlanning.test_planning_time_measurement ____
E   TypeError: Linear() takes no arguments
___ ERROR at setup of TestMultiStepPlanning.test_multiple_plans_consistency ___
E   TypeError: Linear() takes no arguments
_ ERROR at setup of TestMultiStepPlanning.test_expert_rule_overall_consistency _
E   TypeError: Linear() takes no arguments
_ ERROR at setup of TestPlanningEfficiency.test_full_planning_under_5_seconds _
E   TypeError: Linear() takes no arguments
_ ERROR at setup of TestPlanningEfficiency.test_single_step_prediction_speed __
E   TypeError: Linear() takes no arguments
__ ERROR at setup of TestPlanningEfficiency.test_trajectory_prediction_speed __
E   TypeError: Linear() takes no arguments
__ ERROR at setup of TestPlanningEfficiency.test_planning_scales_reasonably ___
E   TypeError: Linear() takes no arguments
__ ERROR at setup of TestPlanningEfficiency.test_multiple_plans_average_time __
E   TypeError: Linear() takes no arguments
_ ERROR at setup of TestPlanningEfficiency.test_counterfactual_comparison_speed _
E   TypeError: Linear() takes no arguments
_ ERROR at setup of TestPlanningRobustness.test_planning_stability_under_noise _
E   TypeError: Linear() takes no arguments
_ ERROR at setup of TestPlanningRobustness.test_reward_stability_under_noise __
E   TypeError: Linear() takes no arguments
_ ERROR at setup of TestPlanningRobustness.test_multiple_noise_levels_stability _
E   TypeError: Linear() takes no arguments
_ ERROR at setup of TestPlanningRobustness.test_single_step_prediction_stability _
E   TypeError: Linear() takes no arguments
_____ ERROR at setup of TestPlanningRobustness.test_risk_report_stability _____
E   TypeError: Linear() takes no arguments
_____ ERROR at setup of TestPlanningRobustness.test_confidence_stability ______
E   TypeError: Linear() takes no arguments
___ ERROR at setup of TestPlanningRobustness.test_geometry_noise_robustness ___
E   TypeError: Linear() takes no arguments
_______________ ERROR at setup of test_downstream_compatibility _______________
file C:\Users\Lenovo\Desktop\鐏靛鍒堕€狅紙涓婄嚎鐗堬級\python\tests\test_step_import_e2e.py, line 228
  async def test_downstream_compatibility(step_data: dict):
      """T4: 涓嬫父鍏煎鎬ф祴璇?鈥?姣涘澂瀹氫箟+鍒€璺敓鎴?鍑犱綍鍖归厤銆?""
      section("T4: 涓嬫父鍏煎鎬ф祴璇?)

      from app.simulation.voxel_cutter import VoxelCutter, ToolModel
      from app.simulation.toolpath_parser import ToolpathParser

      # T4.1: 楠岃瘉STL鏂囦欢鍙敤浜庝笅娓镐豢鐪?
      stl_files = step_data.get("stl_files", [])
      if not stl_files:
          result("璺宠繃涓嬫父娴嬭瘯: 鏃燬TL鏂囦欢", False, "鍓嶇疆鏉′欢涓嶆弧瓒?)
          return

      stl_path = Path(stl_files[0]["stl_path"])
      if not stl_path.exists():
          result("璺宠繃涓嬫父娴嬭瘯: STL涓嶅瓨鍦?, False)
          return

      result("STL鏂囦欢鍙敤涓嬫父妯″潡", True)

      # T4.2: 楠岃瘉STL鏂囦欢瀹屾暣鎬?
      import trimesh

      mesh = trimesh.load(str(stl_path))
      has_vertices = len(mesh.vertices) > 0
      has_faces = len(mesh.faces) > 0
      result(f"STL椤剁偣鏁? {len(mesh.vertices)}", has_vertices)
      result(f"STL闈㈡暟: {len(mesh.faces)}", has_faces)

      # T4.3: 楠岃瘉鍖呭洿鐩掍竴鑷存€?
      model_bbox = step_data.get("model_info", {}).get("bounding_box", {})
      mesh_extents = mesh.extents
      if mesh_extents is not None and len(mesh_extents) >= 3:
          length_match = abs(mesh_extents[0] - model_bbox.get("length", 0)) < 2
          width_match = abs(mesh_extents[1] - model_bbox.get("width", 0)) < 2
          height_match = abs(mesh_extents[2] - model_bbox.get("height", 0)) < 2
          result(
              "STL鍖呭洿鐩?length涓€鑷?鍋忓樊<2mm)",
              length_match,
              f"妯″瀷={model_bbox.get('length')}, STL={mesh_extents[0]:.1f}",
          )
          result(
              "STL鍖呭洿鐩?width涓€鑷?鍋忓樊<2mm)",
              width_match,
              f"妯″瀷={model_bbox.get('width')}, STL={mesh_extents[1]:.1f}",
          )
          result(
              "STL鍖呭洿鐩?height涓€鑷?鍋忓樊<2mm)",
              height_match,
              f"妯″瀷={model_bbox.get('height')}, STL={mesh_extents[2]:.1f}",
          )

      # T4.4: 鐢熸垚鍒€璺苟楠岃瘉
      tool = ToolModel(diameter=10.0, length=20.0, tool_type="flat")
      cutter = VoxelCutter(voxel_size=2.0)

      gcode = """G00 X0 Y0 Z10
  G01 X100 Y0 Z-2 F500
  G01 X100 Y50 Z-2 F500
  G01 X0 Y50 Z-2 F500
  G01 X0 Y0 Z-2 F500
  G00 Z10
  """
      parser = ToolpathParser(controller_type="fanuc")
      segments = parser.parse_gcode(gcode)

      output_dir = PROJECT_ROOT / "output/step_import"
      sim_result = cutter.run_simulation(
          stock_stl_path=stl_path,
          tool=tool,
          segments=segments,
          output_dir=output_dir,
          safe_z_height=10.0,
          task_id="downstream_test",
      )

      result_ok = sim_result is not None and hasattr(sim_result, "voxel_count")
      result("鍒€璺豢鐪熸墽琛屾垚鍔?, result_ok)

      if result_ok:
          result(f"浣撶礌鎬绘暟: {sim_result.voxel_count}", sim_result.voxel_count > 0)
          result(
              f"绉婚櫎浣撶礌鏁? {sim_result.removed_voxel_count}",
              sim_result.removed_voxel_count > 0,
          )
          result("纰版挒妫€娴嬪畬鎴?, True)

          # T4.5: 楠岃瘉杈撳嚭STL鏂囦欢
          output_stl = (
              Path(sim_result.stock_stl_url) if sim_result.stock_stl_url else None
          )
          if output_stl and output_stl.exists():
              out_mesh = trimesh.load(str(output_stl))
              result(
                  f"杈撳嚭STL椤剁偣鏁? {len(out_mesh.vertices)}", len(out_mesh.vertices) > 0
              )
              result(f"杈撳嚭STL闈㈡暟: {len(out_mesh.faces)}", len(out_mesh.faces) > 0)

              # T4.6: 楠岃瘉鍑犱綍鍧愭爣鍋忓樊 < 0.1mm
              if len(mesh.vertices) > 0 and len(out_mesh.vertices) > 0:
                  orig_bbox = mesh.bounds
                  out_bbox = out_mesh.bounds
                  if orig_bbox is not None and out_bbox is not None:
                      max_diff = max(
                          abs(orig_bbox[1][i] - out_bbox[1][i]) for i in range(3)
                      )
                      result(
                          f"鍧愭爣鍋忓樊(max): {max_diff:.3f}mm < 0.1mm",
                          max_diff < 0.1,
                          f"瀹為檯鍋忓樊={max_diff:.3f}mm",
                      )
E       fixture 'step_data' not found
>       available fixtures: _class_scoped_runner, _env_setup, _function_scoped_runner, _module_scoped_runner, _package_scoped_runner, _session_faker, _session_scoped_runner, anomaly_sensor_stream, anyio_backend, anyio_backend_name, anyio_backend_options, benchmark, benchmark_gcode_tolerance, benchmark_weave, capfd, capfdbinary, caplog, capsys, capsysbinary, capteesys, class_mocker, cov, doctest_namespace, event_loop_policy, extra, extras, faker, free_tcp_port, free_tcp_port_factory, free_udp_port, free_udp_port_factory, high_precision_timer, include_metadata_in_junit_xml, it8_tolerance_data, machining_params_steel, machining_params_tc4, material_aluminum_6061, material_steel_45, material_tc4, metadata, mocker, module_mocker, monkeypatch, nc_validation_rules, no_cover, normal_sensor_stream, package_mocker, performance_timer, production_batch_100, pytestconfig, record_property, record_testsuite_property, record_xml_attribute, recwarn, respx_mock, risk_assessment_template, sample_circle, sample_gcode_fanuc, sample_gcode_heidenhain, sample_gcode_siemens, sample_polygon_square, sample_polygon_triangle, sample_process_card, session_mocker, standard_3view_images, subtests, temp_dir, test_report_collector, tmp_path, tmp_path_factory, tmpdir, tmpdir_factory, unused_tcp_port, unused_tcp_port_factory, unused_udp_port, unused_udp_port_factory
>       use 'pytest --fixtures [testpath]' for help on them.

C:\Users\Lenovo\Desktop\鐏靛鍒堕€狅紙涓婄嚎鐗堬級\python\tests\test_step_import_e2e.py:228
___ ERROR at setup of TestSingleStepPrediction.test_predictor_output_shape ____
E   TypeError: Linear() takes no arguments
_ ERROR at setup of TestSingleStepPrediction.test_cosine_similarity_threshold _
E   TypeError: Linear() takes no arguments
__ ERROR at setup of TestSingleStepPrediction.test_multiple_operation_types ___
E   TypeError: Linear() takes no arguments
______ ERROR at setup of TestSingleStepPrediction.test_confidence_output ______
E   TypeError: Linear() takes no arguments
___ ERROR at setup of TestSingleStepPrediction.test_reward_estimates_range ____
E   TypeError: Linear() takes no arguments
___ ERROR at setup of TestSingleStepPrediction.test_prediction_consistency ____
E   TypeError: Linear() takes no arguments
================================== FAILURES ===================================
E   assert 200 == 409
     +  where 200 = <Response [200 OK]>.status_code
C:\Users\Lenovo\Desktop\鐏靛鍒堕€狅紙涓婄嚎鐗堬級\python\tests\api\test_auth_endpoints.py:473: assert 200 == 409
E   TypeError: 'NoneType' object is not subscriptable
C:\Users\Lenovo\Desktop\鐏靛鍒堕€狅紙涓婄嚎鐗堬級\python\tests\ijepa_3d\test_occlusion_robustness.py:94: TypeError: 'NoneType' object is not subscriptable
E   TypeError: 'NoneType' object is not subscriptable
C:\Users\Lenovo\Desktop\鐏靛鍒堕€狅紙涓婄嚎鐗堬級\python\tests\ijepa_3d\test_occlusion_robustness.py:94: TypeError: 'NoneType' object is not subscriptable
E   AttributeError: 'FanucPostProcessor' object has no attribute '_default_coordinate_system'
C:\Users\Lenovo\Desktop\鐏靛鍒堕€狅紙涓婄嚎鐗堬級\python\app\postprocessor\fanuc.py:44: AttributeError: 'FanucPostProcessor' object has no attribute '_default_coordinate_system'
E   AttributeError: 'CFCModel' object has no attribute 'parameters'
C:\Users\Lenovo\Desktop\鐏靛鍒堕€狅紙涓婄嚎鐗堬級\python\app\ai\lnn\models\torch_base_lnn.py:100: AttributeError: 'CFCModel' object has no attribute 'parameters'
E   AttributeError: 'LTCModel' object has no attribute 'parameters'
C:\Users\Lenovo\Desktop\鐏靛鍒堕€狅紙涓婄嚎鐗堬級\python\app\ai\lnn\models\torch_base_lnn.py:100: AttributeError: 'LTCModel' object has no attribute 'parameters'
E   AttributeError: 'HybridLNN' object has no attribute 'parameters'
C:\Users\Lenovo\Desktop\鐏靛鍒堕€狅紙涓婄嚎鐗堬級\python\app\ai\lnn\models\torch_base_lnn.py:100: AttributeError: 'HybridLNN' object has no attribute 'parameters'
E   AttributeError: 'CFCModel' object has no attribute 'parameters'
C:\Users\Lenovo\Desktop\鐏靛鍒堕€狅紙涓婄嚎鐗堬級\python\app\ai\lnn\models\torch_base_lnn.py:100: AttributeError: 'CFCModel' object has no attribute 'parameters'
E   AttributeError: 'LTCModel' object has no attribute 'parameters'
C:\Users\Lenovo\Desktop\鐏靛鍒堕€狅紙涓婄嚎鐗堬級\python\app\ai\lnn\models\torch_base_lnn.py:100: AttributeError: 'LTCModel' object has no attribute 'parameters'
E   AttributeError: 'HybridLNN' object has no attribute 'parameters'
C:\Users\Lenovo\Desktop\鐏靛鍒堕€狅紙涓婄嚎鐗堬級\python\app\ai\lnn\models\torch_base_lnn.py:100: AttributeError: 'HybridLNN' object has no attribute 'parameters'
E   AttributeError: 'CFCModel' object has no attribute 'parameters'
C:\Users\Lenovo\Desktop\鐏靛鍒堕€狅紙涓婄嚎鐗堬級\python\app\ai\lnn\models\torch_base_lnn.py:100: AttributeError: 'CFCModel' object has no attribute 'parameters'
E   AttributeError: 'LTCModel' object has no attribute 'parameters'
C:\Users\Lenovo\Desktop\鐏靛鍒堕€狅紙涓婄嚎鐗堬級\python\app\ai\lnn\models\torch_base_lnn.py:100: AttributeError: 'LTCModel' object has no attribute 'parameters'
E   AttributeError: 'HybridLNN' object has no attribute 'parameters'
C:\Users\Lenovo\Desktop\鐏靛鍒堕€狅紙涓婄嚎鐗堬級\python\app\ai\lnn\models\torch_base_lnn.py:100: AttributeError: 'HybridLNN' object has no attribute 'parameters'
E   AttributeError: 'CFCModel' object has no attribute 'parameters'
C:\Users\Lenovo\Desktop\鐏靛鍒堕€狅紙涓婄嚎鐗堬級\python\app\ai\lnn\models\torch_base_lnn.py:100: AttributeError: 'CFCModel' object has no attribute 'parameters'
E   AttributeError: 'LTCModel' object has no attribute 'parameters'
C:\Users\Lenovo\Desktop\鐏靛鍒堕€狅紙涓婄嚎鐗堬級\python\app\ai\lnn\models\torch_base_lnn.py:100: AttributeError: 'LTCModel' object has no attribute 'parameters'
E   AttributeError: 'HybridLNN' object has no attribute 'parameters'
C:\Users\Lenovo\Desktop\鐏靛鍒堕€狅紙涓婄嚎鐗堬級\python\app\ai\lnn\models\torch_base_lnn.py:100: AttributeError: 'HybridLNN' object has no attribute 'parameters'
E   AttributeError: 'CFCModel' object has no attribute 'parameters'
C:\Users\Lenovo\Desktop\鐏靛鍒堕€狅紙涓婄嚎鐗堬級\python\app\ai\lnn\models\torch_base_lnn.py:100: AttributeError: 'CFCModel' object has no attribute 'parameters'
E   AttributeError: 'LTCModel' object has no attribute 'parameters'
C:\Users\Lenovo\Desktop\鐏靛鍒堕€狅紙涓婄嚎鐗堬級\python\app\ai\lnn\models\torch_base_lnn.py:100: AttributeError: 'LTCModel' object has no attribute 'parameters'
E   AttributeError: 'HybridLNN' object has no attribute 'parameters'
C:\Users\Lenovo\Desktop\鐏靛鍒堕€狅紙涓婄嚎鐗堬級\python\app\ai\lnn\models\torch_base_lnn.py:100: AttributeError: 'HybridLNN' object has no attribute 'parameters'
E   AttributeError: 'HeidenhainPostProcessor' object has no attribute '_spindle_default_rpm'
C:\Users\Lenovo\Desktop\鐏靛鍒堕€狅紙涓婄嚎鐗堬級\python\app\postprocessor\base.py:92: AttributeError: 'HeidenhainPostProcessor' object has no attribute '_spindle_default_rpm'
E   AttributeError: 'SiemensPostProcessor' object has no attribute '_spindle_default_rpm'
C:\Users\Lenovo\Desktop\鐏靛鍒堕€狅紙涓婄嚎鐗堬級\python\app\postprocessor\base.py:92: AttributeError: 'SiemensPostProcessor' object has no attribute '_spindle_default_rpm'
E   AttributeError: 'FanucPostProcessor' object has no attribute '_default_coordinate_system'
C:\Users\Lenovo\Desktop\鐏靛鍒堕€狅紙涓婄嚎鐗堬級\python\app\postprocessor\fanuc.py:44: AttributeError: 'FanucPostProcessor' object has no attribute '_default_coordinate_system'
E   AttributeError: 'FanucPostProcessor' object has no attribute '_default_coordinate_system'
C:\Users\Lenovo\Desktop\鐏靛鍒堕€狅紙涓婄嚎鐗堬級\python\app\postprocessor\fanuc.py:44: AttributeError: 'FanucPostProcessor' object has no attribute '_default_coordinate_system'
E   AttributeError: 'FanucPostProcessor' object has no attribute '_default_coordinate_system'
C:\Users\Lenovo\Desktop\鐏靛鍒堕€狅紙涓婄嚎鐗堬級\python\app\postprocessor\fanuc.py:44: AttributeError: 'FanucPostProcessor' object has no attribute '_default_coordinate_system'
E   AttributeError: 'FanucPostProcessor' object has no attribute '_default_coordinate_system'
C:\Users\Lenovo\Desktop\鐏靛鍒堕€狅紙涓婄嚎鐗堬級\python\app\postprocessor\fanuc.py:44: AttributeError: 'FanucPostProcessor' object has no attribute '_default_coordinate_system'
E   AttributeError: 'NoneType' object has no attribute 'dim'
C:\Users\Lenovo\Desktop\鐏靛鍒堕€狅紙涓婄嚎鐗堬級\python\app\ai\cross_layer_fusion\alignment.py:67: AttributeError: 'NoneType' object has no attribute 'dim'
E   AttributeError: 'NoneType' object has no attribute 'clone'
C:\Users\Lenovo\Desktop\鐏靛鍒堕€狅紙涓婄嚎鐗堬級\python\tests\test_alignment_loss.py:72: AttributeError: 'NoneType' object has no attribute 'clone'
E   AttributeError: 'NoneType' object has no attribute 'dim'
C:\Users\Lenovo\Desktop\鐏靛鍒堕€狅紙涓婄嚎鐗堬級\python\app\ai\cross_layer_fusion\alignment.py:67: AttributeError: 'NoneType' object has no attribute 'dim'
E   AttributeError: 'NoneType' object has no attribute 'dim'
C:\Users\Lenovo\Desktop\鐏靛鍒堕€狅紙涓婄嚎鐗堬級\python\app\ai\cross_layer_fusion\alignment.py:67: AttributeError: 'NoneType' object has no attribute 'dim'
E   AttributeError: 'NoneType' object has no attribute 'dim'
C:\Users\Lenovo\Desktop\鐏靛鍒堕€狅紙涓婄嚎鐗堬級\python\app\ai\cross_layer_fusion\alignment.py:67: AttributeError: 'NoneType' object has no attribute 'dim'
E   AttributeError: 'NoneType' object has no attribute 'dim'
C:\Users\Lenovo\Desktop\鐏靛鍒堕€狅紙涓婄嚎鐗堬級\python\app\ai\cross_layer_fusion\alignment.py:67: AttributeError: 'NoneType' object has no attribute 'dim'
E   AttributeError: 'NoneType' object has no attribute 'dim'
C:\Users\Lenovo\Desktop\鐏靛鍒堕€狅紙涓婄嚎鐗堬級\python\app\ai\cross_layer_fusion\alignment.py:67: AttributeError: 'NoneType' object has no attribute 'dim'
E   AttributeError: 'NoneType' object has no attribute 'dim'
C:\Users\Lenovo\Desktop\鐏靛鍒堕€狅紙涓婄嚎鐗堬級\python\app\ai\cross_layer_fusion\alignment.py:67: AttributeError: 'NoneType' object has no attribute 'dim'
E   AttributeError: 'NoneType' object has no attribute 'dim'
C:\Users\Lenovo\Desktop\鐏靛鍒堕€狅紙涓婄嚎鐗堬級\python\app\ai\cross_layer_fusion\alignment.py:67: AttributeError: 'NoneType' object has no attribute 'dim'
E   AttributeError: 'NoneType' object has no attribute 'dim'
C:\Users\Lenovo\Desktop\鐏靛鍒堕€狅紙涓婄嚎鐗堬級\python\app\ai\cross_layer_fusion\alignment.py:67: AttributeError: 'NoneType' object has no attribute 'dim'
E   AttributeError: 'NoneType' object has no attribute 'dim'
C:\Users\Lenovo\Desktop\鐏靛鍒堕€狅紙涓婄嚎鐗堬級\python\app\ai\cross_layer_fusion\alignment.py:67: AttributeError: 'NoneType' object has no attribute 'dim'
E   AttributeError: 'NoneType' object has no attribute 'dim'
C:\Users\Lenovo\Desktop\鐏靛鍒堕€狅紙涓婄嚎鐗堬級\python\app\ai\cross_layer_fusion\alignment.py:67: AttributeError: 'NoneType' object has no attribute 'dim'
E   AttributeError: 'NoneType' object has no attribute 'dim'
C:\Users\Lenovo\Desktop\鐏靛鍒堕€狅紙涓婄嚎鐗堬級\python\app\ai\cross_layer_fusion\alignment.py:67: AttributeError: 'NoneType' object has no attribute 'dim'
E   AttributeError: 'NoneType' object has no attribute 'dim'
C:\Users\Lenovo\Desktop\鐏靛鍒堕€狅紙涓婄嚎鐗堬級\python\app\ai\cross_layer_fusion\alignment.py:67: AttributeError: 'NoneType' object has no attribute 'dim'
E   TypeError: Parameter() takes no arguments
C:\Users\Lenovo\Desktop\鐏靛鍒堕€狅紙涓婄嚎鐗堬級\python\tests\test_alignment_loss.py:223: TypeError: Parameter() takes no arguments
E   TypeError: 'NoneType' object is not subscriptable
C:\Users\Lenovo\Desktop\鐏靛鍒堕€狅紙涓婄嚎鐗堬級\python\tests\test_alignment_loss.py:252: TypeError: 'NoneType' object is not subscriptable
E   TypeError: Linear() takes no arguments
C:\Users\Lenovo\Desktop\鐏靛鍒堕€狅紙涓婄嚎鐗堬級\python\tests\test_alignment_loss.py:293: TypeError: Linear() takes no arguments
E   AttributeError: 'NoneType' object has no attribute 'std'
C:\Users\Lenovo\Desktop\鐏靛鍒堕€狅紙涓婄嚎鐗堬級\python\app\ai\cross_layer_fusion\alignment.py:299: AttributeError: 'NoneType' object has no attribute 'std'
E   AttributeError: 'NoneType' object has no attribute 'std'
C:\Users\Lenovo\Desktop\鐏靛鍒堕€狅紙涓婄嚎鐗堬級\python\app\ai\cross_layer_fusion\alignment.py:299: AttributeError: 'NoneType' object has no attribute 'std'
E   AttributeError: 'AsyncTaskManager' object has no attribute '_cancel_hooks'

During handling of the above exception, another exception occurred:
E   AttributeError: 'AsyncTaskManager' object has no attribute '_cancel_hooks'
------------------------------ Captured log call ------------------------------
WARNING  app.database.connection:connection.py:55 DB_URL not configured, database persistence disabled
WARNING  app.database.connection:connection.py:55 DB_URL not configured, database persistence disabled
WARNING  app.services.redis_client:redis_client.py:50 REDIS_URL not configured, Redis caching disabled
WARNING  app.database.connection:connection.py:55 DB_URL not configured, database persistence disabled
WARNING  app.services.redis_client:redis_client.py:50 REDIS_URL not configured, Redis caching disabled
WARNING  app.database.connection:connection.py:55 DB_URL not configured, database persistence disabled
WARNING  app.services.redis_client:redis_client.py:50 REDIS_URL not configured, Redis caching disabled
C:\Users\Lenovo\Desktop\鐏靛鍒堕€狅紙涓婄嚎鐗堬級\python\app\core\task_system.py:448: AttributeError: 'AsyncTaskManager' object has no attribute '_cancel_hooks'
E   ValueError: Training failed

During handling of the above exception, another exception occurred:
E   AttributeError: 'AsyncTaskManager' object has no attribute '_cancel_hooks'
------------------------------ Captured log call ------------------------------
WARNING  app.database.connection:connection.py:55 DB_URL not configured, database persistence disabled
WARNING  app.database.connection:connection.py:55 DB_URL not configured, database persistence disabled
WARNING  app.database.connection:connection.py:55 DB_URL not configured, database persistence disabled
WARNING  app.services.redis_client:redis_client.py:50 REDIS_URL not configured, Redis caching disabled
C:\Users\Lenovo\Desktop\鐏靛鍒堕€狅紙涓婄嚎鐗堬級\python\app\core\task_system.py:448: AttributeError: 'AsyncTaskManager' object has no attribute '_cancel_hooks'
E   AttributeError: 'AsyncTaskManager' object has no attribute '_cancel_hooks'
------------------------------ Captured log call ------------------------------
WARNING  app.database.connection:connection.py:55 DB_URL not configured, database persistence disabled
WARNING  app.database.connection:connection.py:55 DB_URL not configured, database persistence disabled
WARNING  app.services.redis_client:redis_client.py:50 REDIS_URL not configured, Redis caching disabled
C:\Users\Lenovo\Desktop\鐏靛鍒堕€狅紙涓婄嚎鐗堬級\python\app\core\task_system.py:421: AttributeError: 'AsyncTaskManager' object has no attribute '_cancel_hooks'
E   AttributeError: 'AsyncTaskManager' object has no attribute '_cancel_hooks'
------------------------------ Captured log call ------------------------------
WARNING  app.database.connection:connection.py:55 DB_URL not configured, database persistence disabled
WARNING  app.database.connection:connection.py:55 DB_URL not configured, database persistence disabled
WARNING  app.services.redis_client:redis_client.py:50 REDIS_URL not configured, Redis caching disabled
C:\Users\Lenovo\Desktop\鐏靛鍒堕€狅紙涓婄嚎鐗堬級\python\app\core\task_system.py:421: AttributeError: 'AsyncTaskManager' object has no attribute '_cancel_hooks'
E   AttributeError: 'AsyncTaskManager' object has no attribute '_cancel_hooks'

During handling of the above exception, another exception occurred:
E   AttributeError: 'AsyncTaskManager' object has no attribute '_cancel_hooks'
------------------------------ Captured log call ------------------------------
WARNING  app.database.connection:connection.py:55 DB_URL not configured, database persistence disabled
WARNING  app.database.connection:connection.py:55 DB_URL not configured, database persistence disabled
WARNING  app.database.connection:connection.py:55 DB_URL not configured, database persistence disabled
WARNING  app.services.redis_client:redis_client.py:50 REDIS_URL not configured, Redis caching disabled
WARNING  app.database.connection:connection.py:55 DB_URL not configured, database persistence disabled
WARNING  app.services.redis_client:redis_client.py:50 REDIS_URL not configured, Redis caching disabled
C:\Users\Lenovo\Desktop\鐏靛鍒堕€狅紙涓婄嚎鐗堬級\python\app\core\task_system.py:448: AttributeError: 'AsyncTaskManager' object has no attribute '_cancel_hooks'
E   AttributeError: 'AsyncTaskManager' object has no attribute '_cancel_hooks'

During handling of the above exception, another exception occurred:
E   AttributeError: 'AsyncTaskManager' object has no attribute '_cancel_hooks'
------------------------------ Captured log call ------------------------------
WARNING  app.database.connection:connection.py:55 DB_URL not configured, database persistence disabled
WARNING  app.database.connection:connection.py:55 DB_URL not configured, database persistence disabled
WARNING  app.database.connection:connection.py:55 DB_URL not configured, database persistence disabled
WARNING  app.services.redis_client:redis_client.py:50 REDIS_URL not configured, Redis caching disabled
WARNING  app.database.connection:connection.py:55 DB_URL not configured, database persistence disabled
WARNING  app.services.redis_client:redis_client.py:50 REDIS_URL not configured, Redis caching disabled
C:\Users\Lenovo\Desktop\鐏靛鍒堕€狅紙涓婄嚎鐗堬級\python\app\core\task_system.py:448: AttributeError: 'AsyncTaskManager' object has no attribute '_cancel_hooks'
E   TypeError: object dict can't be used in 'await' expression

During handling of the above exception, another exception occurred:
E   AttributeError: 'AsyncTaskManager' object has no attribute '_cancel_hooks'
------------------------------ Captured log call ------------------------------
WARNING  app.database.connection:connection.py:55 DB_URL not configured, database persistence disabled
WARNING  app.database.connection:connection.py:55 DB_URL not configured, database persistence disabled
WARNING  app.database.connection:connection.py:55 DB_URL not configured, database persistence disabled
WARNING  app.services.redis_client:redis_client.py:50 REDIS_URL not configured, Redis caching disabled
C:\Users\Lenovo\Desktop\鐏靛鍒堕€狅紙涓婄嚎鐗堬級\python\app\core\task_system.py:448: AttributeError: 'AsyncTaskManager' object has no attribute '_cancel_hooks'
E   TypeError: Linear() takes no arguments
C:\Users\Lenovo\Desktop\鐏靛鍒堕€狅紙涓婄嚎鐗堬級\python\app\ai\cross_layer_fusion\attention.py:94: TypeError: Linear() takes no arguments
E   TypeError: Linear() takes no arguments
C:\Users\Lenovo\Desktop\鐏靛鍒堕€狅紙涓婄嚎鐗堬級\python\app\ai\cross_layer_fusion\attention.py:94: TypeError: Linear() takes no arguments
E   TypeError: Linear() takes no arguments
C:\Users\Lenovo\Desktop\鐏靛鍒堕€狅紙涓婄嚎鐗堬級\python\app\ai\cross_layer_fusion\attention.py:94: TypeError: Linear() takes no arguments
E   TypeError: Linear() takes no arguments
C:\Users\Lenovo\Desktop\鐏靛鍒堕€狅紙涓婄嚎鐗堬級\python\app\ai\cross_layer_fusion\attention.py:94: TypeError: Linear() takes no arguments
E   TypeError: Linear() takes no arguments
C:\Users\Lenovo\Desktop\鐏靛鍒堕€狅紙涓婄嚎鐗堬級\python\app\ai\cross_layer_fusion\attention.py:94: TypeError: Linear() takes no arguments
E   TypeError: Linear() takes no arguments
C:\Users\Lenovo\Desktop\鐏靛鍒堕€狅紙涓婄嚎鐗堬級\python\app\ai\cross_layer_fusion\attention.py:94: TypeError: Linear() takes no arguments
E   TypeError: Linear() takes no arguments
C:\Users\Lenovo\Desktop\鐏靛鍒堕€狅紙涓婄嚎鐗堬級\python\app\ai\cross_layer_fusion\attention.py:94: TypeError: Linear() takes no arguments
E   TypeError: Linear() takes no arguments
C:\Users\Lenovo\Desktop\鐏靛鍒堕€狅紙涓婄嚎鐗堬級\python\app\ai\cross_layer_fusion\attention.py:94: TypeError: Linear() takes no arguments
E   TypeError: Linear() takes no arguments
C:\Users\Lenovo\Desktop\鐏靛鍒堕€狅紙涓婄嚎鐗堬級\python\app\ai\cross_layer_fusion\attention.py:94: TypeError: Linear() takes no arguments
E   TypeError: Linear() takes no arguments
C:\Users\Lenovo\Desktop\鐏靛鍒堕€狅紙涓婄嚎鐗堬級\python\app\ai\cross_layer_fusion\attention.py:94: TypeError: Linear() takes no arguments
E   TypeError: Linear() takes no arguments
C:\Users\Lenovo\Desktop\鐏靛鍒堕€狅紙涓婄嚎鐗堬級\python\app\ai\cross_layer_fusion\attention.py:94: TypeError: Linear() takes no arguments
E   TypeError: Linear() takes no arguments
C:\Users\Lenovo\Desktop\鐏靛鍒堕€狅紙涓婄嚎鐗堬級\python\app\ai\cross_layer_fusion\attention.py:94: TypeError: Linear() takes no arguments
E   TypeError: Linear() takes no arguments
C:\Users\Lenovo\Desktop\鐏靛鍒堕€狅紙涓婄嚎鐗堬級\python\app\ai\cross_layer_fusion\attention.py:94: TypeError: Linear() takes no arguments
E   AssertionError: assert False
     +  where False = PipelineResult(fused_features=array([ 8.29944337e-02, -1.05357704e-01, -2.70253847e-02, -3.99737916e-02,\n       -2.622...', 'time_series: 鐗瑰緛缁村害涓嶄竴鑷? 鏈熸湜256, 瀹為檯512', 'tool_state: 鐗瑰緛缁村害涓嶄竴鑷? 鏈熸湜9, 瀹為檯32', 'gcode: 鐗瑰緛缁村害涓嶄竴鑷? 鏈熸湜21, 瀹為檯256'], metadata={}).success
------------------------------ Captured log call ------------------------------
WARNING  app.data.pipeline.features:features.py:77 PyTorch涓嶅彲鐢紝浣跨敤闅忔満鏉冮噸闄嶇骇
ERROR    app.data.pipeline.pipeline:pipeline.py:191 澶勭悊澶辫触 text: torch.__spec__ is None
C:\Users\Lenovo\Desktop\鐏靛鍒堕€狅紙涓婄嚎鐗堬級\python\tests\test_data_pipeline_integrity.py:372: AssertionError: assert False
E   AssertionError: 閿欒鐜囪繃楂? 0.8
    assert 0.8 < 0.01
------------------------------ Captured log call ------------------------------
WARNING  app.data.pipeline.features:features.py:77 PyTorch涓嶅彲鐢紝浣跨敤闅忔満鏉冮噸闄嶇骇
ERROR    app.data.pipeline.pipeline:pipeline.py:191 澶勭悊澶辫触 text: torch.__spec__ is None
ERROR    app.data.pipeline.pipeline:pipeline.py:191 澶勭悊澶辫触 text: torch.__spec__ is None
ERROR    app.data.pipeline.pipeline:pipeline.py:191 澶勭悊澶辫触 text: torch.__spec__ is None
ERROR    app.data.pipeline.pipeline:pipeline.py:191 澶勭悊澶辫触 text: torch.__spec__ is None
ERROR    app.data.pipeline.pipeline:pipeline.py:191 澶勭悊澶辫触 text: torch.__spec__ is None
ERROR    app.data.pipeline.pipeline:pipeline.py:191 澶勭悊澶辫触 text: torch.__spec__ is None
ERROR    app.data.pipeline.pipeline:pipeline.py:191 澶勭悊澶辫触 text: torch.__spec__ is None
ERROR    app.data.pipeline.pipeline:pipeline.py:191 澶勭悊澶辫触 text: torch.__spec__ is None
ERROR    app.data.pipeline.pipeline:pipeline.py:191 澶勭悊澶辫触 text: torch.__spec__ is None
ERROR    app.data.pipeline.pipeline:pipeline.py:191 澶勭悊澶辫触 text: torch.__spec__ is None
ERROR    app.data.pipeline.pipeline:pipeline.py:191 澶勭悊澶辫触 text: torch.__spec__ is None
ERROR    app.data.pipeline.pipeline:pipeline.py:191 澶勭悊澶辫触 text: torch.__spec__ is None
ERROR    app.data.pipeline.pipeline:pipeline.py:191 澶勭悊澶辫触 text: torch.__spec__ is None
ERROR    app.data.pipeline.pipeline:pipeline.py:191 澶勭悊澶辫触 text: torch.__spec__ is None
ERROR    app.data.pipeline.pipeline:pipeline.py:191 澶勭悊澶辫触 text: torch.__spec__ is None
ERROR    app.data.pipeline.pipeline:pipeline.py:191 澶勭悊澶辫触 text: torch.__spec__ is None
ERROR    app.data.pipeline.pipeline:pipeline.py:191 澶勭悊澶辫触 text: torch.__spec__ is None
ERROR    app.data.pipeline.pipeline:pipeline.py:191 澶勭悊澶辫触 text: torch.__spec__ is None
ERROR    app.data.pipeline.pipeline:pipeline.py:191 澶勭悊澶辫触 text: torch.__spec__ is None
ERROR    app.data.pipeline.pipeline:pipeline.py:191 澶勭悊澶辫触 text: torch.__spec__ is None
ERROR    app.data.pipeline.pipeline:pipeline.py:191 澶勭悊澶辫触 text: torch.__spec__ is None
ERROR    app.data.pipeline.pipeline:pipeline.py:191 澶勭悊澶辫触 text: torch.__spec__ is None
ERROR    app.data.pipeline.pipeline:pipeline.py:191 澶勭悊澶辫触 text: torch.__spec__ is None
ERROR    app.data.pipeline.pipeline:pipeline.py:191 澶勭悊澶辫触 text: torch.__spec__ is None
ERROR    app.data.pipeline.pipeline:pipeline.py:191 澶勭悊澶辫触 text: torch.__spec__ is None
ERROR    app.data.pipeline.pipeline:pipeline.py:191 澶勭悊澶辫触 text: torch.__spec__ is None
ERROR    app.data.pipeline.pipeline:pipeline.py:191 澶勭悊澶辫触 text: torch.__spec__ is None
ERROR    app.data.pipeline.pipeline:pipeline.py:191 澶勭悊澶辫触 text: torch.__spec__ is None
ERROR    app.data.pipeline.pipeline:pipeline.py:191 澶勭悊澶辫触 text: torch.__spec__ is None
ERROR    app.data.pipeline.pipeline:pipeline.py:191 澶勭悊澶辫触 text: torch.__spec__ is None
ERROR    app.data.pipeline.pipeline:pipeline.py:191 澶勭悊澶辫触 text: torch.__spec__ is None
ERROR    app.data.pipeline.pipeline:pipeline.py:191 澶勭悊澶辫触 text: torch.__spec__ is None
ERROR    app.data.pipeline.pipeline:pipeline.py:191 澶勭悊澶辫触 text: torch.__spec__ is None
ERROR    app.data.pipeline.pipeline:pipeline.py:191 澶勭悊澶辫触 text: torch.__spec__ is None
ERROR    app.data.pipeline.pipeline:pipeline.py:191 澶勭悊澶辫触 text: torch.__spec__ is None
ERROR    app.data.pipeline.pipeline:pipeline.py:191 澶勭悊澶辫触 text: torch.__spec__ is None
ERROR    app.data.pipeline.pipeline:pipeline.py:191 澶勭悊澶辫触 text: torch.__spec__ is None
ERROR    app.data.pipeline.pipeline:pipeline.py:191 澶勭悊澶辫触 text: torch.__spec__ is None
ERROR    app.data.pipeline.pipeline:pipeline.py:191 澶勭悊澶辫触 text: torch.__spec__ is None
ERROR    app.data.pipeline.pipeline:pipeline.py:191 澶勭悊澶辫触 text: torch.__spec__ is None
C:\Users\Lenovo\Desktop\鐏靛鍒堕€狅紙涓婄嚎鐗堬級\python\tests\test_data_pipeline_integrity.py:431: AssertionError: 閿欒鐜囪繃楂? 0.8
E   AttributeError: 'MaterialEntry' object has no attribute 'get_doc'
C:\Users\Lenovo\Desktop\鐏靛鍒堕€狅紙涓婄嚎鐗堬級\python\tests\test_database.py:98: AttributeError: 'MaterialEntry' object has no attribute 'get_doc'
E   AssertionError: assert 3004 == 'E3004'
C:\Users\Lenovo\Desktop\鐏靛鍒堕€狅紙涓婄嚎鐗堬級\python\tests\test_error_taxonomy.py:257: AssertionError: assert 3004 == 'E3004'
E   AssertionError: assert 4004 == 'E4004'
C:\Users\Lenovo\Desktop\鐏靛鍒堕€狅紙涓婄嚎鐗堬級\python\tests\test_error_taxonomy.py:326: AssertionError: assert 4004 == 'E4004'
E   AssertionError: assert 1001 == 'E1001'
     +  where 'E1001' = <ErrorCategory.DRAWING_PARSE_FAILED: ('E1001', '鍥剧焊瑙ｆ瀽澶辫触', 'critical', '鍥剧焊鏂囦欢鏍煎紡涓嶆敮鎸佹垨鍐呭鎹熷潖銆傝纭鏂囦欢鏍煎紡涓篠VG/PNG/PDF锛屾枃浠跺ぇ灏忎笉瓒呰繃10MB锛屽浘绾告竻鏅板害婊¤冻300dpi鏈€浣庤姹傘€?)>.code
C:\Users\Lenovo\Desktop\鐏靛鍒堕€狅紙涓婄嚎鐗堬級\python\tests\test_error_taxonomy.py:385: AssertionError: assert 1001 == 'E1001'
async def functions are not natively supported.
You need to install a suitable plugin for your async framework, for example:
  - anyio
  - pytest-asyncio
  - pytest-tornasync
  - pytest-trio
  - pytest-twisted
C:\Users\Lenovo\AppData\Local\Programs\Python\Python311\Lib\site-packages\_pytest\python.py:156: Failed: async def functions are not natively supported.
async def functions are not natively supported.
You need to install a suitable plugin for your async framework, for example:
  - anyio
  - pytest-asyncio
  - pytest-tornasync
  - pytest-trio
  - pytest-twisted
C:\Users\Lenovo\AppData\Local\Programs\Python\Python311\Lib\site-packages\_pytest\python.py:156: Failed: async def functions are not natively supported.
async def functions are not natively supported.
You need to install a suitable plugin for your async framework, for example:
  - anyio
  - pytest-asyncio
  - pytest-tornasync
  - pytest-trio
  - pytest-twisted
C:\Users\Lenovo\AppData\Local\Programs\Python\Python311\Lib\site-packages\_pytest\python.py:156: Failed: async def functions are not natively supported.
async def functions are not natively supported.
You need to install a suitable plugin for your async framework, for example:
  - anyio
  - pytest-asyncio
  - pytest-tornasync
  - pytest-trio
  - pytest-twisted
C:\Users\Lenovo\AppData\Local\Programs\Python\Python311\Lib\site-packages\_pytest\python.py:156: Failed: async def functions are not natively supported.
async def functions are not natively supported.
You need to install a suitable plugin for your async framework, for example:
  - anyio
  - pytest-asyncio
  - pytest-tornasync
  - pytest-trio
  - pytest-twisted
C:\Users\Lenovo\AppData\Local\Programs\Python\Python311\Lib\site-packages\_pytest\python.py:156: Failed: async def functions are not natively supported.
async def functions are not natively supported.
You need to install a suitable plugin for your async framework, for example:
  - anyio
  - pytest-asyncio
  - pytest-tornasync
  - pytest-trio
  - pytest-twisted
C:\Users\Lenovo\AppData\Local\Programs\Python\Python311\Lib\site-packages\_pytest\python.py:156: Failed: async def functions are not natively supported.
async def functions are not natively supported.
You need to install a suitable plugin for your async framework, for example:
  - anyio
  - pytest-asyncio
  - pytest-tornasync
  - pytest-trio
  - pytest-twisted
C:\Users\Lenovo\AppData\Local\Programs\Python\Python311\Lib\site-packages\_pytest\python.py:156: Failed: async def functions are not natively supported.
async def functions are not natively supported.
You need to install a suitable plugin for your async framework, for example:
  - anyio
  - pytest-asyncio
  - pytest-tornasync
  - pytest-trio
  - pytest-twisted
C:\Users\Lenovo\AppData\Local\Programs\Python\Python311\Lib\site-packages\_pytest\python.py:156: Failed: async def functions are not natively supported.
E   ValueError: 璁板綍鍒涘缓澶辫触锛氳褰?ID 'duplicate' 宸插瓨鍦ㄣ€侸SON 瀛樺偍搴撲笉鍏佽鍒涘缓閲嶅 ID 鐨勮褰曘€傚彲鑳藉師鍥狅細1) 閲嶅鎻愪氦浜嗙浉鍚岀殑鍒涘缓璇锋眰锛?) 璁板綍宸茶鍏朵粬鎿嶄綔鍒涘缓銆傝璋冪敤 GET /api/v1/{collection}/{id} 妫€鏌ョ幇鏈夎褰曪紝鎴栦娇鐢ㄦ洿鏂版搷浣滄浛浠ｅ垱寤恒€?

During handling of the above exception, another exception occurred:
E   AssertionError: Regex pattern did not match.
      Expected regex: 'Record already exists'
      Actual message: "璁板綍鍒涘缓澶辫触锛氳褰?ID 'duplicate' 宸插瓨鍦ㄣ€侸SON 瀛樺偍搴撲笉鍏佽鍒涘缓閲嶅 ID 鐨勮褰曘€傚彲鑳藉師鍥狅細1) 閲嶅鎻愪氦浜嗙浉鍚岀殑鍒涘缓璇锋眰锛?) 璁板綍宸茶鍏朵粬鎿嶄綔鍒涘缓銆傝璋冪敤 GET /api/v1/{collection}/{id} 妫€鏌ョ幇鏈夎褰曪紝鎴栦娇鐢ㄦ洿鏂版搷浣滄浛浠ｅ垱寤恒€?
C:\Users\Lenovo\Desktop\鐏靛鍒堕€狅紙涓婄嚎鐗堬級\python\tests\test_json_repository.py:71: AssertionError: Regex pattern did not match.
E   AssertionError: assert 'Bearer' in 'Authorization: [宸茶劚鏁廬arer [宸茶劚鏁廬VCJ9'
C:\Users\Lenovo\Desktop\鐏靛鍒堕€狅紙涓婄嚎鐗堬級\python\tests\test_log_sanitizer.py:111: AssertionError: assert 'Bearer' in 'Authorization: [宸茶劚鏁廬arer [宸茶劚鏁廬VCJ9'
E   AssertionError: assert 53 == 50
     +  where 53 = len('aaaaaaaaaaaaaaaaaaaaaaaaaaaaaaaaaaaaaaaaaaaaaaaaaa...')
C:\Users\Lenovo\Desktop\鐏靛鍒堕€狅紙涓婄嚎鐗堬級\python\tests\test_log_sanitizer.py:161: AssertionError: assert 53 == 50
E   AssertionError: assert 100 == '[宸ヨ壓鍙傛暟宸茶劚鏁廬'
C:\Users\Lenovo\Desktop\鐏靛鍒堕€狅紙涓婄嚎鐗堬級\python\tests\test_log_sanitizer.py:280: AssertionError: assert 100 == '[宸ヨ壓鍙傛暟宸茶劚鏁廬'
E   assert False
---------------------------- Captured stdout call -----------------------------
[2026-06-08 11:29:48.601] [INFO ] [root] Logging configured [level=INFO format=unified]
C:\Users\Lenovo\Desktop\鐏靛鍒堕€狅紙涓婄嚎鐗堬級\python\tests\test_logging_config.py:49: assert False
E   AssertionError: 鏃堕棿鏍煎紡涓嶆纭? 
    assert None
     +  where None = <built-in method match of re.Pattern object at 0x0000019DF3B3E510>('')
     +    where <built-in method match of re.Pattern object at 0x0000019DF3B3E510> = re.compile('^\\d{4}-\\d{2}-\\d{2}T\\d{2}:\\d{2}:\\d{2}\\.\\d{3}Z$').match
---------------------------- Captured stdout call -----------------------------
[2026-06-08 11:29:48.864] [INFO ] [test.structure] 杩欐槸涓€鏉℃祴璇曟棩蹇?
------------------------------ Captured log call ------------------------------
INFO     test.structure:test_logging_config.py:128 杩欐槸涓€鏉℃祴璇曟棩蹇?
C:\Users\Lenovo\Desktop\鐏靛鍒堕€狅紙涓婄嚎鐗堬級\python\tests\test_logging_config.py:136: AssertionError: 鏃堕棿鏍煎紡涓嶆纭?
E   ValueError: time data '' does not match format '%Y-%m-%dT%H:%M:%S.%fZ'
---------------------------- Captured stdout call -----------------------------
[2026-06-08 11:29:48.937] [INFO ] [test.iso8601] ISO 8601 test
------------------------------ Captured log call ------------------------------
INFO     test.iso8601:test_logging_config.py:148 ISO 8601 test
C:\Users\Lenovo\AppData\Local\Programs\Python\Python311\Lib\_strptime.py:349: ValueError: time data '' does not match format '%Y-%m-%dT%H:%M:%S.%fZ'
E   AssertionError: assert '' == 'DEBUG'
      
      - DEBUG
------------------------------ Captured log call ------------------------------
DEBUG    test.level.debug:test_logging_config.py:172 Level DEBUG message
C:\Users\Lenovo\Desktop\鐏靛鍒堕€狅紙涓婄嚎鐗堬級\python\tests\test_logging_config.py:176: AssertionError: assert '' == 'DEBUG'
E   AssertionError: assert '' == 'INFO'
      
      - INFO
---------------------------- Captured stdout call -----------------------------
[2026-06-08 11:29:49.096] [INFO ] [test.level.info] Level INFO message
------------------------------ Captured log call ------------------------------
INFO     test.level.info:test_logging_config.py:172 Level INFO message
C:\Users\Lenovo\Desktop\鐏靛鍒堕€狅紙涓婄嚎鐗堬級\python\tests\test_logging_config.py:176: AssertionError: assert '' == 'INFO'
E   AssertionError: assert '' == 'WARNING'
      
      - WARNING
---------------------------- Captured stdout call -----------------------------
[2026-06-08 11:29:49.172] [WARNING] [test.level.warning] Level WARNING message
------------------------------ Captured log call ------------------------------
WARNING  test.level.warning:test_logging_config.py:172 Level WARNING message
C:\Users\Lenovo\Desktop\鐏靛鍒堕€狅紙涓婄嚎鐗堬級\python\tests\test_logging_config.py:176: AssertionError: assert '' == 'WARNING'
E   AssertionError: assert '' == 'ERROR'
      
      - ERROR
---------------------------- Captured stdout call -----------------------------
[2026-06-08 11:29:49.245] [ERROR] [test.level.error] Level ERROR message
------------------------------ Captured log call ------------------------------
ERROR    test.level.error:test_logging_config.py:172 Level ERROR message
C:\Users\Lenovo\Desktop\鐏靛鍒堕€狅紙涓婄嚎鐗堬級\python\tests\test_logging_config.py:176: AssertionError: assert '' == 'ERROR'
E   AssertionError: assert '' == 'CRITICAL'
      
      - CRITICAL
---------------------------- Captured stdout call -----------------------------
[2026-06-08 11:29:49.319] [CRITICAL] [test.level.critical] Level CRITICAL message
------------------------------ Captured log call ------------------------------
CRITICAL test.level.critical:test_logging_config.py:172 Level CRITICAL message
C:\Users\Lenovo\Desktop\鐏靛鍒堕€狅紙涓婄嚎鐗堬級\python\tests\test_logging_config.py:176: AssertionError: assert '' == 'CRITICAL'
E   AssertionError: assert '' == 'log-test-rid-xyz'
      
      - log-test-rid-xyz
---------------------------- Captured stdout call -----------------------------
[2026-06-08 11:29:49.390] [WARNING] [test.rid] 甯equest_id鐨勮鍛?
------------------------------ Captured log call ------------------------------
WARNING  test.rid:test_logging_config.py:185 甯equest_id鐨勮鍛?
C:\Users\Lenovo\Desktop\鐏靛鍒堕€狅紙涓婄嚎鐗堬級\python\tests\test_logging_config.py:189: AssertionError: assert '' == 'log-test-rid-xyz'
E   AssertionError: assert '' == 'unknown'
      
      - unknown
---------------------------- Captured stdout call -----------------------------
[2026-06-08 11:29:49.463] [WARNING] [test.unknown] 鏃犱笂涓嬫枃鐨勮鍛?
------------------------------ Captured log call ------------------------------
WARNING  test.unknown:test_logging_config.py:201 鏃犱笂涓嬫枃鐨勮鍛?
C:\Users\Lenovo\Desktop\鐏靛鍒堕€狅紙涓婄嚎鐗堬級\python\tests\test_logging_config.py:207: AssertionError: assert '' == 'unknown'
E   AttributeError: 'NoneType' object has no attribute 'ndim'
C:\Users\Lenovo\Desktop\鐏靛鍒堕€狅紙涓婄嚎鐗堬級\python\app\ai\lnn\models\base_lnn.py:229: AttributeError: 'NoneType' object has no attribute 'ndim'
E   AttributeError: 'NoneType' object has no attribute 'ndim'
C:\Users\Lenovo\Desktop\鐏靛鍒堕€狅紙涓婄嚎鐗堬級\python\app\ai\lnn\models\base_lnn.py:229: AttributeError: 'NoneType' object has no attribute 'ndim'
E   AttributeError: 'NoneType' object has no attribute 'ndim'
C:\Users\Lenovo\Desktop\鐏靛鍒堕€狅紙涓婄嚎鐗堬級\python\app\ai\lnn\models\base_lnn.py:229: AttributeError: 'NoneType' object has no attribute 'ndim'
E   AttributeError: 'NoneType' object has no attribute 'ndim'
C:\Users\Lenovo\Desktop\鐏靛鍒堕€狅紙涓婄嚎鐗堬級\python\app\ai\lnn\models\base_lnn.py:229: AttributeError: 'NoneType' object has no attribute 'ndim'
E   AttributeError: 'NoneType' object has no attribute 'ndim'
C:\Users\Lenovo\Desktop\鐏靛鍒堕€狅紙涓婄嚎鐗堬級\python\app\ai\lnn\models\base_lnn.py:229: AttributeError: 'NoneType' object has no attribute 'ndim'
E   AttributeError: __version__
C:\Users\Lenovo\Desktop\鐏靛鍒堕€狅紙涓婄嚎鐗堬級\python\tests\conftest.py:61: AttributeError: __version__
E   AttributeError: __version__
---------------------------- Captured stdout call -----------------------------
============================================================
鎬ц兘鍩哄噯娴嬭瘯
============================================================

[1/3] LNN鎺ㄧ悊鎬ц兘娴嬭瘯...
  lnn_inference_ms_p50: 1.008
  lnn_inference_ms_p95: 1.249
  lnn_inference_ms_p99: 1.522
  lnn_inference_ms_mean: 1.039
  lnn_inference_ms_min: 0.923
  lnn_inference_ms_max: 1.522
  lnn_inference_samples: 1
  batch_10_inference_ms: 15.73
  batch_10_throughput_sps: 12713.7
  batch_50_inference_ms: 9.46
  batch_50_throughput_sps: 52855.2
  batch_100_inference_ms: 8.97
  batch_100_throughput_sps: 55743.2
  GPU: 涓嶅彲鐢紙璺宠繃锛?
C:\Users\Lenovo\Desktop\鐏靛鍒堕€狅紙涓婄嚎鐗堬級\python\tests\conftest.py:61: AttributeError: __version__
E   AttributeError: __version__
---------------------------- Captured stdout call -----------------------------
============================================================
鎬ц兘鍩哄噯娴嬭瘯
============================================================

[1/3] LNN鎺ㄧ悊鎬ц兘娴嬭瘯...
  lnn_inference_ms_p50: 0.981
  lnn_inference_ms_p95: 1.073
  lnn_inference_ms_p99: 1.414
  lnn_inference_ms_mean: 0.991
  lnn_inference_ms_min: 0.895
  lnn_inference_ms_max: 1.414
  lnn_inference_samples: 1
  batch_10_inference_ms: 15.35
  batch_10_throughput_sps: 13026.2
  batch_50_inference_ms: 9.22
  batch_50_throughput_sps: 54251.7
  batch_100_inference_ms: 8.72
  batch_100_throughput_sps: 57346.0
  GPU: 涓嶅彲鐢紙璺宠繃锛?
C:\Users\Lenovo\Desktop\鐏靛鍒堕€狅紙涓婄嚎鐗堬級\python\tests\conftest.py:61: AttributeError: __version__
E   AttributeError: __version__
---------------------------- Captured stdout call -----------------------------
============================================================
鎬ц兘鍩哄噯娴嬭瘯
============================================================

[1/3] LNN鎺ㄧ悊鎬ц兘娴嬭瘯...
  lnn_inference_ms_p50: 0.979
  lnn_inference_ms_p95: 1.228
  lnn_inference_ms_p99: 1.415
  lnn_inference_ms_mean: 1.013
  lnn_inference_ms_min: 0.89
  lnn_inference_ms_max: 1.415
  lnn_inference_samples: 1
  batch_10_inference_ms: 15.38
  batch_10_throughput_sps: 13005.5
  batch_50_inference_ms: 9.42
  batch_50_throughput_sps: 53076.9
  batch_100_inference_ms: 9.26
  batch_100_throughput_sps: 53979.4
  GPU: 涓嶅彲鐢紙璺宠繃锛?
C:\Users\Lenovo\Desktop\鐏靛鍒堕€狅紙涓婄嚎鐗堬級\python\tests\conftest.py:61: AttributeError: __version__
E   assert 2 == 1
     +  where 2 = len([1780889408.0900843, 1780889408.0900843])
     +    where [1780889408.0900843, 1780889408.0900843] = RateLimitState(requests=[1780889408.0900843, 1780889408.0900843]).requests
C:\Users\Lenovo\Desktop\鐏靛鍒堕€狅紙涓婄嚎鐗堬級\python\tests\test_permissions.py:121: assert 2 == 1
E   AssertionError: assert True is False
     +  where True = has_permission(<PermissionLevel.R: 'R'>, '/api/v1/wear/predict', 'POST')
     +    where has_permission = <app.core.permissions.PermissionChecker object at 0x0000019E554B1A90>.has_permission
     +    and   <PermissionLevel.R: 'R'> = PermissionLevel.R
C:\Users\Lenovo\Desktop\鐏靛鍒堕€狅紙涓婄嚎鐗堬級\python\tests\test_permissions.py:153: AssertionError: assert True is False
E   AssertionError: assert True is False
     +  where True = has_permission(<PermissionLevel.R: 'R'>, '/api/v1/lnn/predict', 'get')
     +    where has_permission = <app.core.permissions.PermissionChecker object at 0x0000019E554DA090>.has_permission
     +    and   <PermissionLevel.R: 'R'> = PermissionLevel.R
C:\Users\Lenovo\Desktop\鐏靛鍒堕€狅紙涓婄嚎鐗堬級\python\tests\test_permissions.py:372: AssertionError: assert True is False
E   AssertionError: 鍏ㄧ閬揚95寤惰繜 7748.68ms 杩囬珮
    assert 7748.679914999593 < 500.0
---------------------------- Captured stdout setup ----------------------------
[2026-06-08 11:30:12.336] [INFO ] [app.data.pipeline.pipeline] 鏁版嵁绠￠亾鍒濆鍖栧畬鎴? 铻嶅悎鏂规硶=cross_modal_attention, 鐩戞帶=True
----------------------------- Captured log setup ------------------------------
INFO     app.data.pipeline.pipeline:pipeline.py:129 鏁版嵁绠￠亾鍒濆鍖栧畬鎴? 铻嶅悎鏂规硶=cross_modal_attention, 鐩戞帶=True
---------------------------- Captured stdout call -----------------------------
[2026-06-08 11:30:12.418] [WARNING] [app.data.pipeline.features] PyTorch涓嶅彲鐢紝浣跨敤闅忔満鏉冮噸闄嶇骇
[2026-06-08 11:30:12.426] [INFO ] [app.data.pipeline.features] 浣跨敤鍏ㄥ眬 embedding service
[2026-06-08 11:30:12.426] [INFO ] [app.rag.embeddings] Loading embedding model: BAAI/bge-small-zh-v1.5
[2026-06-08 11:30:16.905] [ERROR] [app.data.pipeline.pipeline] 澶勭悊澶辫触 text: torch.__spec__ is None
[2026-06-08 11:30:16.941] [INFO ] [app.rag.embeddings] Loading embedding model: BAAI/bge-small-zh-v1.5
[2026-06-08 11:30:20.733] [ERROR] [app.data.pipeline.pipeline] 澶勭悊澶辫触 text: torch.__spec__ is None
[2026-06-08 11:30:20.758] [INFO ] [app.rag.embeddings] Loading embedding model: BAAI/bge-small-zh-v1.5
[2026-06-08 11:30:24.725] [ERROR] [app.data.pipeline.pipeline] 澶勭悊澶辫触 text: torch.__spec__ is None
[2026-06-08 11:30:24.753] [INFO ] [app.rag.embeddings] Loading embedding model: BAAI/bge-small-zh-v1.5
[2026-06-08 11:30:28.733] [ERROR] [app.data.pipeline.pipeline] 澶勭悊澶辫触 text: torch.__spec__ is None
[2026-06-08 11:30:28.761] [INFO ] [app.rag.embeddings] Loading embedding model: BAAI/bge-small-zh-v1.5
[2026-06-08 11:30:32.848] [ERROR] [app.data.pipeline.pipeline] 澶勭悊澶辫触 text: torch.__spec__ is None
[2026-06-08 11:30:32.876] [INFO ] [app.rag.embeddings] Loading embedding model: BAAI/bge-small-zh-v1.5
[2026-06-08 11:30:37.078] [ERROR] [app.data.pipeline.pipeline] 澶勭悊澶辫触 text: torch.__spec__ is None
[2026-06-08 11:30:37.106] [INFO ] [app.rag.embeddings] Loading embedding model: BAAI/bge-small-zh-v1.5
[2026-06-08 11:30:40.979] [ERROR] [app.data.pipeline.pipeline] 澶勭悊澶辫触 text: torch.__spec__ is None
[2026-06-08 11:30:41.012] [INFO ] [app.rag.embeddings] Loading embedding model: BAAI/bge-small-zh-v1.5
[2026-06-08 11:30:44.825] [ERROR] [app.data.pipeline.pipeline] 澶勭悊澶辫触 text: torch.__spec__ is None
[2026-06-08 11:30:44.852] [INFO ] [app.rag.embeddings] Loading embedding model: BAAI/bge-small-zh-v1.5
[2026-06-08 11:30:48.380] [ERROR] [app.data.pipeline.pipeline] 澶勭悊澶辫触 text: torch.__spec__ is None
[2026-06-08 11:30:48.407] [INFO ] [app.rag.embeddings] Loading embedding model: BAAI/bge-small-zh-v1.5
[2026-06-08 11:30:52.150] [ERROR] [app.data.pipeline.pipeline] 澶勭悊澶辫触 text: torch.__spec__ is None
[2026-06-08 11:30:52.179] [INFO ] [app.rag.embeddings] Loading embedding model: BAAI/bge-small-zh-v1.5
[2026-06-08 11:30:55.931] [ERROR] [app.data.pipeline.pipeline] 澶勭悊澶辫触 text: torch.__spec__ is None
[2026-06-08 11:30:55.959] [INFO ] [app.rag.embeddings] Loading embedding model: BAAI/bge-small-zh-v1.5
[2026-06-08 11:30:59.703] [ERROR] [app.data.pipeline.pipeline] 澶勭悊澶辫触 text: torch.__spec__ is None
[2026-06-08 11:30:59.729] [INFO ] [app.rag.embeddings] Loading embedding model: BAAI/bge-small-zh-v1.5
[2026-06-08 11:31:03.516] [ERROR] [app.data.pipeline.pipeline] 澶勭悊澶辫触 text: torch.__spec__ is None
[2026-06-08 11:31:03.544] [INFO ] [app.rag.embeddings] Loading embedding model: BAAI/bge-small-zh-v1.5
[2026-06-08 11:31:07.437] [ERROR] [app.data.pipeline.pipeline] 澶勭悊澶辫触 text: torch.__spec__ is None
[2026-06-08 11:31:07.466] [INFO ] [app.rag.embeddings] Loading embedding model: BAAI/bge-small-zh-v1.5
[2026-06-08 11:31:11.260] [ERROR] [app.data.pipeline.pipeline] 澶勭悊澶辫触 text: torch.__spec__ is None
[2026-06-08 11:31:11.289] [INFO ] [app.rag.embeddings] Loading embedding model: BAAI/bge-small-zh-v1.5
[2026-06-08 11:31:15.111] [ERROR] [app.data.pipeline.pipeline] 澶勭悊澶辫触 text: torch.__spec__ is None
[2026-06-08 11:31:15.139] [INFO ] [app.rag.embeddings] Loading embedding model: BAAI/bge-small-zh-v1.5
[2026-06-08 11:31:18.933] [ERROR] [app.data.pipeline.pipeline] 澶勭悊澶辫触 text: torch.__spec__ is None
[2026-06-08 11:31:18.960] [INFO ] [app.rag.embeddings] Loading embedding model: BAAI/bge-small-zh-v1.5
[2026-06-08 11:31:23.245] [ERROR] [app.data.pipeline.pipeline] 澶勭悊澶辫触 text: torch.__spec__ is None
[2026-06-08 11:31:23.278] [INFO ] [app.rag.embeddings] Loading embedding model: BAAI/bge-small-zh-v1.5
[2026-06-08 11:31:31.670] [ERROR] [app.data.pipeline.pipeline] 澶勭悊澶辫触 text: torch.__spec__ is None
[2026-06-08 11:31:31.733] [INFO ] [app.rag.embeddings] Loading embedding model: BAAI/bge-small-zh-v1.5
[2026-06-08 11:31:38.841] [ERROR] [app.data.pipeline.pipeline] 澶勭悊澶辫触 text: torch.__spec__ is None
[2026-06-08 11:31:38.878] [INFO ] [app.rag.embeddings] Loading embedding model: BAAI/bge-small-zh-v1.5
[2026-06-08 11:31:44.941] [ERROR] [app.data.pipeline.pipeline] 澶勭悊澶辫触 text: torch.__spec__ is None
[2026-06-08 11:31:44.979] [INFO ] [app.rag.embeddings] Loading embedding model: BAAI/bge-small-zh-v1.5
[2026-06-08 11:31:49.352] [ERROR] [app.data.pipeline.pipeline] 澶勭悊澶辫触 text: torch.__spec__ is None
[2026-06-08 11:31:49.393] [INFO ] [app.rag.embeddings] Loading embedding model: BAAI/bge-small-zh-v1.5
[2026-06-08 11:31:53.724] [ERROR] [app.data.pipeline.pipeline] 澶勭悊澶辫触 text: torch.__spec__ is None
[2026-06-08 11:31:53.755] [INFO ] [app.rag.embeddings] Loading embedding model: BAAI/bge-small-zh-v1.5
[2026-06-08 11:31:57.985] [ERROR] [app.data.pipeline.pipeline] 澶勭悊澶辫触 text: torch.__spec__ is None
[2026-06-08 11:31:58.013] [INFO ] [app.rag.embeddings] Loading embedding model: BAAI/bge-small-zh-v1.5
[2026-06-08 11:32:01.911] [ERROR] [app.data.pipeline.pipeline] 澶勭悊澶辫触 text: torch.__spec__ is None
[2026-06-08 11:32:01.939] [INFO ] [app.rag.embeddings] Loading embedding model: BAAI/bge-small-zh-v1.5
[2026-06-08 11:32:05.788] [ERROR] [app.data.pipeline.pipeline] 澶勭悊澶辫触 text: torch.__spec__ is None
[2026-06-08 11:32:05.816] [INFO ] [app.rag.embeddings] Loading embedding model: BAAI/bge-small-zh-v1.5
[2026-06-08 11:32:09.708] [ERROR] [app.data.pipeline.pipeline] 澶勭悊澶辫触 text: torch.__spec__ is None
[2026-06-08 11:32:09.745] [INFO ] [app.rag.embeddings] Loading embedding model: BAAI/bge-small-zh-v1.5
[2026-06-08 11:32:13.987] [ERROR] [app.data.pipeline.pipeline] 澶勭悊澶辫触 text: torch.__spec__ is None
[2026-06-08 11:32:14.016] [INFO ] [app.rag.embeddings] Loading embedding model: BAAI/bge-small-zh-v1.5
[2026-06-08 11:32:18.090] [ERROR] [app.data.pipeline.pipeline] 澶勭悊澶辫触 text: torch.__spec__ is None
[2026-06-08 11:32:18.121] [INFO ] [app.rag.embeddings] Loading embedding model: BAAI/bge-small-zh-v1.5
[2026-06-08 11:32:21.985] [ERROR] [app.data.pipeline.pipeline] 澶勭悊澶辫触 text: torch.__spec__ is None
[2026-06-08 11:32:22.014] [INFO ] [app.rag.embeddings] Loading embedding model: BAAI/bge-small-zh-v1.5
[2026-06-08 11:32:26.148] [ERROR] [app.data.pipeline.pipeline] 澶勭悊澶辫触 text: torch.__spec__ is None
[2026-06-08 11:32:26.182] [INFO ] [app.rag.embeddings] Loading embedding model: BAAI/bge-small-zh-v1.5
[2026-06-08 11:32:30.310] [ERROR] [app.data.pipeline.pipeline] 澶勭悊澶辫触 text: torch.__spec__ is None
[2026-06-08 11:32:30.344] [INFO ] [app.rag.embeddings] Loading embedding model: BAAI/bge-small-zh-v1.5
[2026-06-08 11:32:34.345] [ERROR] [app.data.pipeline.pipeline] 澶勭悊澶辫触 text: torch.__spec__ is None
[2026-06-08 11:32:34.375] [INFO ] [app.rag.embeddings] Loading embedding model: BAAI/bge-small-zh-v1.5
[2026-06-08 11:32:38.876] [ERROR] [app.data.pipeline.pipeline] 澶勭悊澶辫触 text: torch.__spec__ is None
[2026-06-08 11:32:38.906] [INFO ] [app.rag.embeddings] Loading embedding model: BAAI/bge-small-zh-v1.5
[2026-06-08 11:32:43.294] [ERROR] [app.data.pipeline.pipeline] 澶勭悊澶辫触 text: torch.__spec__ is None
[2026-06-08 11:32:43.329] [INFO ] [app.rag.embeddings] Loading embedding model: BAAI/bge-small-zh-v1.5
[2026-06-08 11:32:48.369] [ERROR] [app.data.pipeline.pipeline] 澶勭悊澶辫触 text: torch.__spec__ is None
[2026-06-08 11:32:48.405] [INFO ] [app.rag.embeddings] Loading embedding model: BAAI/bge-small-zh-v1.5
[2026-06-08 11:32:53.489] [ERROR] [app.data.pipeline.pipeline] 澶勭悊澶辫触 text: torch.__spec__ is None
[2026-06-08 11:32:53.523] [INFO ] [app.rag.embeddings] Loading embedding model: BAAI/bge-small-zh-v1.5
[2026-06-08 11:32:58.699] [ERROR] [app.data.pipeline.pipeline] 澶勭悊澶辫触 text: torch.__spec__ is None
[2026-06-08 11:32:58.738] [INFO ] [app.rag.embeddings] Loading embedding model: BAAI/bge-small-zh-v1.5
[2026-06-08 11:33:03.904] [ERROR] [app.data.pipeline.pipeline] 澶勭悊澶辫触 text: torch.__spec__ is None
[2026-06-08 11:33:03.946] [INFO ] [app.rag.embeddings] Loading embedding model: BAAI/bge-small-zh-v1.5
[2026-06-08 11:33:09.530] [ERROR] [app.data.pipeline.pipeline] 澶勭悊澶辫触 text: torch.__spec__ is None
[2026-06-08 11:33:09.565] [INFO ] [app.rag.embeddings] Loading embedding model: BAAI/bge-small-zh-v1.5
[2026-06-08 11:33:17.473] [ERROR] [app.data.pipeline.pipeline] 澶勭悊澶辫触 text: torch.__spec__ is None
[2026-06-08 11:33:17.526] [INFO ] [app.rag.embeddings] Loading embedding model: BAAI/bge-small-zh-v1.5
[2026-06-08 11:33:25.235] [ERROR] [app.data.pipeline.pipeline] 澶勭悊澶辫触 text: torch.__spec__ is None
[2026-06-08 11:33:25.280] [INFO ] [app.rag.embeddings] Loading embedding model: BAAI/bge-small-zh-v1.5
[2026-06-08 11:33:32.014] [ERROR] [app.data.pipeline.pipeline] 澶勭悊澶辫触 text: torch.__spec__ is None
[2026-06-08 11:33:32.063] [INFO ] [app.rag.embeddings] Loading embedding model: BAAI/bge-small-zh-v1.5
[2026-06-08 11:33:38.799] [ERROR] [app.data.pipeline.pipeline] 澶勭悊澶辫触 text: torch.__spec__ is None
[2026-06-08 11:33:38.840] [INFO ] [app.rag.embeddings] Loading embedding model: BAAI/bge-small-zh-v1.5
[2026-06-08 11:33:45.270] [ERROR] [app.data.pipeline.pipeline] 澶勭悊澶辫触 text: torch.__spec__ is None
[2026-06-08 11:33:45.310] [INFO ] [app.rag.embeddings] Loading embedding model: BAAI/bge-small-zh-v1.5
[2026-06-08 11:33:51.734] [ERROR] [app.data.pipeline.pipeline] 澶勭悊澶辫触 text: torch.__spec__ is None
[2026-06-08 11:33:51.779] [INFO ] [app.rag.embeddings] Loading embedding model: BAAI/bge-small-zh-v1.5
[2026-06-08 11:33:57.955] [ERROR] [app.data.pipeline.pipeline] 澶勭悊澶辫触 text: torch.__spec__ is None
[2026-06-08 11:33:58.004] [INFO ] [app.rag.embeddings] Loading embedding model: BAAI/bge-small-zh-v1.5
[2026-06-08 11:34:04.390] [ERROR] [app.data.pipeline.pipeline] 澶勭悊澶辫触 text: torch.__spec__ is None
[2026-06-08 11:34:04.437] [INFO ] [app.rag.embeddings] Loading embedding model: BAAI/bge-small-zh-v1.5
[2026-06-08 11:34:12.119] [ERROR] [app.data.pipeline.pipeline] 澶勭悊澶辫触 text: torch.__spec__ is None
[2026-06-08 11:34:12.176] [INFO ] [app.rag.embeddings] Loading embedding model: BAAI/bge-small-zh-v1.5
[2026-06-08 11:34:19.691] [ERROR] [app.data.pipeline.pipeline] 澶勭悊澶辫触 text: torch.__spec__ is None

鍏ㄧ閬撳欢杩? mean=4947.27ms, P50=4266.80ms, P95=7748.68ms, min=3553.45ms, max=8436.50ms
------------------------------ Captured log call ------------------------------
WARNING  app.data.pipeline.features:features.py:77 PyTorch涓嶅彲鐢紝浣跨敤闅忔満鏉冮噸闄嶇骇
INFO     app.data.pipeline.features:features.py:221 浣跨敤鍏ㄥ眬 embedding service
INFO     app.rag.embeddings:embeddings.py:43 Loading embedding model: BAAI/bge-small-zh-v1.5
ERROR    app.data.pipeline.pipeline:pipeline.py:191 澶勭悊澶辫触 text: torch.__spec__ is None
INFO     app.rag.embeddings:embeddings.py:43 Loading embedding model: BAAI/bge-small-zh-v1.5
ERROR    app.data.pipeline.pipeline:pipeline.py:191 澶勭悊澶辫触 text: torch.__spec__ is None
INFO     app.rag.embeddings:embeddings.py:43 Loading embedding model: BAAI/bge-small-zh-v1.5
ERROR    app.data.pipeline.pipeline:pipeline.py:191 澶勭悊澶辫触 text: torch.__spec__ is None
INFO     app.rag.embeddings:embeddings.py:43 Loading embedding model: BAAI/bge-small-zh-v1.5
ERROR    app.data.pipeline.pipeline:pipeline.py:191 澶勭悊澶辫触 text: torch.__spec__ is None
INFO     app.rag.embeddings:embeddings.py:43 Loading embedding model: BAAI/bge-small-zh-v1.5
ERROR    app.data.pipeline.pipeline:pipeline.py:191 澶勭悊澶辫触 text: torch.__spec__ is None
INFO     app.rag.embeddings:embeddings.py:43 Loading embedding model: BAAI/bge-small-zh-v1.5
ERROR    app.data.pipeline.pipeline:pipeline.py:191 澶勭悊澶辫触 text: torch.__spec__ is None
INFO     app.rag.embeddings:embeddings.py:43 Loading embedding model: BAAI/bge-small-zh-v1.5
ERROR    app.data.pipeline.pipeline:pipeline.py:191 澶勭悊澶辫触 text: torch.__spec__ is None
INFO     app.rag.embeddings:embeddings.py:43 Loading embedding model: BAAI/bge-small-zh-v1.5
ERROR    app.data.pipeline.pipeline:pipeline.py:191 澶勭悊澶辫触 text: torch.__spec__ is None
INFO     app.rag.embeddings:embeddings.py:43 Loading embedding model: BAAI/bge-small-zh-v1.5
ERROR    app.data.pipeline.pipeline:pipeline.py:191 澶勭悊澶辫触 text: torch.__spec__ is None
INFO     app.rag.embeddings:embeddings.py:43 Loading embedding model: BAAI/bge-small-zh-v1.5
ERROR    app.data.pipeline.pipeline:pipeline.py:191 澶勭悊澶辫触 text: torch.__spec__ is None
INFO     app.rag.embeddings:embeddings.py:43 Loading embedding model: BAAI/bge-small-zh-v1.5
ERROR    app.data.pipeline.pipeline:pipeline.py:191 澶勭悊澶辫触 text: torch.__spec__ is None
INFO     app.rag.embeddings:embeddings.py:43 Loading embedding model: BAAI/bge-small-zh-v1.5
ERROR    app.data.pipeline.pipeline:pipeline.py:191 澶勭悊澶辫触 text: torch.__spec__ is None
INFO     app.rag.embeddings:embeddings.py:43 Loading embedding model: BAAI/bge-small-zh-v1.5
ERROR    app.data.pipeline.pipeline:pipeline.py:191 澶勭悊澶辫触 text: torch.__spec__ is None
INFO     app.rag.embeddings:embeddings.py:43 Loading embedding model: BAAI/bge-small-zh-v1.5
ERROR    app.data.pipeline.pipeline:pipeline.py:191 澶勭悊澶辫触 text: torch.__spec__ is None
INFO     app.rag.embeddings:embeddings.py:43 Loading embedding model: BAAI/bge-small-zh-v1.5
ERROR    app.data.pipeline.pipeline:pipeline.py:191 澶勭悊澶辫触 text: torch.__spec__ is None
INFO     app.rag.embeddings:embeddings.py:43 Loading embedding model: BAAI/bge-small-zh-v1.5
ERROR    app.data.pipeline.pipeline:pipeline.py:191 澶勭悊澶辫触 text: torch.__spec__ is None
INFO     app.rag.embeddings:embeddings.py:43 Loading embedding model: BAAI/bge-small-zh-v1.5
ERROR    app.data.pipeline.pipeline:pipeline.py:191 澶勭悊澶辫触 text: torch.__spec__ is None
INFO     app.rag.embeddings:embeddings.py:43 Loading embedding model: BAAI/bge-small-zh-v1.5
ERROR    app.data.pipeline.pipeline:pipeline.py:191 澶勭悊澶辫触 text: torch.__spec__ is None
INFO     app.rag.embeddings:embeddings.py:43 Loading embedding model: BAAI/bge-small-zh-v1.5
ERROR    app.data.pipeline.pipeline:pipeline.py:191 澶勭悊澶辫触 text: torch.__spec__ is None
INFO     app.rag.embeddings:embeddings.py:43 Loading embedding model: BAAI/bge-small-zh-v1.5
ERROR    app.data.pipeline.pipeline:pipeline.py:191 澶勭悊澶辫触 text: torch.__spec__ is None
INFO     app.rag.embeddings:embeddings.py:43 Loading embedding model: BAAI/bge-small-zh-v1.5
ERROR    app.data.pipeline.pipeline:pipeline.py:191 澶勭悊澶辫触 text: torch.__spec__ is None
INFO     app.rag.embeddings:embeddings.py:43 Loading embedding model: BAAI/bge-small-zh-v1.5
ERROR    app.data.pipeline.pipeline:pipeline.py:191 澶勭悊澶辫触 text: torch.__spec__ is None
INFO     app.rag.embeddings:embeddings.py:43 Loading embedding model: BAAI/bge-small-zh-v1.5
ERROR    app.data.pipeline.pipeline:pipeline.py:191 澶勭悊澶辫触 text: torch.__spec__ is None
INFO     app.rag.embeddings:embeddings.py:43 Loading embedding model: BAAI/bge-small-zh-v1.5
ERROR    app.data.pipeline.pipeline:pipeline.py:191 澶勭悊澶辫触 text: torch.__spec__ is None
INFO     app.rag.embeddings:embeddings.py:43 Loading embedding model: BAAI/bge-small-zh-v1.5
ERROR    app.data.pipeline.pipeline:pipeline.py:191 澶勭悊澶辫触 text: torch.__spec__ is None
INFO     app.rag.embeddings:embeddings.py:43 Loading embedding model: BAAI/bge-small-zh-v1.5
ERROR    app.data.pipeline.pipeline:pipeline.py:191 澶勭悊澶辫触 text: torch.__spec__ is None
INFO     app.rag.embeddings:embeddings.py:43 Loading embedding model: BAAI/bge-small-zh-v1.5
ERROR    app.data.pipeline.pipeline:pipeline.py:191 澶勭悊澶辫触 text: torch.__spec__ is None
INFO     app.rag.embeddings:embeddings.py:43 Loading embedding model: BAAI/bge-small-zh-v1.5
ERROR    app.data.pipeline.pipeline:pipeline.py:191 澶勭悊澶辫触 text: torch.__spec__ is None
INFO     app.rag.embeddings:embeddings.py:43 Loading embedding model: BAAI/bge-small-zh-v1.5
ERROR    app.data.pipeline.pipeline:pipeline.py:191 澶勭悊澶辫触 text: torch.__spec__ is None
INFO     app.rag.embeddings:embeddings.py:43 Loading embedding model: BAAI/bge-small-zh-v1.5
ERROR    app.data.pipeline.pipeline:pipeline.py:191 澶勭悊澶辫触 text: torch.__spec__ is None
INFO     app.rag.embeddings:embeddings.py:43 Loading embedding model: BAAI/bge-small-zh-v1.5
ERROR    app.data.pipeline.pipeline:pipeline.py:191 澶勭悊澶辫触 text: torch.__spec__ is None
INFO     app.rag.embeddings:embeddings.py:43 Loading embedding model: BAAI/bge-small-zh-v1.5
ERROR    app.data.pipeline.pipeline:pipeline.py:191 澶勭悊澶辫触 text: torch.__spec__ is None
INFO     app.rag.embeddings:embeddings.py:43 Loading embedding model: BAAI/bge-small-zh-v1.5
ERROR    app.data.pipeline.pipeline:pipeline.py:191 澶勭悊澶辫触 text: torch.__spec__ is None
INFO     app.rag.embeddings:embeddings.py:43 Loading embedding model: BAAI/bge-small-zh-v1.5
ERROR    app.data.pipeline.pipeline:pipeline.py:191 澶勭悊澶辫触 text: torch.__spec__ is None
INFO     app.rag.embeddings:embeddings.py:43 Loading embedding model: BAAI/bge-small-zh-v1.5
ERROR    app.data.pipeline.pipeline:pipeline.py:191 澶勭悊澶辫触 text: torch.__spec__ is None
INFO     app.rag.embeddings:embeddings.py:43 Loading embedding model: BAAI/bge-small-zh-v1.5
ERROR    app.data.pipeline.pipeline:pipeline.py:191 澶勭悊澶辫触 text: torch.__spec__ is None
INFO     app.rag.embeddings:embeddings.py:43 Loading embedding model: BAAI/bge-small-zh-v1.5
ERROR    app.data.pipeline.pipeline:pipeline.py:191 澶勭悊澶辫触 text: torch.__spec__ is None
INFO     app.rag.embeddings:embeddings.py:43 Loading embedding model: BAAI/bge-small-zh-v1.5
ERROR    app.data.pipeline.pipeline:pipeline.py:191 澶勭悊澶辫触 text: torch.__spec__ is None
INFO     app.rag.embeddings:embeddings.py:43 Loading embedding model: BAAI/bge-small-zh-v1.5
ERROR    app.data.pipeline.pipeline:pipeline.py:191 澶勭悊澶辫触 text: torch.__spec__ is None
INFO     app.rag.embeddings:embeddings.py:43 Loading embedding model: BAAI/bge-small-zh-v1.5
ERROR    app.data.pipeline.pipeline:pipeline.py:191 澶勭悊澶辫触 text: torch.__spec__ is None
INFO     app.rag.embeddings:embeddings.py:43 Loading embedding model: BAAI/bge-small-zh-v1.5
ERROR    app.data.pipeline.pipeline:pipeline.py:191 澶勭悊澶辫触 text: torch.__spec__ is None
INFO     app.rag.embeddings:embeddings.py:43 Loading embedding model: BAAI/bge-small-zh-v1.5
ERROR    app.data.pipeline.pipeline:pipeline.py:191 澶勭悊澶辫触 text: torch.__spec__ is None
INFO     app.rag.embeddings:embeddings.py:43 Loading embedding model: BAAI/bge-small-zh-v1.5
ERROR    app.data.pipeline.pipeline:pipeline.py:191 澶勭悊澶辫触 text: torch.__spec__ is None
INFO     app.rag.embeddings:embeddings.py:43 Loading embedding model: BAAI/bge-small-zh-v1.5
ERROR    app.data.pipeline.pipeline:pipeline.py:191 澶勭悊澶辫触 text: torch.__spec__ is None
INFO     app.rag.embeddings:embeddings.py:43 Loading embedding model: BAAI/bge-small-zh-v1.5
ERROR    app.data.pipeline.pipeline:pipeline.py:191 澶勭悊澶辫触 text: torch.__spec__ is None
INFO     app.rag.embeddings:embeddings.py:43 Loading embedding model: BAAI/bge-small-zh-v1.5
ERROR    app.data.pipeline.pipeline:pipeline.py:191 澶勭悊澶辫触 text: torch.__spec__ is None
INFO     app.rag.embeddings:embeddings.py:43 Loading embedding model: BAAI/bge-small-zh-v1.5
ERROR    app.data.pipeline.pipeline:pipeline.py:191 澶勭悊澶辫触 text: torch.__spec__ is None
INFO     app.rag.embeddings:embeddings.py:43 Loading embedding model: BAAI/bge-small-zh-v1.5
ERROR    app.data.pipeline.pipeline:pipeline.py:191 澶勭悊澶辫触 text: torch.__spec__ is None
INFO     app.rag.embeddings:embeddings.py:43 Loading embedding model: BAAI/bge-small-zh-v1.5
ERROR    app.data.pipeline.pipeline:pipeline.py:191 澶勭悊澶辫触 text: torch.__spec__ is None
INFO     app.rag.embeddings:embeddings.py:43 Loading embedding model: BAAI/bge-small-zh-v1.5
ERROR    app.data.pipeline.pipeline:pipeline.py:191 澶勭悊澶辫触 text: torch.__spec__ is None
C:\Users\Lenovo\Desktop\鐏靛鍒堕€狅紙涓婄嚎鐗堬級\python\tests\test_pipeline_performance.py:200: AssertionError: 鍏ㄧ閬揚95寤惰繜 7748.68ms 杩囬珮
E   KeyError: 'tool_state'
---------------------------- Captured stdout setup ----------------------------
[2026-06-08 11:34:40.268] [INFO ] [app.data.pipeline.pipeline] 鏁版嵁绠￠亾鍒濆鍖栧畬鎴? 铻嶅悎鏂规硶=cross_modal_attention, 鐩戞帶=True
----------------------------- Captured log setup ------------------------------
INFO     app.data.pipeline.pipeline:pipeline.py:129 鏁版嵁绠￠亾鍒濆鍖栧畬鎴? 铻嶅悎鏂规硶=cross_modal_attention, 鐩戞帶=True
---------------------------- Captured stdout call -----------------------------
[2026-06-08 11:34:40.375] [WARNING] [app.data.pipeline.features] PyTorch涓嶅彲鐢紝浣跨敤闅忔満鏉冮噸闄嶇骇
------------------------------ Captured log call ------------------------------
WARNING  app.data.pipeline.features:features.py:77 PyTorch涓嶅彲鐢紝浣跨敤闅忔満鏉冮噸闄嶇骇
C:\Users\Lenovo\Desktop\鐏靛鍒堕€狅紙涓婄嚎鐗堬級\python\app\data\pipeline\fusion.py:191: KeyError: 'tool_state'
E   TypeError: Can't instantiate abstract class _Concrete with abstract methods format_cycle_boring, format_cycle_tapping, format_cycle_threading, format_subprogram_call, format_subprogram_end
C:\Users\Lenovo\Desktop\鐏靛鍒堕€狅紙涓婄嚎鐗堬級\python\tests\test_postprocessor.py:58: TypeError: Can't instantiate abstract class _Concrete with abstract methods format_cycle_boring, format_cycle_tapping, format_cycle_threading, format_subprogram_call, format_subprogram_end
E   AttributeError: 'FanucPostProcessor' object has no attribute '_default_coordinate_system'
C:\Users\Lenovo\Desktop\鐏靛鍒堕€狅紙涓婄嚎鐗堬級\python\app\postprocessor\fanuc.py:44: AttributeError: 'FanucPostProcessor' object has no attribute '_default_coordinate_system'
E   AttributeError: 'FanucPostProcessor' object has no attribute '_default_coordinate_system'
C:\Users\Lenovo\Desktop\鐏靛鍒堕€狅紙涓婄嚎鐗堬級\python\app\postprocessor\fanuc.py:68: AttributeError: 'FanucPostProcessor' object has no attribute '_default_coordinate_system'
E   AttributeError: 'FanucPostProcessor' object has no attribute '_default_coordinate_system'
C:\Users\Lenovo\Desktop\鐏靛鍒堕€狅紙涓婄嚎鐗堬級\python\app\postprocessor\fanuc.py:44: AttributeError: 'FanucPostProcessor' object has no attribute '_default_coordinate_system'
E   AttributeError: 'FanucPostProcessor' object has no attribute '_default_coordinate_system'
C:\Users\Lenovo\Desktop\鐏靛鍒堕€狅紙涓婄嚎鐗堬級\python\app\postprocessor\fanuc.py:44: AttributeError: 'FanucPostProcessor' object has no attribute '_default_coordinate_system'
E   AttributeError: 'FanucPostProcessor' object has no attribute '_default_coordinate_system'
C:\Users\Lenovo\Desktop\鐏靛鍒堕€狅紙涓婄嚎鐗堬級\python\app\postprocessor\fanuc.py:68: AttributeError: 'FanucPostProcessor' object has no attribute '_default_coordinate_system'
E   AssertionError: assert 'G73' in 'G98 G83 X10.000 Y20.000 Z-5.000 R50.000 Q5.000 P500 F3000.000\nG80'
C:\Users\Lenovo\Desktop\鐏靛鍒堕€狅紙涓婄嚎鐗堬級\python\tests\test_postprocessor.py:230: AssertionError: assert 'G73' in 'G98 G83 X10.000 Y20.000 Z-5.000 R50.000 Q5.000 P500 F3000.000\nG80'
E   AttributeError: 'SiemensPostProcessor' object has no attribute '_spindle_default_rpm'
C:\Users\Lenovo\Desktop\鐏靛鍒堕€狅紙涓婄嚎鐗堬級\python\app\postprocessor\base.py:92: AttributeError: 'SiemensPostProcessor' object has no attribute '_spindle_default_rpm'
E   AttributeError: 'SiemensPostProcessor' object has no attribute '_spindle_default_rpm'
C:\Users\Lenovo\Desktop\鐏靛鍒堕€狅紙涓婄嚎鐗堬級\python\app\postprocessor\base.py:92: AttributeError: 'SiemensPostProcessor' object has no attribute '_spindle_default_rpm'
E   AttributeError: 'SiemensPostProcessor' object has no attribute '_spindle_default_rpm'
C:\Users\Lenovo\Desktop\鐏靛鍒堕€狅紙涓婄嚎鐗堬級\python\app\postprocessor\base.py:92: AttributeError: 'SiemensPostProcessor' object has no attribute '_spindle_default_rpm'
E   AttributeError: 'SiemensPostProcessor' object has no attribute '_spindle_default_rpm'
C:\Users\Lenovo\Desktop\鐏靛鍒堕€狅紙涓婄嚎鐗堬級\python\app\postprocessor\base.py:92: AttributeError: 'SiemensPostProcessor' object has no attribute '_spindle_default_rpm'
E   AttributeError: 'HeidenhainPostProcessor' object has no attribute '_spindle_default_rpm'
C:\Users\Lenovo\Desktop\鐏靛鍒堕€狅紙涓婄嚎鐗堬級\python\app\postprocessor\base.py:92: AttributeError: 'HeidenhainPostProcessor' object has no attribute '_spindle_default_rpm'
E   AttributeError: 'HeidenhainPostProcessor' object has no attribute '_spindle_default_rpm'
C:\Users\Lenovo\Desktop\鐏靛鍒堕€狅紙涓婄嚎鐗堬級\python\app\postprocessor\base.py:92: AttributeError: 'HeidenhainPostProcessor' object has no attribute '_spindle_default_rpm'
E   AttributeError: 'HeidenhainPostProcessor' object has no attribute '_spindle_default_rpm'
C:\Users\Lenovo\Desktop\鐏靛鍒堕€狅紙涓婄嚎鐗堬級\python\app\postprocessor\base.py:92: AttributeError: 'HeidenhainPostProcessor' object has no attribute '_spindle_default_rpm'
E   AttributeError: 'HeidenhainPostProcessor' object has no attribute '_spindle_default_rpm'
C:\Users\Lenovo\Desktop\鐏靛鍒堕€狅紙涓婄嚎鐗堬級\python\app\postprocessor\base.py:92: AttributeError: 'HeidenhainPostProcessor' object has no attribute '_spindle_default_rpm'
E   AttributeError: 'HeidenhainPostProcessor' object has no attribute '_spindle_default_rpm'
C:\Users\Lenovo\Desktop\鐏靛鍒堕€狅紙涓婄嚎鐗堬級\python\app\postprocessor\base.py:92: AttributeError: 'HeidenhainPostProcessor' object has no attribute '_spindle_default_rpm'
E   AttributeError: 'HeidenhainPostProcessor' object has no attribute '_spindle_default_rpm'
C:\Users\Lenovo\Desktop\鐏靛鍒堕€狅紙涓婄嚎鐗堬級\python\app\postprocessor\base.py:92: AttributeError: 'HeidenhainPostProcessor' object has no attribute '_spindle_default_rpm'
E   AttributeError: 'FanucPostProcessor' object has no attribute '_default_coordinate_system'
C:\Users\Lenovo\Desktop\鐏靛鍒堕€狅紙涓婄嚎鐗堬級\python\app\postprocessor\fanuc.py:44: AttributeError: 'FanucPostProcessor' object has no attribute '_default_coordinate_system'
E   AttributeError: 'FanucPostProcessor' object has no attribute '_default_coordinate_system'
C:\Users\Lenovo\Desktop\鐏靛鍒堕€狅紙涓婄嚎鐗堬級\python\app\postprocessor\fanuc.py:68: AttributeError: 'FanucPostProcessor' object has no attribute '_default_coordinate_system'
E   AttributeError: 'HeidenhainPostProcessor' object has no attribute '_spindle_default_rpm'
C:\Users\Lenovo\Desktop\鐏靛鍒堕€狅紙涓婄嚎鐗堬級\python\app\postprocessor\base.py:92: AttributeError: 'HeidenhainPostProcessor' object has no attribute '_spindle_default_rpm'
E   ValueError: rapid_feed must be > 0, got 0
C:\Users\Lenovo\Desktop\鐏靛鍒堕€狅紙涓婄嚎鐗堬級\python\app\postprocessor\base.py:48: ValueError: rapid_feed must be > 0, got 0
E   AttributeError: 'FanucPostProcessor' object has no attribute '_default_coordinate_system'
C:\Users\Lenovo\Desktop\鐏靛鍒堕€狅紙涓婄嚎鐗堬級\python\app\postprocessor\fanuc.py:44: AttributeError: 'FanucPostProcessor' object has no attribute '_default_coordinate_system'
E   app.postprocessor.config_loader.ConfigLoadError: 閰嶇疆鏂囦欢涓己灏?'base' 娈?
C:\Users\Lenovo\Desktop\鐏靛鍒堕€狅紙涓婄嚎鐗堬級\python\app\postprocessor\config_loader.py:712: app.postprocessor.config_loader.ConfigLoadError: 閰嶇疆鏂囦欢涓己灏?'base' 娈?
E   app.postprocessor.config_loader.ConfigLoadError: 閰嶇疆鏂囦欢涓己灏?'base' 娈?
C:\Users\Lenovo\Desktop\鐏靛鍒堕€狅紙涓婄嚎鐗堬級\python\app\postprocessor\config_loader.py:712: app.postprocessor.config_loader.ConfigLoadError: 閰嶇疆鏂囦欢涓己灏?'base' 娈?
E   app.postprocessor.config_loader.ConfigLoadError: 閰嶇疆鏂囦欢涓己灏?'base' 娈?
C:\Users\Lenovo\Desktop\鐏靛鍒堕€狅紙涓婄嚎鐗堬級\python\app\postprocessor\config_loader.py:712: app.postprocessor.config_loader.ConfigLoadError: 閰嶇疆鏂囦欢涓己灏?'base' 娈?
E   app.postprocessor.config_loader.ConfigLoadError: 閰嶇疆鏂囦欢涓己灏?'base' 娈?
C:\Users\Lenovo\Desktop\鐏靛鍒堕€狅紙涓婄嚎鐗堬級\python\app\postprocessor\config_loader.py:712: app.postprocessor.config_loader.ConfigLoadError: 閰嶇疆鏂囦欢涓己灏?'base' 娈?
E   app.postprocessor.config_loader.ConfigLoadError: 閰嶇疆鏂囦欢涓己灏?'base' 娈?
C:\Users\Lenovo\Desktop\鐏靛鍒堕€狅紙涓婄嚎鐗堬級\python\app\postprocessor\config_loader.py:712: app.postprocessor.config_loader.ConfigLoadError: 閰嶇疆鏂囦欢涓己灏?'base' 娈?
E   ImportError: cannot import name 'RoleResponse' from 'app.models.schemas' (C:\Users\Lenovo\Desktop\鐏靛鍒堕€狅紙涓婄嚎鐗堬級\python\app\models\schemas.py)
C:\Users\Lenovo\Desktop\鐏靛鍒堕€狅紙涓婄嚎鐗堬級\python\tests\test_rbac_permissions.py:499: ImportError: cannot import name 'RoleResponse' from 'app.models.schemas' (C:\Users\Lenovo\Desktop\鐏靛鍒堕€狅紙涓婄嚎鐗堬級\python\app\models\schemas.py)
E   ImportError: cannot import name 'PermissionResponse' from 'app.models.schemas' (C:\Users\Lenovo\Desktop\鐏靛鍒堕€狅紙涓婄嚎鐗堬級\python\app\models\schemas.py)
C:\Users\Lenovo\Desktop\鐏靛鍒堕€狅紙涓婄嚎鐗堬級\python\tests\test_rbac_permissions.py:508: ImportError: cannot import name 'PermissionResponse' from 'app.models.schemas' (C:\Users\Lenovo\Desktop\鐏靛鍒堕€狅紙涓婄嚎鐗堬級\python\app\models\schemas.py)
E   ImportError: cannot import name 'RoleDetailResponse' from 'app.models.schemas' (C:\Users\Lenovo\Desktop\鐏靛鍒堕€狅紙涓婄嚎鐗堬級\python\app\models\schemas.py)
C:\Users\Lenovo\Desktop\鐏靛鍒堕€狅紙涓婄嚎鐗堬級\python\tests\test_rbac_permissions.py:515: ImportError: cannot import name 'RoleDetailResponse' from 'app.models.schemas' (C:\Users\Lenovo\Desktop\鐏靛鍒堕€狅紙涓婄嚎鐗堬級\python\app\models\schemas.py)
E   ImportError: cannot import name 'RoleDetailResponse' from 'app.models.schemas' (C:\Users\Lenovo\Desktop\鐏靛鍒堕€狅紙涓婄嚎鐗堬級\python\app\models\schemas.py)
C:\Users\Lenovo\Desktop\鐏靛鍒堕€狅紙涓婄嚎鐗堬級\python\tests\test_rbac_permissions.py:523: ImportError: cannot import name 'RoleDetailResponse' from 'app.models.schemas' (C:\Users\Lenovo\Desktop\鐏靛鍒堕€狅紙涓婄嚎鐗堬級\python\app\models\schemas.py)
E   pydantic_core._pydantic_core.ValidationError: 1 validation error for UserListItem
    created_at
      Field required [type=missing, input_value={'username': 'test_user',...min', 'is_active': True}, input_type=dict]
        For further information visit https://errors.pydantic.dev/2.13/v/missing
C:\Users\Lenovo\Desktop\鐏靛鍒堕€狅紙涓婄嚎鐗堬級\python\tests\test_rbac_permissions.py:546: pydantic_core._pydantic_core.ValidationError: 1 validation error for UserListItem
E   pydantic_core._pydantic_core.ValidationError: 1 validation error for UserListItem
    created_at
      Field required [type=missing, input_value={'username': 'u1', 'role'...min', 'is_active': True}, input_type=dict]
        For further information visit https://errors.pydantic.dev/2.13/v/missing
C:\Users\Lenovo\Desktop\鐏靛鍒堕€狅紙涓婄嚎鐗堬級\python\tests\test_rbac_permissions.py:555: pydantic_core._pydantic_core.ValidationError: 1 validation error for UserListItem
E   AssertionError: assert 1008 == 1001
     +  where 1008 = code_to_numeric(<ErrorCode.FILE_NOT_FOUND: 'FILE_NOT_FOUND'>)
     +    where <ErrorCode.FILE_NOT_FOUND: 'FILE_NOT_FOUND'> = ErrorCode.FILE_NOT_FOUND
C:\Users\Lenovo\Desktop\鐏靛鍒堕€狅紙涓婄嚎鐗堬級\python\tests\test_response.py:50: AssertionError: assert 1008 == 1001
E   assert False
     +  where False = any(<generator object TestCollisionDetector.test_detect_boundary_exceed.<locals>.<genexpr> at 0x0000019E5505F2A0>)
C:\Users\Lenovo\Desktop\鐏靛鍒堕€狅紙涓婄嚎鐗堬級\python\tests\test_simulation.py:240: assert False
E   AssertionError: 鍦烘櫙4(boundary_warning)鏈鍑?
    assert False
C:\Users\Lenovo\Desktop\鐏靛鍒堕€狅紙涓婄嚎鐗堬級\python\tests\test_simulation.py:289: AssertionError: 鍦烘櫙4(boundary_warning)鏈鍑?
E   AssertionError: assert ('妫€娴嬪埌纰版挒' in '============================================================\n  NC Toolpath Simulation Report - 纰版挒娴嬭瘯\n===============..._stock: G00 rapid move cuts into stock at N1\n    [MEDIUM] N2 rapid_z_low: G00 start Z=-10.0 is below safe height 60.0' or '瀹夊叏' in '============================================================\n  NC Toolpath Simulation Report - 纰版挒娴嬭瘯\n===============..._stock: G00 rapid move cuts into stock at N1\n    [MEDIUM] N2 rapid_z_low: G00 start Z=-10.0 is below safe height 60.0')
C:\Users\Lenovo\Desktop\鐏靛鍒堕€狅紙涓婄嚎鐗堬級\python\tests\test_simulation.py:426: AssertionError: assert ('妫€娴嬪埌纰版挒' in '============================================================\n  NC Toolpath Simulation Report - 纰版挒娴嬭瘯\n===============..._stock: G00 rapid move cuts into stock at N1\n    [MEDIUM] N2 rapid_z_low: G00 start Z=-10.0 is below safe height 60.0' or '瀹夊叏' in '============================================================\n  NC Toolpath Simulation Report - 纰版挒娴嬭瘯\n===============..._stock: G00 rapid move cuts into stock at N1\n    [MEDIUM] N2 rapid_z_low: G00 start Z=-10.0 is below safe height 60.0')
E   assert 404 == 200
     +  where 404 = <Response [404 Not Found]>.status_code
---------------------------- Captured stdout call -----------------------------
[2026-06-08 11:36:38.835] [INFO ] [httpx] HTTP Request: GET http://testserver/api/import/step/output/nonexistent_12345.stl "HTTP/1.1 404 Not Found"
------------------------------ Captured log call ------------------------------
INFO     httpx:_client.py:1025 HTTP Request: GET http://testserver/api/import/step/output/nonexistent_12345.stl "HTTP/1.1 404 Not Found"
C:\Users\Lenovo\Desktop\鐏靛鍒堕€狅紙涓婄嚎鐗堬級\python\tests\test_step_import.py:573: assert 404 == 200
async def functions are not natively supported.
You need to install a suitable plugin for your async framework, for example:
  - anyio
  - pytest-asyncio
  - pytest-tornasync
  - pytest-trio
  - pytest-twisted
C:\Users\Lenovo\AppData\Local\Programs\Python\Python311\Lib\site-packages\_pytest\python.py:156: Failed: async def functions are not natively supported.
async def functions are not natively supported.
You need to install a suitable plugin for your async framework, for example:
  - anyio
  - pytest-asyncio
  - pytest-tornasync
  - pytest-trio
  - pytest-twisted
C:\Users\Lenovo\AppData\Local\Programs\Python\Python311\Lib\site-packages\_pytest\python.py:156: Failed: async def functions are not natively supported.
async def functions are not natively supported.
You need to install a suitable plugin for your async framework, for example:
  - anyio
  - pytest-asyncio
  - pytest-tornasync
  - pytest-trio
  - pytest-twisted
C:\Users\Lenovo\AppData\Local\Programs\Python\Python311\Lib\site-packages\_pytest\python.py:156: Failed: async def functions are not natively supported.
E   AttributeError: 'FanucPostProcessor' object has no attribute '_default_coordinate_system'
C:\Users\Lenovo\Desktop\鐏靛鍒堕€狅紙涓婄嚎鐗堬級\python\app\postprocessor\fanuc.py:44: AttributeError: 'FanucPostProcessor' object has no attribute '_default_coordinate_system'
E   AttributeError: 'FanucPostProcessor' object has no attribute '_default_coordinate_system'
C:\Users\Lenovo\Desktop\鐏靛鍒堕€狅紙涓婄嚎鐗堬級\python\app\postprocessor\fanuc.py:44: AttributeError: 'FanucPostProcessor' object has no attribute '_default_coordinate_system'
E   AttributeError: 'FanucPostProcessor' object has no attribute '_default_coordinate_system'
C:\Users\Lenovo\Desktop\鐏靛鍒堕€狅紙涓婄嚎鐗堬級\python\app\postprocessor\fanuc.py:68: AttributeError: 'FanucPostProcessor' object has no attribute '_default_coordinate_system'
E   AttributeError: 'FanucPostProcessor' object has no attribute '_default_coordinate_system'
C:\Users\Lenovo\Desktop\鐏靛鍒堕€狅紙涓婄嚎鐗堬級\python\app\postprocessor\fanuc.py:68: AttributeError: 'FanucPostProcessor' object has no attribute '_default_coordinate_system'
E   AssertionError: assert 'G98 G73' in 'G98 G83 X10.000 Y20.000 Z-15.000 R50.000 Q5.000 P1000 F3000.000\nG80'
C:\Users\Lenovo\Desktop\鐏靛鍒堕€狅紙涓婄嚎鐗堬級\python\tests\unit\test_postprocessor.py:149: AssertionError: assert 'G98 G73' in 'G98 G83 X10.000 Y20.000 Z-15.000 R50.000 Q5.000 P1000 F3000.000\nG80'
E   AssertionError: assert 'G98 G83' in 'G98 G81 X10.000 Y20.000 Z-15.000 R50.000 F3000.000\nG80'
C:\Users\Lenovo\Desktop\鐏靛鍒堕€狅紙涓婄嚎鐗堬級\python\tests\unit\test_postprocessor.py:156: AssertionError: assert 'G98 G83' in 'G98 G81 X10.000 Y20.000 Z-15.000 R50.000 F3000.000\nG80'
E   AttributeError: 'HeidenhainPostProcessor' object has no attribute '_spindle_default_rpm'
C:\Users\Lenovo\Desktop\鐏靛鍒堕€狅紙涓婄嚎鐗堬級\python\app\postprocessor\base.py:92: AttributeError: 'HeidenhainPostProcessor' object has no attribute '_spindle_default_rpm'
E   AttributeError: 'HeidenhainPostProcessor' object has no attribute '_spindle_default_rpm'
C:\Users\Lenovo\Desktop\鐏靛鍒堕€狅紙涓婄嚎鐗堬級\python\app\postprocessor\base.py:92: AttributeError: 'HeidenhainPostProcessor' object has no attribute '_spindle_default_rpm'
E   AttributeError: 'HeidenhainPostProcessor' object has no attribute '_spindle_default_rpm'
C:\Users\Lenovo\Desktop\鐏靛鍒堕€狅紙涓婄嚎鐗堬級\python\app\postprocessor\base.py:92: AttributeError: 'HeidenhainPostProcessor' object has no attribute '_spindle_default_rpm'
E   AttributeError: 'HeidenhainPostProcessor' object has no attribute '_spindle_default_rpm'
C:\Users\Lenovo\Desktop\鐏靛鍒堕€狅紙涓婄嚎鐗堬級\python\app\postprocessor\base.py:92: AttributeError: 'HeidenhainPostProcessor' object has no attribute '_spindle_default_rpm'
E   AttributeError: 'HeidenhainPostProcessor' object has no attribute '_spindle_default_rpm'
C:\Users\Lenovo\Desktop\鐏靛鍒堕€狅紙涓婄嚎鐗堬級\python\app\postprocessor\base.py:92: AttributeError: 'HeidenhainPostProcessor' object has no attribute '_spindle_default_rpm'
E   AttributeError: 'SiemensPostProcessor' object has no attribute '_spindle_default_rpm'
C:\Users\Lenovo\Desktop\鐏靛鍒堕€狅紙涓婄嚎鐗堬級\python\app\postprocessor\base.py:92: AttributeError: 'SiemensPostProcessor' object has no attribute '_spindle_default_rpm'
E   AttributeError: 'SiemensPostProcessor' object has no attribute '_spindle_default_rpm'
C:\Users\Lenovo\Desktop\鐏靛鍒堕€狅紙涓婄嚎鐗堬級\python\app\postprocessor\base.py:92: AttributeError: 'SiemensPostProcessor' object has no attribute '_spindle_default_rpm'
E   AttributeError: 'SiemensPostProcessor' object has no attribute '_spindle_default_rpm'
C:\Users\Lenovo\Desktop\鐏靛鍒堕€狅紙涓婄嚎鐗堬級\python\app\postprocessor\base.py:92: AttributeError: 'SiemensPostProcessor' object has no attribute '_spindle_default_rpm'
E   AttributeError: 'SiemensPostProcessor' object has no attribute '_spindle_default_rpm'
C:\Users\Lenovo\Desktop\鐏靛鍒堕€狅紙涓婄嚎鐗堬級\python\app\postprocessor\base.py:92: AttributeError: 'SiemensPostProcessor' object has no attribute '_spindle_default_rpm'
E   AttributeError: 'SiemensPostProcessor' object has no attribute '_spindle_default_rpm'
C:\Users\Lenovo\Desktop\鐏靛鍒堕€狅紙涓婄嚎鐗堬級\python\app\postprocessor\base.py:92: AttributeError: 'SiemensPostProcessor' object has no attribute '_spindle_default_rpm'
E   AttributeError: 'SiemensPostProcessor' object has no attribute '_spindle_default_rpm'
C:\Users\Lenovo\Desktop\鐏靛鍒堕€狅紙涓婄嚎鐗堬級\python\app\postprocessor\base.py:92: AttributeError: 'SiemensPostProcessor' object has no attribute '_spindle_default_rpm'
E   AttributeError: 'SiemensPostProcessor' object has no attribute '_spindle_default_rpm'
C:\Users\Lenovo\Desktop\鐏靛鍒堕€狅紙涓婄嚎鐗堬級\python\app\postprocessor\base.py:92: AttributeError: 'SiemensPostProcessor' object has no attribute '_spindle_default_rpm'
E   AttributeError: 'FanucPostProcessor' object has no attribute '_default_coordinate_system'
C:\Users\Lenovo\Desktop\鐏靛鍒堕€狅紙涓婄嚎鐗堬級\python\app\postprocessor\fanuc.py:44: AttributeError: 'FanucPostProcessor' object has no attribute '_default_coordinate_system'
E   AttributeError: 'HeidenhainPostProcessor' object has no attribute '_spindle_default_rpm'
C:\Users\Lenovo\Desktop\鐏靛鍒堕€狅紙涓婄嚎鐗堬級\python\app\postprocessor\base.py:92: AttributeError: 'HeidenhainPostProcessor' object has no attribute '_spindle_default_rpm'
E   AttributeError: 'SiemensPostProcessor' object has no attribute '_spindle_default_rpm'
C:\Users\Lenovo\Desktop\鐏靛鍒堕€狅紙涓婄嚎鐗堬級\python\app\postprocessor\base.py:92: AttributeError: 'SiemensPostProcessor' object has no attribute '_spindle_default_rpm'
E   AssertionError: assert {'level': 'R'} == {'level': 'T'}
      
      Differing items:
      {'level': 'R'} != {'level': 'T'}
      Use -v to get more diff
---------------------------- Captured stdout call -----------------------------
[2026-06-08 11:38:33.745] [WARNING] [app.core.middleware.unified_auth] Using default token permission level 'R' because metadata file not found. Please configure the token metadata file.
------------------------------ Captured log call ------------------------------
WARNING  app.core.middleware.unified_auth:unified_auth.py:98 Using default token permission level 'R' because metadata file not found. Please configure the token metadata file.
C:\Users\Lenovo\Desktop\鐏靛鍒堕€狅紙涓婄嚎鐗堬級\python\tests\unit\test_unified_auth_helpers.py:184: AssertionError: assert {'level': 'R'} == {'level': 'T'}
============================== warnings summary ===============================
..\..\..\AppData\Local\Programs\Python\Python311\Lib\site-packages\ezdxf\queryparser.py:50
  C:\Users\Lenovo\AppData\Local\Programs\Python\Python311\Lib\site-packages\ezdxf\queryparser.py:50: PyparsingDeprecationWarning: 'addParseAction' deprecated - use 'add_parse_action'
    number.addParseAction(lambda t: float(t[0]))  # convert to float

..\..\..\AppData\Local\Programs\Python\Python311\Lib\site-packages\ezdxf\queryparser.py:51
  C:\Users\Lenovo\AppData\Local\Programs\Python\Python311\Lib\site-packages\ezdxf\queryparser.py:51: PyparsingDeprecationWarning: 'addParseAction' deprecated - use 'add_parse_action'
    string_ = quotedString.addParseAction(lambda t: t[0][1:-1])  # remove quotes

..\..\..\AppData\Local\Programs\Python\Python311\Lib\site-packages\ezdxf\queryparser.py:57
  C:\Users\Lenovo\AppData\Local\Programs\Python\Python311\Lib\site-packages\ezdxf\queryparser.py:57: PyparsingDeprecationWarning: 'oneOf' deprecated - use 'one_of'
    Relation = oneOf(["==", "!=", "<", "<=", ">", ">=", "?", "!?"])

..\..\..\AppData\Local\Programs\Python\Python311\Lib\site-packages\ezdxf\queryparser.py:63
  C:\Users\Lenovo\AppData\Local\Programs\Python\Python311\Lib\site-packages\ezdxf\queryparser.py:63: PyparsingDeprecationWarning: 'setResultsName' deprecated - use 'set_results_name'
    ).setResultsName("EntityQuery")

..\..\..\AppData\Local\Programs\Python\Python311\Lib\site-packages\ezdxf\queryparser.py:65
  C:\Users\Lenovo\AppData\Local\Programs\Python\Python311\Lib\site-packages\ezdxf\queryparser.py:65: PyparsingDeprecationWarning: 'infixNotation' deprecated - use 'infix_notation'
    InfixBoolQuery = infixNotation(

..\..\..\AppData\Local\Programs\Python\Python311\Lib\site-packages\ezdxf\queryparser.py:72
  C:\Users\Lenovo\AppData\Local\Programs\Python\Python311\Lib\site-packages\ezdxf\queryparser.py:72: PyparsingDeprecationWarning: 'setResultsName' deprecated - use 'set_results_name'
    ).setResultsName("AttribQuery")

..\..\..\AppData\Local\Programs\Python\Python311\Lib\site-packages\ezdxf\queryparser.py:74
  C:\Users\Lenovo\AppData\Local\Programs\Python\Python311\Lib\site-packages\ezdxf\queryparser.py:74: PyparsingDeprecationWarning: 'setResultsName' deprecated - use 'set_results_name'
    AttribQueryOptions = Literal("i").setResultsName("AttribQueryOptions")

tests\test_heartbeat_system.py:50
  C:\Users\Lenovo\Desktop\鐏靛鍒堕€狅紙涓婄嚎鐗堬級\python\tests\test_heartbeat_system.py:50: PytestCollectionWarning: cannot collect test class 'TestResultRecorder' because it has a __init__ constructor (from: python/tests/test_heartbeat_system.py)
    class TestResultRecorder:

tests\test_sandbox_security.py:23
  C:\Users\Lenovo\Desktop\鐏靛鍒堕€狅紙涓婄嚎鐗堬級\python\tests\test_sandbox_security.py:23: PytestCollectionWarning: cannot collect test class 'TestResult' because it has a __init__ constructor (from: python/tests/test_sandbox_security.py)
    class TestResult:

python/tests/test_benchmarks.py::TestMLPBaseline::test_params_count
python/tests/test_benchmarks.py::TestIntegration::test_full_pipeline_quick
  C:\Users\Lenovo\AppData\Local\Programs\Python\Python311\Lib\site-packages\sklearn\neural_network\_multilayer_perceptron.py:785: ConvergenceWarning: Stochastic Optimizer: Maximum iterations (50) reached and the optimization hasn't converged yet.
    warnings.warn(

python/tests/test_dxf_module.py: 102 warnings
  C:\Users\Lenovo\AppData\Local\Programs\Python\Python311\Lib\site-packages\ezdxf\query.py:444: PyparsingDeprecationWarning: 'parseString' deprecated - use 'parse_string'
    query_args = EntityQueryParser.parseString(query, parseAll=True)

python/tests/test_dxf_module.py: 102 warnings
  C:\Users\Lenovo\AppData\Local\Programs\Python\Python311\Lib\site-packages\pyparsing\util.py:466: PyparsingDeprecationWarning: 'parseAll' argument is deprecated, use 'parse_all'
    return fn(self, *args, **kwargs)

python/tests/test_error_handling_e2e.py: 4 warnings
python/tests/test_exception_handlers.py: 1 warning
python/tests/test_request_id.py: 1 warning
python/tests/test_step_import.py: 10 warnings
python/tests/unit/test_security_headers_middleware.py: 1 warning
  C:\Users\Lenovo\AppData\Local\Programs\Python\Python311\Lib\site-packages\anyio\_backends\_asyncio.py:605: DeprecationWarning: Passing 'msg' argument to Task.cancel() is deprecated since Python 3.11, and scheduled for removal in Python 3.14.
    should_retry = scope._deliver_cancellation(origin) or should_retry

python/tests/test_error_handling_e2e.py: 4 warnings
python/tests/test_exception_handlers.py: 1 warning
python/tests/test_request_id.py: 1 warning
python/tests/test_step_import.py: 10 warnings
python/tests/unit/test_security_headers_middleware.py: 1 warning
  C:\Users\Lenovo\AppData\Local\Programs\Python\Python311\Lib\site-packages\anyio\_backends\_asyncio.py:605: DeprecationWarning: Passing 'msg' argument to Future.cancel() is deprecated since Python 3.11, and scheduled for removal in Python 3.14.
    should_retry = scope._deliver_cancellation(origin) or should_retry

python/tests/test_step_import.py: 10 warnings
  C:\Users\Lenovo\AppData\Local\Programs\Python\Python311\Lib\asyncio\events.py:80: DeprecationWarning: Passing 'msg' argument to Task.cancel() is deprecated since Python 3.11, and scheduled for removal in Python 3.14.
    self._context.run(self._callback, *self._args)

python/tests/test_step_import.py: 10 warnings
  C:\Users\Lenovo\AppData\Local\Programs\Python\Python311\Lib\asyncio\events.py:80: DeprecationWarning: Passing 'msg' argument to Future.cancel() is deprecated since Python 3.11, and scheduled for removal in Python 3.14.
    self._context.run(self._callback, *self._args)

-- Docs: https://docs.pytest.org/en/stable/how-to/capture-warnings.html

-------- coverage: platform win32, python 3.11.0-candidate-2 ---------
Name                                                   Stmts   Miss  Cover   Missing
------------------------------------------------------------------------------------
app\agent\auth.py                                         94     40    57%   58-59, 62-81, 93-108, 114-118, 122-126, 129-142, 145-152
app\agent\middleware.py                                  110    110     0%   3-204
app\ai\agents.py                                         404    392     3%   28-956
app\ai\cross_layer_fusion\alignment.py                   110     53    52%   68-133, 155-156, 176-178, 200-211, 295, 318, 327-330, 363-365
app\ai\cross_layer_fusion\attention.py                   120     89    26%   84, 95-111, 115-118, 137-161, 185-189, 205-209, 225-229, 271-344, 367-381, 387, 412
app\ai\cross_layer_fusion\fusion.py                      210    160    24%   79-112, 116-118, 138-146, 173-199, 225-237, 249-256, 275-276, 293-300, 345-386, 390-392, 410-419, 448-479, 521-533, 550-558, 601-647, 651-652, 668-687, 717-754, 819-841, 846, 862-865, 883-888, 906-911, 942-957, 970, 994, 1001
app\ai\ijepa_3d\config.py                                 65      4    94%   190, 195, 200, 205
app\ai\ijepa_3d\dataset.py                               177    114    36%   57-61, 75-91, 108-132, 145-148, 161-163, 178-192, 264-312, 318, 328-345, 355-356, 369-375, 385-389, 406-425, 452, 466-473
app\ai\ijepa_3d\geometry_head.py                          56     42    25%   50-65, 69-73, 84-94, 124-142, 146-150, 161-169, 195-197, 214-216
app\ai\ijepa_3d\ijepa_encoder.py                         122     98    20%   48-54, 67-71, 96-104, 114-130, 159-163, 179-181, 224-250, 254-256, 261-267, 274-277, 284-290, 307-331, 346-358, 372-379
app\ai\ijepa_3d\inference.py                              99     99     0%   11-293
app\ai\ijepa_3d\losses.py                                 66     46    30%   57-61, 74-75, 86-92, 108, 124-141, 153-154, 170-171, 187-189, 209-219, 238-247, 273-306
app\ai\ijepa_3d\masking.py                                56     45    20%   41-52, 71-83, 101-111, 123-137, 153-161, 179-180, 195-202
app\ai\ijepa_3d\model.py                                 108     81    25%   66-114, 128-130, 143, 158, 188-282, 301-303, 310-330, 336-338, 345-358, 372-401
app\ai\ijepa_3d\predictor.py                              46     39    15%   56-86, 90-96, 112-130, 148-156
app\ai\ijepa_3d\resnet_backbone.py                        82     67    18%   42-54, 64-79, 111-130, 148-163, 167-174, 187-209, 220-234
app\ai\ijepa_3d\trainer.py                               196    170    13%   72-109, 113-123, 137-138, 152, 165-169, 191-271, 284-320, 348-381, 403-485, 503-537, 553-569, 579-588, 592-595
app\ai\ijepa_3d\view_fusion.py                            40     30    25%   47-55, 77-84, 125-152, 172-193, 213-214
app\ai\jepa_world_model\action.py                         61      8    87%   70, 156, 166-173, 177, 185
app\ai\jepa_world_model\config.py                         28      1    96%   96
app\ai\jepa_world_model\planner.py                       140    103    26%   91-100, 121-129, 144-157, 173-179, 190-205, 221-236, 257-331, 356-370, 394-405, 447-473
app\ai\jepa_world_model\predictor.py                      81     62    23%   60-104, 108-112, 132-162, 182-188, 211-229, 249-250
app\ai\jepa_world_model\state.py                          62     11    82%   57, 59, 95-96, 118, 133-146, 184
app\ai\jepa_world_model\trainer.py                       154    130    16%   46-63, 88-120, 140-152, 170-197, 212-233, 251-291, 308-397, 415-441, 460-477
app\ai\llm_client.py                                     106    106     0%   3-271
app\ai\lnn\config\config_manager.py                      332     33    90%   20-21, 244, 270-273, 331, 336, 345, 370, 400, 415-416, 478, 480, 513, 522-531, 555-560, 581, 585-588, 592, 607, 611, 623, 641, 682, 700
app\ai\lnn\core.py                                        89      2    98%   259, 312
app\ai\lnn\engine.py                                     282    230    18%   68-70, 74-76, 97-130, 135-201, 226-264, 282-296, 315-340, 357-371, 379-390, 398-433, 441, 448, 457-529, 536-560, 572-615, 624-636, 640-645, 649-662, 666-673, 677, 704-705
app\ai\lnn\fusion.py                                     183    154    16%   55-58, 75-149, 153-171, 181-206, 218-232, 246-281, 293-305, 317-349, 358-369, 381-384, 404-431, 439-451, 455, 481-487
app\ai\lnn\inference\batch_inference.py                   84     68    19%   46-65, 82-90, 96-114, 120-143, 147-153, 176-190, 194-214, 224
app\ai\lnn\inference\model_cache.py                       85     65    24%   34-44, 56-74, 88-109, 124-132, 141-151, 168-186, 208-209, 213-214, 218-219, 240-244, 250-252
app\ai\lnn\inference\predictor.py                        332    273    18%   20-21, 26, 41-42, 58-61, 71-74, 120-155, 159-165, 177-182, 195-197, 200-207, 224-309, 331-336, 340-387, 404-405, 408-416, 419-449, 477-483, 487-507, 511-513, 517-518, 522-535, 545-583, 600-627, 637-687, 700-708
app\ai\lnn\inference\registry.py                         265    189    29%   47, 52-54, 59-61, 78, 82, 86, 90, 94, 100, 112, 194-199, 203-210, 217-226, 229-231, 234-238, 247-287, 291-294, 299-328, 365-370, 380-399, 402-421, 426, 429-454, 457-468, 471-482, 485-506, 509-511, 514-515, 518-522, 532-549, 552-557, 572-589, 599-626, 629-630, 633-637, 649-651, 656-669
app\ai\lnn\models\base_lnn.py                            206    158    23%   93, 106, 119, 131-133, 148-161, 173-184, 230-319, 322-326, 342-353, 357, 379, 393, 412-436, 440-450, 454-469, 473-488, 492-497, 501, 518, 533-537, 552-559
app\ai\lnn\models\cfc_model.py                           160    123    23%   119-141, 153, 157, 161-162, 167-176, 200-237, 251-302, 306-319, 332-334, 338-348, 360-411
app\ai\lnn\models\hybrid_lnn.py                          207    151    27%   160-185, 197-220, 233-246, 250-253, 269-277, 289-298, 302, 317-325, 329, 333-334, 338-346, 370-415, 429-480, 484-504, 508-510, 514-526
app\ai\lnn\models\ltc_model.py                           204    155    24%   144-159, 163-170, 174-191, 204-223, 232-246, 258-273, 285, 298-311, 315, 319, 343-377, 387-400, 404-416, 420-422, 426-427, 431-442, 454-512
app\ai\lnn\models\parameter_models.py                     36      2    94%   56, 63
app\ai\lnn\models\torch_base_lnn.py                       51     20    61%   74, 84, 103-106, 126, 139, 151-154, 163-166, 178, 183, 188, 191-192
app\ai\lnn\models\torch_cfc_model.py                      70     51    27%   54-66, 70-73, 89-95, 118-138, 143, 148, 152-153, 172-199, 211, 215
app\ai\lnn\models\torch_hybrid_lnn.py                     82     64    22%   65-103, 108, 113, 125-148, 152, 169-179, 204-250, 262, 271
app\ai\lnn\models\torch_ltc_model.py                      78     59    24%   57-67, 71-73, 87-94, 116-134, 139, 144, 163-193, 202-209, 221, 230
app\ai\lnn\postprocessing.py                              76     59    22%   35-36, 61-84, 107-118, 130-145, 165-189, 194-195, 208, 220-227, 231-246, 258
app\ai\lnn\preprocessing.py                              148     67    55%   105, 149-173, 206-219, 237-240, 252-262, 275-282, 298-308, 323-336
app\ai\lnn\quantization\__init__.py                        2      2     0%   8-15
app\ai\lnn\quantization\quantizer.py                     227    227     0%   15-471
app\ai\lnn\router\task_router.py                         226    191    15%   143-151, 157-194, 205-211, 220-238, 252-277, 378-383, 395-448, 460-509, 524-572, 589-600, 605-617, 637-644, 667-684, 699-708, 712-726, 730-744, 748-761, 769
app\ai\lnn\rule_converter.py                             123     17    86%   34, 84, 94-95, 103, 123, 130-148, 230-231, 273-275
app\ai\lnn\tests\benchmark_lnn.py                        188    188     0%   12-372
app\ai\lnn\tests\test_gpu_training.py                    318    318     0%   12-614
app\ai\lnn\tests\test_lnn_inference.py                   496    496     0%   13-801
app\ai\lnn\tests\test_lnn_models_unit.py                 456    456     0%   13-696
app\ai\lnn\tests\test_lnn_system.py                      389    389     0%   7-741
app\ai\lnn\tests\test_quantization.py                    250    250     0%   14-442
app\ai\lnn\tests\test_task_router.py                     285    285     0%   12-558
app\ai\lnn\tests\test_torch_lnn_models.py                350    350     0%   7-513
app\ai\lnn\training\bosch_dataset.py                     265    216    18%   34-36, 77-85, 98-120, 132-137, 156-183, 208-278, 296-331, 346-373, 390-410, 414-428, 432-461, 465-477, 489-493, 497, 506-521, 525-528, 557-612
app\ai\lnn\training\dataset.py                           318    231    27%   67, 78-89, 93-94, 175, 182-188, 195-206, 218-225, 229-237, 241-250, 254-255, 259-263, 281-319, 336-363, 377-379, 418-446, 464-478, 482-484, 493-542, 546-547, 551-552, 556-566, 570-595, 599-601, 605-609, 632-686, 704-705, 719-720, 736-737, 753-763, 781-786
app\ai\lnn\training\dataset_cache.py                     321     71    78%   132-135, 143-147, 151-152, 211-212, 220-224, 227-231, 235-237, 372-373, 375-377, 407-409, 474, 518-525, 533-535, 557-558, 569-570, 574-585, 604-607, 612-615, 653-656, 725-726, 742-743
app\ai\lnn\training\device_manager.py                    105     90    14%   58-65, 68, 90-131, 141-170, 183-241, 255-268, 278-289, 299-302, 315-323
app\ai\lnn\training\evaluator.py                         312    268    14%   50-53, 72-126, 147-152, 173-194, 213-230, 235, 240, 245-248, 260-266, 271, 285-309, 325-349, 365-370, 393-415, 436-441, 456-484, 497-513, 521-526, 532-542, 550-552, 562-606, 610-619, 623, 638-707
app\ai\lnn\training\example_usage.py                      26     26     0%   7-111
app\ai\lnn\training\trainer.py                           310    280    10%   94-138, 142-154, 158-173, 181-204, 208-219, 231-315, 327-389, 408-529, 534-540, 544-550, 553, 560-561, 577-603, 615-638, 653-671, 675-703
app\ai\lnn\workflow\workflow_orchestrator.py             295     36    88%   34-35, 212, 329-330, 371, 433, 492, 550-558, 568, 581, 597-606, 631, 645-647, 662-665, 678, 702, 706, 774, 776, 778
app\ai\ollama_routes.py                                   37     37     0%   3-81
app\ai\parameter_agent_lnn.py                            176    170     3%   15-526
app\ai\process_understanding\engine.py                   221    159    28%   142-148, 152-154, 158-160, 164-166, 170-172, 175-185, 198-234, 245-260, 272-288, 314-341, 363-389, 410-434, 452, 483-485, 511-527, 535-544, 549-590, 595-622, 627-638, 642, 661, 671-674
app\ai\process_understanding\knowledge_retriever.py      141     37    74%   122-126, 202-221, 240-282
app\ai\process_understanding\prediction_explainer.py     113     50    56%   114-116, 119-129, 145-190, 195-219, 242-250, 277, 279-286, 306, 308, 324
app\ai\process_understanding\routes.py                    65     65     0%   11-183
app\ai\process_understanding\solution_generator.py       118     62    47%   165-168, 171-181, 184-186, 208-270, 275-282, 293-344, 392
app\ai\process_understanding\task_classifier.py          127     55    57%   173-174, 215, 246-251, 254-264, 275-305, 309-325, 335-359, 367
app\ai\unified_embedding\aligner.py                      214     42    80%   86-89, 98, 108, 111, 186, 219-256, 305-309, 446, 459, 467, 469-474, 482-483
app\ai\unified_embedding\encoder.py                      196     82    58%   44, 48, 56, 85-86, 90, 93-95, 140, 148, 155-156, 165-168, 193, 201, 208-212, 224-227, 252, 260, 267, 270-272, 315, 321, 332-356, 365-400, 403
app\ai\unified_embedding\interfaces.py                   448     31    93%   145, 161, 215, 230, 263, 365, 428, 458-464, 503-508, 524, 541, 559-565, 588, 601, 655, 675
app\ai\unified_embedding\retriever.py                    162     32    80%   45, 70, 95, 102, 108, 154, 167, 191, 209, 271-291, 325, 334-335, 340, 349, 354
app\ai\unified_embedding\space.py                        273     19    93%   54, 63, 66-67, 78, 172-174, 258-264, 447, 462, 483, 488
app\ai\vjepa_machining\action_predictor.py                62     50    19%   27-29, 40, 58-70, 86-97, 125-147, 150-156, 174-189
app\ai\vjepa_machining\alert_module.py                    74     74     0%   21-214
app\ai\vjepa_machining\anomaly_head.py                   105     77    27%   44-48, 75-87, 111-127, 146-161, 177-180, 201-208, 221-230, 249-260, 271-272, 298-305, 328-339, 359-387, 400-420
app\ai\vjepa_machining\config.py                          67      6    91%   171, 176, 181, 186, 191, 196
app\ai\vjepa_machining\dataset.py                        153    127    17%   43-45, 56-67, 71-72, 75-77, 89-96, 157-233, 236, 247-275, 278-312, 329, 340-389
app\ai\vjepa_machining\feature_engineering.py             73     54    26%   30-71, 82, 95, 106, 117, 128-139, 158-176, 192-203, 215-222, 244-259, 286-303, 324-325
app\ai\vjepa_machining\inference.py                      140    140     0%   16-334
app\ai\vjepa_machining\losses.py                          67     51    24%   29-30, 47-48, 62-63, 80-104, 120-124, 145-163, 176-178, 203-218
app\ai\vjepa_machining\masking_3d.py                      70     58    17%   43-56, 76-83, 103-110, 130-140, 160-161, 181-202, 221-229, 247-254
app\ai\vjepa_machining\model.py                          118     91    23%   58-120, 127-131, 145, 156, 174, 194-230, 260-284, 320-367, 386-413, 421-425, 429-431, 435-445, 449
app\ai\vjepa_machining\spatiotemporal_vit.py             111     87    22%   46-54, 69-72, 90-97, 100-112, 129-133, 142-144, 178-199, 202-204, 208-214, 218-220, 225-228, 241-252, 264-270, 281-285
app\ai\vjepa_machining\trainer.py                        188    159    15%   39-44, 47-51, 54-59, 84-111, 114-121, 124, 131, 140-150, 153-224, 228-266, 272-323, 326-336, 339-344, 347-350
app\api\__init__.py                                        1      1     0%   1
app\api\v1\__init__.py                                     1      1     0%   1
app\api\v1\agent_gateway.py                              208    208     0%   3-499
app\api\v1\agent_state.py                                150    150     0%   13-323
app\api\v1\auth.py                                       145      6    96%   104, 186-187, 245, 250, 289
app\api\v1\cost_budget.py                                164    164     0%   7-303
app\api\v1\goal_alignment.py                             200    200     0%   8-371
app\api\v1\governance.py                                 173    173     0%   7-342
app\api\v1\health.py                                     105    105     0%   3-266
app\api\v1\heartbeat.py                                  133    133     0%   8-296
app\api\v1\jobs.py                                        84     84     0%   8-183
app\api\v1\lnn.py                                        878    878     0%   1-2031
app\api\v1\pattern_engine_routes.py                       51     51     0%   3-98
app\api\v1\plugins.py                                    164    164     0%   1-277
app\api\v1\skills.py                                     260    260     0%   8-445
app\api\v1\sse.py                                        109      5    95%   85-86, 89, 97, 185
app\api\v1\task_checkout.py                              156    156     0%   8-352
app\api\v1\template_ab_testing_routes.py                  66     66     0%   3-117
app\api\v1\template_branching_routes.py                   67     67     0%   3-103
app\api\v1\template_evolution_routes.py                   50     50     0%   3-90
app\api\v1\template_market.py                            104    104     0%   3-231
app\api\v1\template_update_routes.py                      47     47     0%   3-85
app\api\v1\user_sovereignty.py                           134    134     0%   1-454
app\api\v1\users.py                                       45     45     0%   1-101
app\api\v1\wear_prediction.py                            116    116     0%   1-231
app\benchmarks\datasets.py                                56      4    93%   32, 52, 86-87
app\benchmarks\metrics.py                                 61      2    97%   96-97
app\benchmarks\models\mlp_baseline.py                     38      6    84%   56, 67-72
app\benchmarks\models\rf_baseline.py                      32      6    81%   49, 57-62
app\benchmarks\models\svm_baseline.py                     33      6    82%   48, 54-59
app\benchmarks\models\xgboost_baseline.py                 42      7    83%   69-70, 75-80
app\benchmarks\performance\drawing_parse_bench.py         57      3    95%   96-98
app\benchmarks\performance\lnn_inference_bench.py        134     54    60%   22-24, 46-54, 69-87, 150-173, 188-190, 194-196, 200-202, 206-208, 212-214
app\benchmarks\performance\nc_generation_bench.py         81      4    95%   114, 141-143
app\benchmarks\performance\run_perf_benchmark.py         180     59    67%   93-97, 111, 116, 160-162, 168-232, 250-251, 324-326, 330
app\benchmarks\performance\thresholds.py                  30      2    93%   83-84
app\benchmarks\run_benchmark.py                          221    221     0%   10-585
app\cad\cadquery_gen.py                                  191    129    32%   57-58, 69-70, 75, 88, 109-134, 140-176, 180-194, 203-215, 221-224, 231-246, 254-257, 272-280, 284-291, 301-328, 340, 346, 355-399
app\cad\process_router.py                                 10     10     0%   3-20
app\config.py                                            200      4    98%   88, 104-105, 148
app\core\approval_workflow.py                            257    257     0%   12-854
app\core\audit_log.py                                    188     40    79%   87, 141-142, 170, 176, 182, 184, 186, 188, 193-196, 205, 207, 214-218, 241-275, 290, 324-336, 347-348
app\core\budget.py                                       240    173    28%   36, 61, 84, 97-104, 107-115, 118-127, 130-137, 140-141, 144-145, 148-149, 152-165, 168-177, 190-204, 208-244, 248-292, 296-314, 335-422, 434-457, 469-479, 490-500, 504-505, 515-532, 538-552, 556-558, 561-564, 573-575, 581-582
app\core\budget_enforcer.py                              383     98    74%   60-62, 150-151, 231-238, 259-265, 299, 322-324, 337-338, 380, 403, 433-434, 487-503, 516, 563-606, 610, 619-626, 641-673, 730-733, 748-749, 751, 766-769, 772-773, 776-777, 780, 798-799, 803-804, 838-841, 858-859, 938, 990, 1035, 1085-1087, 1092-1093, 1098-1100, 1105-1106
app\core\capability_gating.py                            132    132     0%   1-277
app\core\cors_config.py                                  103      8    92%   161, 165, 169, 232, 239-240, 265, 285
app\core\cost_tracker.py                                 297     47    84%   71, 99, 135, 166, 184-186, 279, 290-296, 300, 313, 435, 444, 530-531, 533-534, 591-592, 594-595, 625-626, 630-632, 676-677, 679-680, 682-683, 782-787, 796-797, 812-814, 820-821
app\core\error_taxonomy.py                               112     11    90%   437-454
app\core\exception_handlers.py                            57      5    91%   124-126, 137-138
app\core\execution.py                                    335    244    27%   66, 94, 116-123, 129-137, 147-156, 165-172, 178-187, 193-199, 203-209, 213-227, 234-245, 248-264, 268-286, 295-309, 313-320, 335-357, 371-399, 402-403, 410-411, 415-417, 421, 440-463, 477-500, 511-527, 537-556, 576-580, 592-707, 721-773, 781-786, 792-799, 808-846, 857-870, 874, 883-885, 891-892
app\core\execution_lock.py                               195     13    93%   187, 192-200, 231, 370-371, 412-414, 421-422
app\core\goal_alignment.py                                99      9    91%   52, 56, 104, 111-115, 125
app\core\goal_chain_store.py                             157     11    93%   32, 146, 166, 188, 235, 243, 372-374, 379-380
app\core\heartbeat.py                                    298    218    27%   54-56, 60-62, 84-120, 125-148, 164-171, 184-195, 199-250, 263-297, 311-331, 345-363, 367-381, 385-392, 396, 401-414, 419-423, 444-458, 462-468, 474-500, 504-506, 527-538, 542, 546-552, 556-566, 570-579, 583-592, 600-640, 646, 662, 666, 670, 674-678, 687-689, 697-701
app\core\input_validator.py                              115      4    97%   44, 159-161
app\core\log_sanitizer.py                                154      8    95%   160-161, 175, 178, 191, 240, 268, 296
app\core\logging_config.py                               137     90    34%   51-64, 67-68, 71-74, 77-84, 87-89, 92-98, 101-129, 132-142, 145-156, 159-161, 186-196, 208
app\core\middleware\security_headers_asgi.py              21      2    90%   36-37
app\core\middleware\unified_auth.py                      433     52    88%   131-136, 139, 152-154, 196-197, 205-206, 214-215, 446, 592-593, 661-669, 709-716, 721-729, 763, 767, 769, 772, 807-808, 811, 838, 842, 844, 847, 858, 896, 917, 987-995, 1049
app\core\pattern_engine.py                               192    192     0%   3-443
app\core\permissions.py                                  192     64    67%   190-211, 246-258, 266-278, 286-298, 311-336, 345-356
app\core\plugin_system.py                                456    456     0%   1-736
app\core\plugin_worker.py                                179    179     0%   1-290
app\core\rate_limiter.py                                  29     17    41%   32-61
app\core\repository\base.py                               31      6    81%   18, 24, 30, 62, 65, 68
app\core\repository\json_repository.py                   179     17    91%   18, 45, 76, 80, 98-101, 187-188, 213-214, 227-230, 259
app\core\response.py                                      58      2    97%   112, 114
app\core\ring_buffer.py                                  157     67    57%   96-107, 153-156, 175-180, 203-229, 232-236, 244-262
app\core\risk_identifier.py                              208    208     0%   14-477
app\core\security.py                                     123     30    76%   43-45, 62, 72, 97, 105, 115, 136-140, 193-199, 208-213, 218-222
app\core\sidecar_lifecycle.py                            177    177     0%   1-252
app\core\skill_loader.py                                 702    192    73%   114, 149-152, 155, 198-199, 219, 232, 254-278, 282-297, 301-307, 353-354, 418, 438-439, 452-453, 460-462, 465-467, 474-476, 482-483, 503, 521, 529, 639, 697-704, 851-902, 914-930, 936-955, 963-1009, 1069-1071, 1077, 1086-1100, 1149, 1152-1155, 1172, 1213, 1220-1225, 1285, 1349-1350, 1481-1485, 1489-1496, 1508-1559, 1568-1572, 1579, 1590-1591
app\core\skill_marketplace.py                            125    125     0%   1-289
app\core\sqlite_retry.py                                  78     52    33%   26-29, 53-78, 95-98, 101-116, 119-133
app\core\state_persistence.py                            513    225    56%   134-135, 152, 175, 222, 227-234, 243-256, 261-354, 359-414, 422-426, 429-441, 470-471, 474-477, 482-485, 489-500, 535, 547, 558-568, 580, 583-589, 596-606, 609-614, 617-625, 633, 635-639, 654-681, 748-756, 782-808, 818-830, 848, 856-960
app\core\task_checkout.py                                355     25    93%   90, 272-273, 349, 416-417, 464, 473, 492-493, 516, 526-527, 554, 564-565, 611, 673, 823-827, 939-944, 949-953
app\core\task_system.py                                  350    149    57%   75, 113-126, 129-135, 138-139, 142-173, 180-225, 241-255, 296, 299, 411, 422-442, 450-457, 468-482, 498-533, 547, 549, 554-557, 560-564, 567, 577-580, 582, 631, 656
app\core\template_ab_testing.py                          217    217     0%   3-439
app\core\template_branching.py                           160    160     0%   3-349
app\core\template_evolution.py                           164    164     0%   3-459
app\core\template_update_service.py                      123    123     0%   3-271
app\core\utils.py                                        146     39    73%   50, 109-113, 118-122, 125-127, 130-132, 135-136, 148-165, 177-178, 286-287
app\core\worker_process.py                                80     80     0%   14-141
app\core\workspace.py                                    180    131    27%   36-42, 80-88, 102-103, 120-143, 176-199, 215-228, 248-261, 281-308, 321-330, 346-398, 410-417, 427-448, 457-459, 465-466
app\data\pipeline\architecture.py                          1      1     0%   7
app\data\pipeline\config.py                              142     47    67%   133-142, 147-154, 159-184, 189-226, 236-239
app\data\pipeline\datatypes.py                            96      2    98%   179, 189
app\data\pipeline\features.py                            185     62    66%   52-71, 87-103, 111, 172-173, 188-190, 193-202, 222-225, 233-237, 241-250, 261, 281
app\data\pipeline\fusion.py                              129     57    56%   30-32, 36-39, 43-44, 61-95, 103-119, 208-211, 225-236
app\data\pipeline\loader.py                               94     66    30%   31-32, 35-42, 45-47, 50, 65-70, 73, 77-81, 89-108, 111-113, 122-127, 131-140, 144-153, 156
app\data\pipeline\monitoring.py                           86     14    84%   77, 103-104, 122-131, 138-139, 145, 184-188
app\data\pipeline\pipeline.py                            112     11    90%   65-69, 116, 140, 208, 212, 260, 264, 268
app\data\pipeline\preprocessors.py                       287     64    78%   53, 56, 80, 121-133, 145, 153-154, 165-177, 185, 224-236, 289-296, 342-348, 383-394, 487-488, 507, 512, 520, 537-546
app\data\pipeline\sliding_window.py                       78     53    32%   32, 44-45, 48-57, 63-67, 84-97, 114-154, 171-183, 187
app\data\pipeline\validation.py                          115     39    66%   51-53, 56-58, 68, 70-71, 128, 132, 142-158, 217, 222, 225-228, 234-237, 243-244, 250-253
app\data\process_data_manager.py                         168     30    82%   147, 152, 154-157, 202, 207, 224, 226, 236, 258, 260, 280, 291, 299, 307, 315, 323, 334, 345, 359, 373, 384-396, 403
app\data\uniwear_loader.py                               164    164     0%   1-397
app\database\connection.py                                66     30    55%   34-39, 57-71, 80-81, 85-88, 92-105, 110-114
app\database\constraints.py                              215     13    94%   172, 177-179, 305-314, 357-366, 411, 457-458, 466, 483
app\database\machines.py                                  64      9    86%   61, 94, 126-130, 150, 153
app\database\materials.py                                 94     11    88%   27-30, 81, 83, 87, 92, 100, 106, 112
app\database\models.py                                    96     38    60%   115-134, 137, 156, 175, 197, 247-270, 274-287
app\database\repository.py                                40      7    82%   57-59, 76, 82, 85, 88
app\database\rule_db.py                                  365     21    94%   30-32, 154, 161, 164-165, 171, 174-175, 198, 401, 439-440, 450, 452, 473-474, 527, 633, 696
app\database\rule_models.py                               30     30     0%   7-64
app\database\tools.py                                     57      6    89%   40-43, 52, 110
app\dxf\api.py                                           189    189     0%   7-388
app\dxf\dxf_parser.py                                    274     61    78%   253, 263, 271, 276, 289, 320, 348-351, 374-377, 386-404, 417-420, 424-429, 450-451, 480-483, 502-503, 534-535, 548-550, 560-565, 576-584, 591-592, 612-615
app\dxf\dxf_to_model.py                                  111     25    77%   107-108, 116-117, 126-131, 179-180, 228, 241-242, 261-275, 297-298, 319-320
app\dxf\feature_extractor.py                             342    114    67%   104, 206-207, 213-215, 218, 254-260, 267-275, 278, 290, 310-341, 360, 404, 409-410, 413-414, 430, 438, 441, 444-457, 479, 498, 505, 529, 545-585, 617, 620-629
app\dxf\pipeline.py                                      146     32    78%   196-198, 220-230, 259-270, 288-298, 321-322, 343-353, 375, 442-443
app\main.py                                              161    161     0%   3-349
app\models\agent_state.py                                176     17    90%   139, 141, 145, 275-276, 327-333, 342-347
app\models\budget.py                                     118      9    92%   73, 92, 102, 104, 106, 125, 153, 183, 215
app\models\goals.py                                       65      1    98%   124
app\models\governance.py                                 131      6    95%   89, 118, 165, 202, 229, 266
app\models\job_schemas.py                                 40     40     0%   5-58
app\models\tasks.py                                       67      1    99%   108
app\models\user.py                                        84     17    80%   62, 81-88, 97, 114-117, 120-123, 126-127
app\models\validation.py                                 117      1    99%   125
app\postprocessor\base.py                                106     32    70%   44, 46, 56-57, 61-75, 87, 89, 91, 104, 107-109, 120-123, 127, 149, 153, 182
app\postprocessor\config_loader.py                       414    320    23%   82-88, 98-99, 103, 107, 110, 113, 122-130, 133-138, 141-148, 157-164, 175-201, 204-216, 219-243, 249-264, 270-288, 294-322, 325-358, 364-406, 412-424, 431-440, 447-464, 467-491, 498-530, 544-550, 562-575, 587-600, 603, 606, 634-639, 653-658, 663-668, 702-706, 714-744, 765-766, 769, 772, 790-811, 831, 842-843, 855
app\postprocessor\fanuc.py                               124     78    37%   45-60, 69-82, 156-179, 190-220, 235-263, 270-291, 297-302
app\postprocessor\heidenhain.py                          107     58    46%   49-61, 71-77, 163-180, 191-239, 254-288, 295-315, 321-323
app\postprocessor\registry.py                             58     12    79%   142-168, 181-183
app\postprocessor\siemens.py                             109     55    50%   50-60, 159-175, 186-227, 242-274, 281-293, 299-301
app\process_planning\boss_recognizer.py                  199    147    26%   81, 89, 97, 109-113, 122, 145, 170-174, 203, 219-220, 254-402, 420-421, 442-505, 530-592
app\process_planning\cavity_recognizer.py                147    100    32%   66, 74, 82, 90-92, 101, 119, 146-150, 179, 195-196, 230-350, 371-372, 383-389, 412-450
app\process_planning\datum_selector.py                   134     30    78%   151, 155, 203-206, 212-214, 247-265, 283-293, 313, 319, 323, 335, 337
app\process_planning\feature_dependency.py               139     12    91%   229-230, 248-249, 253, 296, 334-338, 349
app\process_planning\fixture_analyzer.py                 107      7    93%   173-174, 176-177, 234-235, 240
app\process_planning\gcode_generator.py                  193    153    21%   64, 80, 149, 152-153, 165-267, 319-372, 409-475, 496-536, 540
app\process_planning\hole_recognizer.py                  186     68    63%   91, 153, 155, 227-228, 286, 306-308, 323-331, 341, 361-362, 366-367, 371-374, 381, 405-407, 454, 461, 472-479, 482-503, 556-608
app\process_planning\operation_sequencer.py              176     25    86%   235, 246-257, 262, 265, 276, 286, 299, 301, 312, 314, 316, 337, 339, 341, 355
app\process_planning\pipeline.py                         235    103    56%   118, 166-168, 211-213, 237-242, 254-265, 283-287, 320-329, 363, 388-430, 446-449, 452-455, 458-461, 465, 471, 476, 528-534, 550-556, 572-578, 606-640
app\process_planning\plane_recognizer.py                 194    145    25%   70, 78, 86, 94, 103, 119, 170, 186-187, 219-377, 398-399, 410-416, 427-435, 450-468, 492-542
app\process_planning\tool_param_matcher.py               130     12    91%   183, 185, 194, 321-322, 342-343, 410, 412, 422, 528-529
app\projects\project_api.py                              146     98    33%   96-113, 137-192, 207-233, 251-281, 294-304, 320-332, 348-353, 376-396
app\projects\project_store.py                            201     31    85%   313, 318-319, 350, 358, 369-372, 379-382, 474-491, 551-552, 568
app\rag\document_importer.py                             124    124     0%   7-243
app\rag\embeddings.py                                     81     38    53%   39, 42, 46-50, 61-67, 73, 75-77, 80-106, 110-111
app\rag\evaluation.py                                    178    178     0%   6-547
app\rag\knowledge_base.py                                190    134    29%   32-46, 49-64, 67-75, 78, 81-87, 105-117, 123-143, 146-157, 160, 163-169, 176-178, 181-183, 186, 189-246, 249-292, 295, 308-309, 315, 318, 321, 324, 327, 330, 340, 343, 346
app\rag\rag_retrieval.py                                 153    153     0%   10-413
app\rag\reranker.py                                       32     32     0%   6-85
app\rag\routes.py                                        149    149     0%   3-210
app\rag\uniwear_knowledge_builder.py                     306    306     0%   1-494
app\rag\vector_store.py                                  129     94    27%   37, 40-46, 51-58, 71-88, 96-103, 111-120, 123-132, 135-136, 141-157, 161-173, 176-187, 190-202, 205-213
app\rules\api.py                                         259     37    86%   97, 101, 104, 107, 109, 111, 169-170, 194, 204, 274, 307, 310, 315-317, 324, 332, 341, 362, 388, 402, 418, 431-432, 442, 453-455, 471-473, 482-484, 517-518
app\rules\conflict_detector.py                           116      4    97%   69, 81, 108, 215
app\rules\safety_constraint_rules.py                     355     37    90%   54-55, 104, 130, 152-156, 171, 256, 270, 273, 276, 282, 308, 315, 352, 359, 416, 435, 444-445, 447, 475, 521, 604, 606, 608, 611-613, 655, 659-660, 662-664
app\services\experience_store.py                         215     53    75%   68-101, 135-136, 146-161, 167-168, 281-282, 333-342, 348-447
app\services\model_registry_service.py                    74     74     0%   13-157
app\services\redis_client.py                             135     94    30%   38-42, 46, 53-72, 77-83, 87, 94-101, 105-120, 124-133, 140-146, 150-158, 162-170, 174-186
app\services\tool_wear_predictor.py                      439    439     0%   1-1159
app\services\validation_calibrator.py                    239    239     0%   3-559
app\simulation\api.py                                    221    221     0%   19-779
app\simulation\collision_detector.py                      87      9    90%   187, 247, 284, 325-330
app\simulation\stock_model.py                             61      5    92%   99, 264-267
app\simulation\test_server.py                             17     17     0%   14-66
app\simulation\toolpath_parser.py                        150     19    87%   82, 91, 172, 208-209, 249, 251, 253, 255, 259, 268, 273, 278, 281, 283, 285, 297, 308-314
app\simulation\toolpath_visualizer.py                     91      1    99%   203
app\simulation\voxel_cutter.py                           570    235    59%   33-34, 40-41, 87-88, 104-132, 154-155, 171-200, 269, 273, 277, 281, 285, 291, 304-307, 377-392, 410, 512-586, 601-634, 733-795, 861-862, 869-875, 951-952, 1021-1030, 1052-1091, 1119-1120, 1155, 1165, 1177, 1186-1187, 1201, 1275-1276, 1280, 1312-1313, 1327, 1335-1344, 1356-1385, 1406-1407
app\step_import\api.py                                   186     43    77%   61, 75, 109-112, 259-263, 290-299, 322, 325, 328, 332, 357, 363, 452-456, 473-492
app\step_import\step_cache.py                            124     16    87%   33, 37, 95, 155, 163, 180-193
app\step_import\step_converter.py                        148     28    81%   35, 39-41, 104, 156-168, 181-183, 188-190, 228-229, 239-240, 312-313, 331-333, 347, 351
app\step_import\step_parser.py                           223     56    75%   96, 98-103, 140-141, 199-200, 204-205, 209-210, 215-216, 221-222, 227-228, 233-234, 239-240, 246-248, 269-270, 282-283, 288-289, 293-294, 298-299, 328-329, 338-339, 343-344, 348-349, 353-354, 358-359, 382, 385, 388, 392, 396, 399
app\validation\benchmark_dataset.py                      133     10    92%   188, 214, 220, 226, 228, 234, 250-251, 277, 280
app\validation\geometric_validator.py                    196      3    98%   580, 592-593
app\validation\metrics.py                                134      1    99%   239
app\version.py                                            26     26     0%   8-53
------------------------------------------------------------------------------------
TOTAL                                                  42350  24439    42%

47 files skipped due to complete coverage.
Coverage HTML written to dir coverage-reports/html
Coverage JSON written to file coverage-reports/coverage.json

============================ slowest 10 durations =============================
247.38s call     python/tests/test_pipeline_performance.py::TestFullPipelinePerformance::test_full_pipeline_latency
146.74s call     python/tests/test_data_pipeline_integrity.py::TestFullPipelineIntegrity::test_100_samples_integrity
43.75s call     python/tests/process_understanding/test_knowledge_retrieval.py::TestKnowledgeRetriever::test_different_task_types
21.89s call     python/tests/test_voxel_simulation.py::TestVoxelCutter::test_fallback_result_without_trimesh
17.70s call     python/tests/integration/test_resource_usage.py::TestMemoryLeakDetection::test_no_memory_leak_in_repeated_operations
17.06s call     python/tests/integration/test_resource_usage.py::TestResourceUsage::test_resource_stability_and_no_growth
8.75s call     python/tests/test_pipeline_performance.py::TestMemoryUsage::test_result_size_bounded
8.58s call     python/tests/test_voxel_simulation.py::TestVoxelCutter::test_trimesh_collision_overcut
8.37s call     python/tests/process_understanding/test_knowledge_retrieval.py::TestKnowledgeRetriever::test_retrieval_has_results
8.08s call     python/tests/process_understanding/test_knowledge_retrieval.py::TestKnowledgeRetriever::test_latency_tracking
=========================== short test summary info ===========================
FAILED tests\api\test_auth_endpoints.py::TestRegisterValueErrorFallback::test_register_value_error_returns_409
FAILED tests\ijepa_3d\test_occlusion_robustness.py::TestOcclusionRobustness::test_occlusion_generation
FAILED tests\ijepa_3d\test_occlusion_robustness.py::TestOcclusionRobustness::test_occlusion_application
FAILED tests\integration\test_machining_workflow.py::TestPostprocessorCrossController::test_header_has_date
FAILED tests\lnn\test_lnn_benchmark.py::TestLNNBenchmark::test_cfc_benchmark
FAILED tests\lnn\test_lnn_benchmark.py::TestLNNBenchmark::test_ltc_benchmark
FAILED tests\lnn\test_lnn_benchmark.py::TestLNNBenchmark::test_hybrid_lnn_benchmark
FAILED tests\lnn\test_lnn_convergence.py::TestLNNConvergence::test_cfc_convergence
FAILED tests\lnn\test_lnn_convergence.py::TestLNNConvergence::test_ltc_convergence
FAILED tests\lnn\test_lnn_convergence.py::TestLNNConvergence::test_hybrid_lnn_convergence
FAILED tests\lnn\test_lnn_cross_validation.py::TestLNNCrossValidation::test_cfc_cross_validation
FAILED tests\lnn\test_lnn_cross_validation.py::TestLNNCrossValidation::test_ltc_cross_validation
FAILED tests\lnn\test_lnn_cross_validation.py::TestLNNCrossValidation::test_hybrid_cross_validation
FAILED tests\lnn\test_prediction_distribution.py::TestPredictionDistribution::test_cfc_prediction_correlation
FAILED tests\lnn\test_prediction_distribution.py::TestPredictionDistribution::test_ltc_prediction_correlation
FAILED tests\lnn\test_prediction_distribution.py::TestPredictionDistribution::test_hybrid_prediction_correlation
FAILED tests\lnn\test_residual_analysis.py::TestResidualAnalysis::test_cfc_residual_analysis
FAILED tests\lnn\test_residual_analysis.py::TestResidualAnalysis::test_ltc_residual_analysis
FAILED tests\lnn\test_residual_analysis.py::TestResidualAnalysis::test_hybrid_residual_analysis
FAILED tests\regression\test_gcode_baseline.py::TestRegressionBaselines::test_heidenhain_contour_regression
FAILED tests\regression\test_gcode_baseline.py::TestRegressionBaselines::test_siemens_contour_regression
FAILED tests\regression\test_gcode_baseline.py::TestParameterSensitivity::test_default_safe_z_baseline_match
FAILED tests\regression\test_gcode_baseline.py::TestParameterSensitivity::test_safe_z_sensitivity_detection
FAILED tests\regression\test_gcode_baseline.py::TestParameterSensitivity::test_feed_rate_sensitivity_detection
FAILED tests\regression\test_gcode_baseline.py::TestParameterSensitivity::test_decimal_places_sensitivity_detection
FAILED tests\test_alignment_loss.py::TestAlignmentLossFunction::test_basic_output_is_scalar
FAILED tests\test_alignment_loss.py::TestAlignmentLossFunction::test_perfect_alignment_low_loss
FAILED tests\test_alignment_loss.py::TestAlignmentLossFunction::test_random_alignment_high_loss
FAILED tests\test_alignment_loss.py::TestAlignmentLossFunction::test_loss_decreases_with_better_alignment
FAILED tests\test_alignment_loss.py::TestAlignmentLossFunction::test_larger_batch_lower_loss_variance
FAILED tests\test_alignment_loss.py::TestAlignmentLossFunction::test_temperature_effect
FAILED tests\test_alignment_loss.py::TestAlignmentLossFunction::test_in_batch_negative_strategy
FAILED tests\test_alignment_loss.py::TestAlignmentLossFunction::test_random_negative_strategy
FAILED tests\test_alignment_loss.py::TestAlignmentLossFunction::test_hard_negative_strategy
FAILED tests\test_alignment_loss.py::TestAlignmentLossFunction::test_invalid_strategy_raises
FAILED tests\test_alignment_loss.py::TestAlignmentLossFunction::test_mismatched_batch_size_raises
FAILED tests\test_alignment_loss.py::TestAlignmentLossFunction::test_small_batch_in_batch_raises
FAILED tests\test_alignment_loss.py::TestAlignmentLossFunction::test_random_strategy_without_neg_samples_raises
FAILED tests\test_alignment_loss.py::TestAlignmentLossFunction::test_sum_reduction
FAILED tests\test_alignment_loss.py::TestAlignmentLossFunction::test_gradient_flow
FAILED tests\test_alignment_loss.py::TestAlignmentLossConvergence::test_loss_converges_below_threshold
FAILED tests\test_alignment_loss.py::TestAlignmentLossConvergence::test_loss_stability
FAILED tests\test_alignment_loss.py::TestAlignmentLossTracker::test_stability_metric
FAILED tests\test_alignment_loss.py::TestAlignmentLossTracker::test_summary_format
FAILED tests\test_async_task_system.py::TestAsyncTaskManagerExecution::test_execute_task_success
FAILED tests\test_async_task_system.py::TestAsyncTaskManagerExecution::test_execute_task_failure
FAILED tests\test_async_task_system.py::TestAsyncTaskManagerExecution::test_execute_task_cancellation
FAILED tests\test_async_task_system.py::TestAsyncTaskManagerCancellation::test_cancel_task_running
FAILED tests\test_async_task_system.py::TestAsyncTaskManagerCancellation::test_cancel_task_completed_returns_false
FAILED tests\test_async_task_system.py::TestAsyncTaskManagerRetrieval::test_list_tasks_filter_by_status
FAILED tests\test_async_task_system.py::TestAsyncTaskManagerStats::test_get_stats_with_completed_tasks
FAILED tests\test_attention_visualization.py::TestAttentionBase::test_initialization
FAILED tests\test_attention_visualization.py::TestAttentionBase::test_forward_output_shape
FAILED tests\test_attention_visualization.py::TestAttentionBase::test_forward_single_element_sequence
FAILED tests\test_attention_visualization.py::TestAttentionBase::test_2d_input_auto_expand
FAILED tests\test_attention_visualization.py::TestAttentionBase::test_cross_dimension_projection
FAILED tests\test_attention_visualization.py::TestAttentionBase::test_attention_weights_sum_to_one
FAILED tests\test_attention_visualization.py::TestAttentionBase::test_input_type_validation
FAILED tests\test_attention_visualization.py::TestAttentionBase::test_input_dimension_validation
FAILED tests\test_attention_visualization.py::TestAttentionBase::test_no_attention_return
FAILED tests\test_attention_visualization.py::TestAttentionBase::test_with_attention_mask
FAILED tests\test_attention_visualization.py::TestAttentionBase::test_get_heatmap
FAILED tests\test_attention_visualization.py::TestAttentionBase::test_get_heatmap_invalid_aggregation
FAILED tests\test_attention_visualization.py::TestAttentionBase::test_parameter_count_under_5m
FAILED tests\test_data_pipeline_integrity.py::TestFullPipelineIntegrity::test_full_pipeline_all_modalities
FAILED tests\test_data_pipeline_integrity.py::TestFullPipelineIntegrity::test_100_samples_integrity
FAILED tests\test_database.py::TestMaterialDatabase::test_material_entry_get_doc
FAILED tests\test_error_taxonomy.py::TestResponseIntegration::test_manufacturing_error_response
FAILED tests\test_error_taxonomy.py::TestResponseIntegration::test_critical_error_response
FAILED tests\test_error_taxonomy.py::TestEdgeCases::test_all_categories_to_response
FAILED tests\test_heartbeat_system.py::test_1_heartbeat_scheduling - Failed: ...
FAILED tests\test_heartbeat_system.py::test_2_gpu_budget_control - Failed: as...
FAILED tests\test_heartbeat_system.py::test_3_process_exception_handling - Fa...
FAILED tests\test_heartbeat_system.py::test_4_orphaned_task_recovery - Failed...
FAILED tests\test_heartbeat_system.py::test_5_cost_record_validation - Failed...
FAILED tests\test_heartbeat_system.py::test_6_task_concurrent_control - Faile...
FAILED tests\test_heartbeat_system.py::test_7_agent_pause - Failed: async def...
FAILED tests\test_heartbeat_system.py::test_8_agent_resume - Failed: async de...
FAILED tests\test_json_repository.py::TestJsonRepositoryCreate::test_create_duplicate_id_raises
FAILED tests\test_log_sanitizer.py::TestLogSanitizerApiKeys::test_sanitize_bearer_token
FAILED tests\test_log_sanitizer.py::TestLogSanitizerUserInput::test_sanitize_long_user_input_truncation
FAILED tests\test_log_sanitizer.py::TestLogSanitizerEdgeCases::test_sanitize_special_characters_in_keys
FAILED tests\test_logging_config.py::TestConfigureLogging::test_handler_has_request_id_filter
FAILED tests\test_logging_config.py::TestLogFormat::test_log_format_structure
FAILED tests\test_logging_config.py::TestLogFormat::test_iso8601_timestamp_format
FAILED tests\test_logging_config.py::TestLogFormat::test_log_level_differentiation[10-DEBUG]
FAILED tests\test_logging_config.py::TestLogFormat::test_log_level_differentiation[20-INFO]
FAILED tests\test_logging_config.py::TestLogFormat::test_log_level_differentiation[30-WARNING]
FAILED tests\test_logging_config.py::TestLogFormat::test_log_level_differentiation[40-ERROR]
FAILED tests\test_logging_config.py::TestLogFormat::test_log_level_differentiation[50-CRITICAL]
FAILED tests\test_logging_config.py::TestLogFormat::test_request_id_in_log_when_set
FAILED tests\test_logging_config.py::TestLogFormat::test_unknown_request_id_when_not_set
FAILED tests\test_model_benchmark.py::TestModelBenchmark::test_cfc_model_benchmark
FAILED tests\test_model_benchmark.py::TestModelBenchmark::test_ltc_model_benchmark
FAILED tests\test_model_benchmark.py::TestModelBenchmark::test_hybrid_lnn_model_benchmark
FAILED tests\test_model_benchmark.py::TestModelBenchmark::test_generate_benchmark_report
FAILED tests\test_model_benchmark.py::TestBenchmarkConsistency::test_evaluation_determinism
FAILED tests\test_perf_benchmark.py::TestLNNPerfBenchmark::test_save_results
FAILED tests\test_perf_benchmark.py::TestPerformanceBenchmarkRunner::test_runner_run_all
FAILED tests\test_perf_benchmark.py::TestPerformanceBenchmarkRunner::test_runner_produces_report_file
FAILED tests\test_perf_benchmark.py::TestPerformanceBenchmarkRunner::test_regression_matches_artificial_degradation
FAILED tests\test_permissions.py::TestRateLimitState::test_requests_cleaned_on_check
FAILED tests\test_permissions.py::TestPermissionChecker::test_read_endpoints_require_r_permission
FAILED tests\test_permissions.py::TestPermissionCheckerEdgeCases::test_permission_level_case_sensitivity
FAILED tests\test_pipeline_performance.py::TestFullPipelinePerformance::test_full_pipeline_latency
FAILED tests\test_pipeline_performance.py::TestScalability::test_increasing_modalities
FAILED tests\test_postprocessor.py::TestBasePostProcessor::test_fmt_method - ...
FAILED tests\test_postprocessor.py::TestFanucPostProcessor::test_header_not_empty
FAILED tests\test_postprocessor.py::TestFanucPostProcessor::test_tool_change_contains_tool_id
FAILED tests\test_postprocessor.py::TestFanucPostProcessor::test_decimal_places_respected
FAILED tests\test_postprocessor.py::TestFanucPostProcessor::test_header_contains_fanuc_patterns
FAILED tests\test_postprocessor.py::TestFanucPostProcessor::test_tool_change_uses_g43_h
FAILED tests\test_postprocessor.py::TestFanucPostProcessor::test_drill_uses_g73_or_g83
FAILED tests\test_postprocessor.py::TestSiemensPostProcessor::test_header_not_empty
FAILED tests\test_postprocessor.py::TestSiemensPostProcessor::test_decimal_places_respected
FAILED tests\test_postprocessor.py::TestSiemensPostProcessor::test_header_contains_siemens_patterns
FAILED tests\test_postprocessor.py::TestSiemensPostProcessor::test_header_has_block_numbers
FAILED tests\test_postprocessor.py::TestHeidenhainPostProcessor::test_header_not_empty
FAILED tests\test_postprocessor.py::TestHeidenhainPostProcessor::test_tool_change_contains_tool_id
FAILED tests\test_postprocessor.py::TestHeidenhainPostProcessor::test_decimal_places_respected
FAILED tests\test_postprocessor.py::TestHeidenhainPostProcessor::test_header_contains_begin_pgm
FAILED tests\test_postprocessor.py::TestHeidenhainPostProcessor::test_header_contains_blk_form
FAILED tests\test_postprocessor.py::TestHeidenhainPostProcessor::test_tool_change_uses_tool_call
FAILED tests\test_postprocessor.py::TestSemanticEquivalence::test_all_produce_headers
FAILED tests\test_postprocessor.py::TestSemanticEquivalence::test_tool_change_tool_id_preserved
FAILED tests\test_postprocessor.py::TestBoundaryConditions::test_custom_decimal_places
FAILED tests\test_postprocessor.py::TestBoundaryConditions::test_zero_feed_rate
FAILED tests\test_postprocessor.py::TestBoundaryConditions::test_small_decimal_places
FAILED tests\test_postprocessor.py::TestConfigLoading::test_load_from_config_file
FAILED tests\test_postprocessor.py::TestConfigLoading::test_load_siemens_from_config
FAILED tests\test_postprocessor.py::TestConfigLoading::test_load_heidenhain_from_config
FAILED tests\test_postprocessor.py::TestConfigLoading::test_default_config_values
FAILED tests\test_postprocessor.py::TestConfigLoading::test_config_without_target_uses_default
FAILED tests\test_rbac_permissions.py::TestPydanticSchemas::test_role_response_creation
FAILED tests\test_rbac_permissions.py::TestPydanticSchemas::test_permission_response_creation
FAILED tests\test_rbac_permissions.py::TestPydanticSchemas::test_role_detail_response_with_permissions
FAILED tests\test_rbac_permissions.py::TestPydanticSchemas::test_role_detail_response_default_permissions
FAILED tests\test_rbac_permissions.py::TestPydanticSchemas::test_user_list_item
FAILED tests\test_rbac_permissions.py::TestPydanticSchemas::test_user_list_response
FAILED tests\test_response.py::TestErrorCode::test_code_to_numeric_unknown_returns_2001
FAILED tests\test_simulation.py::TestCollisionDetector::test_detect_boundary_exceed
FAILED tests\test_simulation.py::TestCollisionDetector::test_five_scenarios_all_detected
FAILED tests\test_simulation.py::TestSimulationReport::test_summary_text - As...
FAILED tests\test_step_import.py::TestStepImportAPI::test_output_file_not_found
FAILED tests\test_step_import_e2e.py::test_api_functional - Failed: async def...
FAILED tests\test_step_import_e2e.py::test_error_handling - Failed: async def...
FAILED tests\test_step_import_e2e.py::test_frontend_validation - Failed: asyn...
FAILED tests\unit\test_postprocessor.py::TestFanucPostProcessor::test_header_format
FAILED tests\unit\test_postprocessor.py::TestFanucPostProcessor::test_header_program_number_format
FAILED tests\unit\test_postprocessor.py::TestFanucPostProcessor::test_tool_change_format
FAILED tests\unit\test_postprocessor.py::TestFanucPostProcessor::test_tool_change_with_compensation
FAILED tests\unit\test_postprocessor.py::TestFanucPostProcessor::test_drill_cycle_with_dwell
FAILED tests\unit\test_postprocessor.py::TestFanucPostProcessor::test_drill_cycle_without_dwell
FAILED tests\unit\test_postprocessor.py::TestHeidenhainPostProcessor::test_header_format
FAILED tests\unit\test_postprocessor.py::TestHeidenhainPostProcessor::test_block_numbering
FAILED tests\unit\test_postprocessor.py::TestHeidenhainPostProcessor::test_tool_change
FAILED tests\unit\test_postprocessor.py::TestHeidenhainPostProcessor::test_arc_clockwise
FAILED tests\unit\test_postprocessor.py::TestHeidenhainPostProcessor::test_arc_counterclockwise
FAILED tests\unit\test_postprocessor.py::TestSiemensPostProcessor::test_header_format
FAILED tests\unit\test_postprocessor.py::TestSiemensPostProcessor::test_block_numbering_step_10
FAILED tests\unit\test_postprocessor.py::TestSiemensPostProcessor::test_arc_radius_format
FAILED tests\unit\test_postprocessor.py::TestSiemensPostProcessor::test_arc_counterclockwise
FAILED tests\unit\test_postprocessor.py::TestSiemensPostProcessor::test_coolant
FAILED tests\unit\test_postprocessor.py::TestSiemensPostProcessor::test_drill_cycle_with_dwell
FAILED tests\unit\test_postprocessor.py::TestSiemensPostProcessor::test_drill_cycle_without_dwell
FAILED tests\unit\test_postprocessor.py::TestPostProcessorRegistry::test_full_program_fanuc
FAILED tests\unit\test_postprocessor.py::TestPostProcessorRegistry::test_full_program_heidenhain
FAILED tests\unit\test_postprocessor.py::TestPostProcessorRegistry::test_full_program_siemens
FAILED tests\unit\test_unified_auth_helpers.py::TestGetTokenMetadata::test_missing_file_returns_default_T
ERROR tests\api\test_agent_gateway.py::TestAgentHealth::test_health_returns_healthy
ERROR tests\api\test_agent_gateway.py::TestAgentHealth::test_health_models_registered_is_non_negative
ERROR tests\api\test_agent_gateway.py::TestAgentModels::test_list_models_returns_success
ERROR tests\api\test_agent_gateway.py::TestAgentModels::test_list_models_total_matches
ERROR tests\api\test_agent_gateway.py::TestAgentModelInfo::test_nonexistent_model_returns_not_found
ERROR tests\api\test_agent_gateway.py::TestAgentPredict::test_predict_nonexistent_model_returns_not_found
ERROR tests\api\test_agent_gateway.py::TestAgentPredict::test_predict_empty_input_returns_error
ERROR tests\api\test_agent_gateway.py::TestAgentPredict::test_predict_non_numeric_input_returns_error
ERROR tests\api\test_agent_gateway.py::TestAgentPredict::test_predict_missing_field_returns_422
ERROR tests\api\test_agent_gateway.py::TestAgentTrain::test_train_missing_model_name_returns_422
ERROR tests\api\test_agent_gateway.py::TestAgentGetTrain::test_get_nonexistent_job_returns_not_found
ERROR tests\api\test_agent_gateway.py::TestAgentExecute::test_execute_missing_params_returns_422
ERROR tests\api\test_agent_gateway.py::TestAgentAudit::test_audit_log_returns_success
ERROR tests\api\test_agent_gateway.py::TestAgentTokens::test_list_tokens_returns_success
ERROR tests\api\test_agent_gateway.py::TestAgentTokens::test_create_token_missing_fields_returns_422
ERROR tests\api\test_agent_gateway.py::TestAgentTokens::test_delete_nonexistent_token_returns_error
ERROR tests\api\test_agent_gateway.py::TestAgentTokens::test_revoke_all_returns_success
ERROR tests\api\test_jobs.py::TestJobsList::test_list_jobs_returns_success
ERROR tests\api\test_jobs.py::TestJobsList::test_list_jobs_with_valid_task_type
ERROR tests\api\test_jobs.py::TestJobsList::test_list_jobs_with_invalid_task_type
ERROR tests\api\test_jobs.py::TestJobsList::test_list_jobs_with_valid_status
ERROR tests\api\test_jobs.py::TestJobsList::test_list_jobs_with_invalid_status
ERROR tests\api\test_jobs.py::TestJobsList::test_list_jobs_respects_limit
ERROR tests\api\test_jobs.py::TestJobsList::test_list_jobs_rejects_zero_limit
ERROR tests\api\test_jobs.py::TestJobsList::test_list_jobs_rejects_negative_offset
ERROR tests\api\test_jobs.py::TestGetJob::test_get_nonexistent_job_returns_not_found
ERROR tests\api\test_jobs.py::TestCancelJob::test_cancel_nonexistent_job_returns_error
ERROR tests\api\test_jobs.py::TestDeleteJob::test_delete_nonexistent_job_returns_error
ERROR tests\api\test_jobs.py::TestJobStats::test_get_stats_endpoint_exists
ERROR tests\api\test_jobs.py::TestJobSSEStreaming::test_stream_nonexistent_job_returns_not_found
ERROR tests\api\test_lnn.py::TestLNNPredict::test_predict_nonexistent_model_returns_not_found
ERROR tests\api\test_lnn.py::TestLNNPredict::test_predict_empty_input_returns_error
ERROR tests\api\test_lnn.py::TestLNNPredict::test_predict_non_numeric_input_returns_error
ERROR tests\api\test_lnn.py::TestLNNPredict::test_predict_missing_model_name_returns_422
ERROR tests\api\test_lnn.py::TestLNNPredict::test_predict_missing_input_data_returns_422
ERROR tests\api\test_lnn.py::TestLNNHealth::test_health_returns_success
ERROR tests\api\test_lnn.py::TestLNNModels::test_list_models_returns_success
ERROR tests\api\test_lnn.py::TestLNNModels::test_models_response_has_total
ERROR tests\api\test_lnn.py::TestLNNModelInfo::test_info_nonexistent_model_returns_not_found
ERROR tests\api\test_lnn.py::TestLNNCache::test_cache_stats_returns_success
ERROR tests\api\test_lnn.py::TestLNNCache::test_cache_clear_returns_success
ERROR tests\api\test_lnn.py::TestLNNTasks::test_get_tasks_returns_success
ERROR tests\api\test_lnn.py::TestLNNPerformance::test_performance_returns_success
ERROR tests\api\test_lnn.py::TestLNNDevice::test_device_info_returns_success
ERROR tests\api\test_lnn.py::TestLNNDevice::test_device_status_returns_success
ERROR tests\api\test_lnn.py::TestLNNDevice::test_device_clear_cache_endpoint_responds
ERROR tests\api\test_lnn.py::TestLNNValidate::test_validate_nonexistent_model_returns_error
ERROR tests\api\test_lnn.py::TestLNNBatchInference::test_batch_inference_missing_required_fields_returns_422
ERROR tests\api\test_lnn.py::TestLNNSecurityHeaders::test_lnn_endpoint_has_security_headers
ERROR tests\api\test_main_routes.py::TestHealthEndpoints::test_health_check_returns_healthy
ERROR tests\api\test_main_routes.py::TestHealthEndpoints::test_api_health_check_returns_ok
ERROR tests\api\test_main_routes.py::TestHealthEndpoints::test_ping_returns_true
ERROR tests\api\test_main_routes.py::TestHealthEndpoints::test_health_endpoint_has_security_headers
ERROR tests\api\test_main_routes.py::TestVersionEndpoint::test_version_returns_dict
ERROR tests\api\test_main_routes.py::TestVersionEndpoint::test_version_is_string
ERROR tests\api\test_main_routes.py::TestMetricsEndpoint::test_metrics_returns_text
ERROR tests\api\test_main_routes.py::TestMetricsEndpoint::test_metrics_content_is_non_empty
ERROR tests\api\test_main_routes.py::TestLogsEndpoints::test_logs_stats_returns_success
ERROR tests\api\test_main_routes.py::TestLogsEndpoints::test_logs_stats_has_data_key
ERROR tests\api\test_main_routes.py::TestLogsEndpoints::test_query_logs_valid_buffer_type[request]
ERROR tests\api\test_main_routes.py::TestLogsEndpoints::test_query_logs_valid_buffer_type[system_event]
ERROR tests\api\test_main_routes.py::TestLogsEndpoints::test_query_logs_invalid_buffer_type_returns_400
ERROR tests\api\test_main_routes.py::TestLogsEndpoints::test_query_logs_with_limit_and_offset
ERROR tests\api\test_main_routes.py::TestLogsEndpoints::test_query_logs_with_level_filter
ERROR tests\api\test_main_routes.py::TestAPIDocumentation::test_openapi_json_returns_valid_schema
ERROR tests\api\test_main_routes.py::TestAPIDocumentation::test_docs_page_accessible
ERROR tests\api\test_main_routes.py::TestAPIDocumentation::test_redoc_page_accessible
ERROR tests\api\test_ollama.py::TestOllamaStatus::test_status_endpoint_responds
ERROR tests\api\test_ollama.py::TestOllamaModels::test_models_endpoint_responds
ERROR tests\api\test_rag.py::TestRAGQuery::test_query_missing_required_param_returns_422
ERROR tests\api\test_rag.py::TestRAGStats::test_stats_endpoint_responds
ERROR tests\api\test_rag.py::TestRAGAdd::test_add_empty_document_returns_400
ERROR tests\api\test_rag.py::TestRAGAdd::test_add_missing_document
ERROR tests\api\test_rag.py::TestRAGDelete::test_delete_nonexistent_doc_returns_404
ERROR tests\api\test_rag.py::TestRAGList::test_list_endpoint_responds
ERROR tests\api\test_user_sovereignty.py::TestUserSovereigntyPredict::test_predict_nonexistent_model_returns_not_found
ERROR tests\api\test_user_sovereignty.py::TestUserSovereigntyPredict::test_predict_empty_input_returns_error
ERROR tests\api\test_user_sovereignty.py::TestUserSovereigntyPredict::test_predict_missing_fields_returns_422
ERROR tests\api\test_user_sovereignty.py::TestAuditLogRecord::test_record_with_valid_params
ERROR tests\api\test_user_sovereignty.py::TestAuditLogRecord::test_record_with_invalid_module_returns_error
ERROR tests\api\test_user_sovereignty.py::TestAuditLogRecord::test_record_with_invalid_decision_returns_error
ERROR tests\api\test_user_sovereignty.py::TestAuditLogRecord::test_record_with_invalid_status_returns_error
ERROR tests\api\test_user_sovereignty.py::TestAuditLogQuery::test_query_with_default_params_returns_success
ERROR tests\api\test_user_sovereignty.py::TestAuditLogQuery::test_query_with_limit
ERROR tests\api\test_user_sovereignty.py::TestAuditLogSearch::test_search_with_keyword_returns_success
ERROR tests\api\test_user_sovereignty.py::TestAuditLogExport::test_export_json_format
ERROR tests\api\test_user_sovereignty.py::TestAuditLogExport::test_export_csv_format
ERROR tests\api\test_user_sovereignty.py::TestAuditLogStatistics::test_statistics_returns_success
ERROR tests\api\test_user_sovereignty.py::TestAuditLogClear::test_clear_returns_success
ERROR tests\api\test_user_sovereignty.py::TestUserSovereigntySettings::test_get_settings_returns_success
ERROR tests\api\test_wear_prediction.py::TestWearPredict::test_predict_with_valid_params_responds
ERROR tests\api\test_wear_prediction.py::TestWearPredict::test_predict_with_invalid_type_params_returns_422[cutting_speed-invalid]
ERROR tests\api\test_wear_prediction.py::TestWearPredict::test_predict_with_invalid_type_params_returns_422[feed_rate-not-a-number]
ERROR tests\api\test_wear_prediction.py::TestWearPredict::test_predict_with_empty_body_responds
ERROR tests\api\test_wear_prediction.py::TestWearPredict::test_predict_with_different_materials
ERROR tests\api\test_wear_prediction.py::TestRemainingLife::test_remaining_life_valid_request
ERROR tests\api\test_wear_prediction.py::TestRemainingLife::test_remaining_life_high_wear
ERROR tests\api\test_wear_prediction.py::TestSuggest::test_suggest_valid_request
ERROR tests\api\test_wear_prediction.py::TestWearModels::test_list_models_returns_success
ERROR tests\api\test_wear_prediction.py::TestWearThreshold::test_threshold_with_valid_params
ERROR tests\api\test_wear_prediction.py::TestWearCalibrate::test_calibrate_with_valid_params
ERROR tests\ijepa_3d\test_3d_reconstruction_accuracy.py::Test3DReconstructionAccuracy::test_bbox_reconstruction_basic
ERROR tests\ijepa_3d\test_3d_reconstruction_accuracy.py::Test3DReconstructionAccuracy::test_bbox_per_part_type
ERROR tests\ijepa_3d\test_3d_reconstruction_accuracy.py::Test3DReconstructionAccuracy::test_output_shape_validation
ERROR tests\ijepa_3d\test_3d_reconstruction_accuracy.py::Test3DReconstructionAccuracy::test_inference_consistency
ERROR tests\ijepa_3d\test_3d_reconstruction_accuracy.py::Test3DReconstructionAccuracy::test_model_parameter_count
ERROR tests\ijepa_3d\test_3d_reconstruction_accuracy.py::Test3DReconstructionAccuracy::test_bbox_size_positivity
ERROR tests\ijepa_3d\test_feature_point_detection.py::TestFeaturePointDetection::test_keypoint_output_shape
ERROR tests\ijepa_3d\test_feature_point_detection.py::TestFeaturePointDetection::test_keypoint_detection_basic
ERROR tests\ijepa_3d\test_feature_point_detection.py::TestFeaturePointDetection::test_per_keypoint_accuracy
ERROR tests\ijepa_3d\test_feature_point_detection.py::TestFeaturePointDetection::test_keypoint_consistency
ERROR tests\ijepa_3d\test_feature_point_detection.py::TestFeaturePointDetection::test_keypoint_within_bbox
ERROR tests\ijepa_3d\test_feature_point_detection.py::TestFeaturePointDetection::test_topology_relations
ERROR tests\ijepa_3d\test_few_shot_learning.py::TestFewShotLearning::test_few_shot_finetune_10
ERROR tests\ijepa_3d\test_few_shot_learning.py::TestFewShotLearning::test_few_shot_finetune_25
ERROR tests\ijepa_3d\test_few_shot_learning.py::TestFewShotLearning::test_few_shot_finetune_50
ERROR tests\ijepa_3d\test_few_shot_learning.py::TestFewShotLearning::test_few_shot_comparison
ERROR tests\ijepa_3d\test_few_shot_learning.py::TestFewShotLearning::test_full_data_baseline
ERROR tests\ijepa_3d\test_few_shot_learning.py::TestFewShotLearning::test_cross_class_generalization
ERROR tests\ijepa_3d\test_occlusion_robustness.py::TestOcclusionRobustness::test_robustness_basic
ERROR tests\ijepa_3d\test_occlusion_robustness.py::TestOcclusionRobustness::test_varying_occlusion_levels
ERROR tests\ijepa_3d\test_occlusion_robustness.py::TestOcclusionRobustness::test_keypoint_under_occlusion
ERROR tests\test_attention_visualization.py::TestAttentionVisualization::test_cog2per_attention_exists
ERROR tests\test_attention_visualization.py::TestAttentionVisualization::test_per2exec_attention_exists
ERROR tests\test_attention_visualization.py::TestAttentionVisualization::test_exec2cog_attention_exists
ERROR tests\test_attention_visualization.py::TestAttentionVisualization::test_attention_concentration_above_threshold
ERROR tests\test_attention_visualization.py::TestAttentionVisualization::test_per2exec_temporal_attention_decay
ERROR tests\test_attention_visualization.py::TestAttentionVisualization::test_three_scenarios_all_pass
ERROR tests\test_attention_visualization.py::TestAttentionVisualization::test_attention_heatmap_save
ERROR tests\test_attention_visualization.py::TestAttentionVisualization::test_total_system_params_under_5m
ERROR tests\test_attention_visualization.py::TestAttentionVisualization::test_forward_pass_timing
ERROR tests\test_counterfactual_reasoning.py::TestCounterfactualReasoning::test_higher_spindle_speed_increases_temperature_risk
ERROR tests\test_counterfactual_reasoning.py::TestCounterfactualReasoning::test_deeper_cut_increases_risk
ERROR tests\test_counterfactual_reasoning.py::TestCounterfactualReasoning::test_coolant_reduces_risk
ERROR tests\test_counterfactual_reasoning.py::TestCounterfactualReasoning::test_finish_milling_better_quality_than_rough
ERROR tests\test_counterfactual_reasoning.py::TestCounterfactualReasoning::test_higher_feed_rate_increases_efficiency
ERROR tests\test_counterfactual_reasoning.py::TestCounterfactualReasoning::test_different_operations_produce_different_outcomes
ERROR tests\test_counterfactual_reasoning.py::TestCounterfactualReasoning::test_counterfactual_consistency_check
ERROR tests\test_fusion_ablation.py::TestFusionAblation::test_full_model_better_than_ablation_cp
ERROR tests\test_fusion_ablation.py::TestFusionAblation::test_full_model_better_than_ablation_pe
ERROR tests\test_fusion_ablation.py::TestFusionAblation::test_full_model_better_than_ablation_ec
ERROR tests\test_fusion_ablation.py::TestFusionAblation::test_all_ablations_cause_degradation
ERROR tests\test_fusion_ablation.py::TestFusionAblation::test_ablation_ec_sensitive_to_anomaly
ERROR tests\test_fusion_ablation.py::TestFusionAblation::test_feature_diversity_comparison
ERROR tests\test_fusion_ablation.py::TestFusionAblation::test_full_model_parameter_count
ERROR tests\test_fusion_ablation.py::TestFusionAblation::test_ablation_models_parameter_count
ERROR tests\test_fusion_quality.py::TestFusionQuality::test_regression_improvement
ERROR tests\test_fusion_quality.py::TestFusionQuality::test_classification_improvement
ERROR tests\test_fusion_quality.py::TestFusionQuality::test_statistical_significance
ERROR tests\test_fusion_quality.py::TestFusionQuality::test_perception_reweight_validity
ERROR tests\test_fusion_quality.py::TestFusionQuality::test_exec_state_range
ERROR tests\test_fusion_quality.py::TestFusionQuality::test_cognitive_adjustment_bounded
ERROR tests\test_fusion_quality.py::TestFusionQuality::test_critical_anomaly_larger_adjustment
ERROR tests\test_model_cache.py::TestModelCacheSingleton::test_singleton_instance
ERROR tests\test_model_cache.py::TestModelCacheSingleton::test_singleton_with_different_params
ERROR tests\test_model_cache.py::TestModelCacheSingleton::test_singleton_invalid_max_size
ERROR tests\test_model_cache.py::TestModelCacheSingleton::test_singleton_negative_max_size
ERROR tests\test_model_cache.py::TestModelCacheBasicOperations::test_put_and_get
ERROR tests\test_model_cache.py::TestModelCacheBasicOperations::test_get_nonexistent
ERROR tests\test_model_cache.py::TestModelCacheBasicOperations::test_remove_existing
ERROR tests\test_model_cache.py::TestModelCacheBasicOperations::test_remove_nonexistent
ERROR tests\test_model_cache.py::TestModelCacheBasicOperations::test_contains
ERROR tests\test_model_cache.py::TestModelCacheBasicOperations::test_size - A...
ERROR tests\test_model_cache.py::TestModelCacheBasicOperations::test_clear - ...
ERROR tests\test_model_cache.py::TestModelCacheLRU::test_lru_eviction - Attri...
ERROR tests\test_model_cache.py::TestModelCacheLRU::test_lru_access_updates_order
ERROR tests\test_model_cache.py::TestModelCacheLRU::test_lru_multiple_evictions
ERROR tests\test_model_cache.py::TestModelCacheStatistics::test_initial_stats
ERROR tests\test_model_cache.py::TestModelCacheStatistics::test_hit_and_miss_stats
ERROR tests\test_model_cache.py::TestModelCacheStatistics::test_cached_models_list
ERROR tests\test_model_cache.py::TestModelCacheStatistics::test_model_details
ERROR tests\test_model_cache.py::TestModelCacheStatistics::test_max_size_in_stats
ERROR tests\test_model_cache.py::TestModelCacheThreadSafety::test_concurrent_puts
ERROR tests\test_model_cache.py::TestModelCacheThreadSafety::test_concurrent_gets
ERROR tests\test_model_cache.py::TestModelCacheThreadSafety::test_concurrent_mixed_operations
ERROR tests\test_model_cache.py::TestModelCacheMemoryManagement::test_memory_tracking
ERROR tests\test_model_cache.py::TestModelCacheMemoryManagement::test_memory_after_eviction
ERROR tests\test_model_cache.py::TestModelCacheMemoryManagement::test_memory_after_clear
ERROR tests\test_model_cache.py::TestModelCacheEdgeCases::test_cache_size_one
ERROR tests\test_model_cache.py::TestModelCacheEdgeCases::test_update_existing_model
ERROR tests\test_model_cache.py::TestModelCacheEdgeCases::test_is_full - Attr...
ERROR tests\test_model_cache.py::TestModelCacheEdgeCases::test_stats_after_clear
ERROR tests\test_multi_step_planning.py::TestMultiStepPlanning::test_planning_completes
ERROR tests\test_multi_step_planning.py::TestMultiStepPlanning::test_action_sequence_validity
ERROR tests\test_multi_step_planning.py::TestMultiStepPlanning::test_expert_rule_rough_before_finish
ERROR tests\test_multi_step_planning.py::TestMultiStepPlanning::test_expert_rule_no_rough_after_finish
ERROR tests\test_multi_step_planning.py::TestMultiStepPlanning::test_expert_rule_drill_sequence
ERROR tests\test_multi_step_planning.py::TestMultiStepPlanning::test_planning_convergence
ERROR tests\test_multi_step_planning.py::TestMultiStepPlanning::test_reward_consistency
ERROR tests\test_multi_step_planning.py::TestMultiStepPlanning::test_risk_report_generation
ERROR tests\test_multi_step_planning.py::TestMultiStepPlanning::test_planning_time_measurement
ERROR tests\test_multi_step_planning.py::TestMultiStepPlanning::test_multiple_plans_consistency
ERROR tests\test_multi_step_planning.py::TestMultiStepPlanning::test_expert_rule_overall_consistency
ERROR tests\test_planning_efficiency.py::TestPlanningEfficiency::test_full_planning_under_5_seconds
ERROR tests\test_planning_efficiency.py::TestPlanningEfficiency::test_single_step_prediction_speed
ERROR tests\test_planning_efficiency.py::TestPlanningEfficiency::test_trajectory_prediction_speed
ERROR tests\test_planning_efficiency.py::TestPlanningEfficiency::test_planning_scales_reasonably
ERROR tests\test_planning_efficiency.py::TestPlanningEfficiency::test_multiple_plans_average_time
ERROR tests\test_planning_efficiency.py::TestPlanningEfficiency::test_counterfactual_comparison_speed
ERROR tests\test_planning_robustness.py::TestPlanningRobustness::test_planning_stability_under_noise
ERROR tests\test_planning_robustness.py::TestPlanningRobustness::test_reward_stability_under_noise
ERROR tests\test_planning_robustness.py::TestPlanningRobustness::test_multiple_noise_levels_stability
ERROR tests\test_planning_robustness.py::TestPlanningRobustness::test_single_step_prediction_stability
ERROR tests\test_planning_robustness.py::TestPlanningRobustness::test_risk_report_stability
ERROR tests\test_planning_robustness.py::TestPlanningRobustness::test_confidence_stability
ERROR tests\test_planning_robustness.py::TestPlanningRobustness::test_geometry_noise_robustness
ERROR tests\test_step_import_e2e.py::test_downstream_compatibility
ERROR tests\test_world_model_single_step.py::TestSingleStepPrediction::test_predictor_output_shape
ERROR tests\test_world_model_single_step.py::TestSingleStepPrediction::test_cosine_similarity_threshold
ERROR tests\test_world_model_single_step.py::TestSingleStepPrediction::test_multiple_operation_types
ERROR tests\test_world_model_single_step.py::TestSingleStepPrediction::test_confidence_output
ERROR tests\test_world_model_single_step.py::TestSingleStepPrediction::test_reward_estimates_range
ERROR tests\test_world_model_single_step.py::TestSingleStepPrediction::test_prediction_consistency
= 169 failed, 2547 passed, 20 skipped, 269 warnings, 213 errors in 1244.09s (0:20:44) =
